
*** Running vivado
    with args -log seeg_zynq_wrapper.vdi -applog -m64 -product Vivado -messageDb vivado.pb -mode batch -source seeg_zynq_wrapper.tcl -notrace


****** Vivado v2023.1 (64-bit)
  **** SW Build 3865809 on Sun May  7 15:04:56 MDT 2023
  **** IP Build 3864474 on Sun May  7 20:36:21 MDT 2023
  **** SharedData Build 3865790 on Sun May 07 13:33:03 MDT 2023
    ** Copyright 1986-2022 Xilinx, Inc. All Rights Reserved.
    ** Copyright 2022-2023 Advanced Micro Devices, Inc. All Rights Reserved.

source seeg_zynq_wrapper.tcl -notrace
INFO: [IP_Flow 19-234] Refreshing IP repositories
INFO: [IP_Flow 19-1704] No user IP repositories specified
INFO: [IP_Flow 19-2313] Loaded Vivado IP repository '/home/ug3/Xilinx/Vivado/2023.1/data/ip'.
Command: link_design -top seeg_zynq_wrapper -part xck26-sfvc784-2LV-c
Design is defaulting to srcset: sources_1
Design is defaulting to constrset: constrs_1
INFO: [Device 21-403] Loading part xck26-sfvc784-2LV-c
INFO: [Project 1-454] Reading design checkpoint '/home/ug3/Repos/ug3-seeg/ug3-seeg.gen/sources_1/bd/seeg_zynq/ip/seeg_zynq_axi_dma_0_1/seeg_zynq_axi_dma_0_1.dcp' for cell 'seeg_zynq_i/axi_dma_0'
INFO: [Project 1-454] Reading design checkpoint '/home/ug3/Repos/ug3-seeg/ug3-seeg.gen/sources_1/bd/seeg_zynq/ip/seeg_zynq_clk_wiz_0_0/seeg_zynq_clk_wiz_0_0.dcp' for cell 'seeg_zynq_i/clk_wiz_0'
INFO: [Project 1-454] Reading design checkpoint '/home/ug3/Repos/ug3-seeg/ug3-seeg.gen/sources_1/bd/seeg_zynq/ip/seeg_zynq_proc_sys_reset_0_0/seeg_zynq_proc_sys_reset_0_0.dcp' for cell 'seeg_zynq_i/proc_sys_reset_78M'
INFO: [Project 1-454] Reading design checkpoint '/home/ug3/Repos/ug3-seeg/ug3-seeg.gen/sources_1/bd/seeg_zynq/ip/seeg_zynq_seeg_top_0_0/seeg_zynq_seeg_top_0_0.dcp' for cell 'seeg_zynq_i/seeg_top_0'
INFO: [Project 1-454] Reading design checkpoint '/home/ug3/Repos/ug3-seeg/ug3-seeg.gen/sources_1/bd/seeg_zynq/ip/seeg_zynq_smartconnect_0_0/seeg_zynq_smartconnect_0_0.dcp' for cell 'seeg_zynq_i/smartconnect_0'
INFO: [Project 1-454] Reading design checkpoint '/home/ug3/Repos/ug3-seeg/ug3-seeg.gen/sources_1/bd/seeg_zynq/ip/seeg_zynq_smartconnect_1_0/seeg_zynq_smartconnect_1_0.dcp' for cell 'seeg_zynq_i/smartconnect_1'
INFO: [Project 1-454] Reading design checkpoint '/home/ug3/Repos/ug3-seeg/ug3-seeg.gen/sources_1/bd/seeg_zynq/ip/seeg_zynq_system_ila_0_0/seeg_zynq_system_ila_0_0.dcp' for cell 'seeg_zynq_i/system_ila_0'
INFO: [Project 1-454] Reading design checkpoint '/home/ug3/Repos/ug3-seeg/ug3-seeg.gen/sources_1/bd/seeg_zynq/ip/seeg_zynq_util_ds_buf_0_0/seeg_zynq_util_ds_buf_0_0.dcp' for cell 'seeg_zynq_i/util_ds_buf_0'
INFO: [Project 1-454] Reading design checkpoint '/home/ug3/Repos/ug3-seeg/ug3-seeg.gen/sources_1/bd/seeg_zynq/ip/seeg_zynq_zynq_ultra_ps_e_0_0/seeg_zynq_zynq_ultra_ps_e_0_0.dcp' for cell 'seeg_zynq_i/zynq_ultra_ps_e_0'
INFO: [Project 1-454] Reading design checkpoint '/home/ug3/Repos/ug3-seeg/ug3-seeg.gen/sources_1/ip/axis_data_fifo_seeg/axis_data_fifo_seeg.dcp' for cell 'seeg_zynq_i/seeg_top_0/inst/axis_data_fifo_seeg_0'
INFO: [Project 1-454] Reading design checkpoint '/home/ug3/Repos/ug3-seeg/ug3-seeg.gen/sources_1/ip/fifo_16_to_64/fifo_16_to_64.dcp' for cell 'seeg_zynq_i/seeg_top_0/inst/seeg/rhd_2048/fifo_inst_0'
INFO: [Project 1-454] Reading design checkpoint '/home/ug3/Repos/ug3-seeg/ug3-seeg.gen/sources_1/ip/fifo_16_to_64/fifo_16_to_64.dcp' for cell 'seeg_zynq_i/seeg_top_0/inst/seeg/rhs_256/fifo_inst_0'
Netlist sorting complete. Time (s): cpu = 00:00:00.29 ; elapsed = 00:00:00.29 . Memory (MB): peak = 2449.430 ; gain = 0.000 ; free physical = 22633 ; free virtual = 27455
INFO: [Netlist 29-17] Analyzing 2533 Unisim elements for replacement
INFO: [Netlist 29-28] Unisim Transformation completed in 0 CPU seconds
WARNING: [Netlist 29-1115] Found multi-term driver net: seeg_zynq_i/util_ds_buf_0/U0/<const0>.
INFO: [Project 1-479] Netlist was created with Vivado 2023.1
INFO: [Project 1-570] Preparing netlist for logic optimization
WARNING: [Opt 31-32] Removing redundant IBUF since it is not being driven by a top-level port. seeg_zynq_i/clk_wiz_0/inst/clkin1_ibuf 
Resolution: The tool has removed redundant IBUF. To resolve this warning, check for redundant IBUF in the input design.
WARNING: [Constraints 18-550] Could not create 'IBUF_LOW_PWR' constraint because net 'seeg_zynq_i/clk_wiz_0/clk_in1' is not directly connected to top level port. Synthesis is ignored for IBUF_LOW_PWR but preserved for implementation.
WARNING: [Constraints 18-550] Could not create 'IBUF_LOW_PWR' constraint because net 'seeg_zynq_i/seeg_top_0/RHD_MISO1_I_DEBUG' is not directly connected to top level port. Synthesis is ignored for IBUF_LOW_PWR but preserved for implementation.
WARNING: [Constraints 18-550] Could not create 'IBUF_LOW_PWR' constraint because net 'seeg_zynq_i/seeg_top_0/RHD_MISO1_J_DEBUG' is not directly connected to top level port. Synthesis is ignored for IBUF_LOW_PWR but preserved for implementation.
WARNING: [Constraints 18-550] Could not create 'IBUF_LOW_PWR' constraint because net 'seeg_zynq_i/seeg_top_0/RHD_MISO1_K_DEBUG' is not directly connected to top level port. Synthesis is ignored for IBUF_LOW_PWR but preserved for implementation.
WARNING: [Constraints 18-550] Could not create 'IBUF_LOW_PWR' constraint because net 'seeg_zynq_i/seeg_top_0/RHD_MISO1_L_DEBUG' is not directly connected to top level port. Synthesis is ignored for IBUF_LOW_PWR but preserved for implementation.
WARNING: [Constraints 18-550] Could not create 'IBUF_LOW_PWR' constraint because net 'seeg_zynq_i/seeg_top_0/RHD_MISO1_M_DEBUG' is not directly connected to top level port. Synthesis is ignored for IBUF_LOW_PWR but preserved for implementation.
WARNING: [Constraints 18-550] Could not create 'IBUF_LOW_PWR' constraint because net 'seeg_zynq_i/seeg_top_0/RHD_MISO1_N_DEBUG' is not directly connected to top level port. Synthesis is ignored for IBUF_LOW_PWR but preserved for implementation.
WARNING: [Constraints 18-550] Could not create 'IBUF_LOW_PWR' constraint because net 'seeg_zynq_i/seeg_top_0/RHD_MISO1_O_DEBUG' is not directly connected to top level port. Synthesis is ignored for IBUF_LOW_PWR but preserved for implementation.
WARNING: [Constraints 18-550] Could not create 'IBUF_LOW_PWR' constraint because net 'seeg_zynq_i/seeg_top_0/RHD_MISO1_P_DEBUG' is not directly connected to top level port. Synthesis is ignored for IBUF_LOW_PWR but preserved for implementation.
WARNING: [Constraints 18-550] Could not create 'IBUF_LOW_PWR' constraint because net 'seeg_zynq_i/seeg_top_0/RHD_MISO2_I_DEBUG' is not directly connected to top level port. Synthesis is ignored for IBUF_LOW_PWR but preserved for implementation.
WARNING: [Constraints 18-550] Could not create 'IBUF_LOW_PWR' constraint because net 'seeg_zynq_i/seeg_top_0/RHD_MISO2_J_DEBUG' is not directly connected to top level port. Synthesis is ignored for IBUF_LOW_PWR but preserved for implementation.
WARNING: [Constraints 18-550] Could not create 'IBUF_LOW_PWR' constraint because net 'seeg_zynq_i/seeg_top_0/RHD_MISO2_K_DEBUG' is not directly connected to top level port. Synthesis is ignored for IBUF_LOW_PWR but preserved for implementation.
WARNING: [Constraints 18-550] Could not create 'IBUF_LOW_PWR' constraint because net 'seeg_zynq_i/seeg_top_0/RHD_MISO2_L_DEBUG' is not directly connected to top level port. Synthesis is ignored for IBUF_LOW_PWR but preserved for implementation.
WARNING: [Constraints 18-550] Could not create 'IBUF_LOW_PWR' constraint because net 'seeg_zynq_i/seeg_top_0/RHD_MISO2_M_DEBUG' is not directly connected to top level port. Synthesis is ignored for IBUF_LOW_PWR but preserved for implementation.
WARNING: [Constraints 18-550] Could not create 'IBUF_LOW_PWR' constraint because net 'seeg_zynq_i/seeg_top_0/RHD_MISO2_N_DEBUG' is not directly connected to top level port. Synthesis is ignored for IBUF_LOW_PWR but preserved for implementation.
WARNING: [Constraints 18-550] Could not create 'IBUF_LOW_PWR' constraint because net 'seeg_zynq_i/seeg_top_0/RHD_MISO2_O_DEBUG' is not directly connected to top level port. Synthesis is ignored for IBUF_LOW_PWR but preserved for implementation.
WARNING: [Constraints 18-550] Could not create 'IBUF_LOW_PWR' constraint because net 'seeg_zynq_i/seeg_top_0/RHD_MISO2_P_DEBUG' is not directly connected to top level port. Synthesis is ignored for IBUF_LOW_PWR but preserved for implementation.
WARNING: [Constraints 18-550] Could not create 'IBUF_LOW_PWR' constraint because net 'seeg_zynq_i/seeg_top_0/RHS_MISO_I_DEBUG' is not directly connected to top level port. Synthesis is ignored for IBUF_LOW_PWR but preserved for implementation.
WARNING: [Constraints 18-550] Could not create 'IBUF_LOW_PWR' constraint because net 'seeg_zynq_i/seeg_top_0/RHS_MISO_J_DEBUG' is not directly connected to top level port. Synthesis is ignored for IBUF_LOW_PWR but preserved for implementation.
WARNING: [Constraints 18-550] Could not create 'IBUF_LOW_PWR' constraint because net 'seeg_zynq_i/seeg_top_0/RHS_MISO_K_DEBUG' is not directly connected to top level port. Synthesis is ignored for IBUF_LOW_PWR but preserved for implementation.
WARNING: [Constraints 18-550] Could not create 'IBUF_LOW_PWR' constraint because net 'seeg_zynq_i/seeg_top_0/RHS_MISO_L_DEBUG' is not directly connected to top level port. Synthesis is ignored for IBUF_LOW_PWR but preserved for implementation.
WARNING: [Constraints 18-550] Could not create 'IBUF_LOW_PWR' constraint because net 'seeg_zynq_i/seeg_top_0/RHS_MISO_M_DEBUG' is not directly connected to top level port. Synthesis is ignored for IBUF_LOW_PWR but preserved for implementation.
WARNING: [Constraints 18-550] Could not create 'IBUF_LOW_PWR' constraint because net 'seeg_zynq_i/seeg_top_0/RHS_MISO_N_DEBUG' is not directly connected to top level port. Synthesis is ignored for IBUF_LOW_PWR but preserved for implementation.
WARNING: [Constraints 18-550] Could not create 'IBUF_LOW_PWR' constraint because net 'seeg_zynq_i/seeg_top_0/RHS_MISO_O_DEBUG' is not directly connected to top level port. Synthesis is ignored for IBUF_LOW_PWR but preserved for implementation.
WARNING: [Constraints 18-550] Could not create 'IBUF_LOW_PWR' constraint because net 'seeg_zynq_i/seeg_top_0/RHS_MISO_P_DEBUG' is not directly connected to top level port. Synthesis is ignored for IBUF_LOW_PWR but preserved for implementation.
WARNING: [Constraints 18-550] Could not create 'SLEW' constraint because net 'seeg_zynq_i/seeg_top_0/RHS_MOSI_I_DEBUG' is not directly connected to top level port. Synthesis is ignored for SLEW but preserved for implementation.
WARNING: [Constraints 18-550] Could not create 'SLEW' constraint because net 'seeg_zynq_i/seeg_top_0/RHS_MOSI_J_DEBUG' is not directly connected to top level port. Synthesis is ignored for SLEW but preserved for implementation.
WARNING: [Constraints 18-550] Could not create 'SLEW' constraint because net 'seeg_zynq_i/seeg_top_0/RHS_MOSI_K_DEBUG' is not directly connected to top level port. Synthesis is ignored for SLEW but preserved for implementation.
WARNING: [Constraints 18-550] Could not create 'SLEW' constraint because net 'seeg_zynq_i/seeg_top_0/RHS_MOSI_L_DEBUG' is not directly connected to top level port. Synthesis is ignored for SLEW but preserved for implementation.
WARNING: [Constraints 18-550] Could not create 'SLEW' constraint because net 'seeg_zynq_i/seeg_top_0/RHS_MOSI_M_DEBUG' is not directly connected to top level port. Synthesis is ignored for SLEW but preserved for implementation.
WARNING: [Constraints 18-550] Could not create 'SLEW' constraint because net 'seeg_zynq_i/seeg_top_0/RHS_MOSI_N_DEBUG' is not directly connected to top level port. Synthesis is ignored for SLEW but preserved for implementation.
WARNING: [Constraints 18-550] Could not create 'SLEW' constraint because net 'seeg_zynq_i/seeg_top_0/RHS_MOSI_O_DEBUG' is not directly connected to top level port. Synthesis is ignored for SLEW but preserved for implementation.
WARNING: [Constraints 18-550] Could not create 'SLEW' constraint because net 'seeg_zynq_i/seeg_top_0/RHS_MOSI_P_DEBUG' is not directly connected to top level port. Synthesis is ignored for SLEW but preserved for implementation.
WARNING: [Constraints 18-550] Could not create 'SLEW' constraint because net 'seeg_zynq_i/util_ds_buf_0/OBUF_IN[0]' is not directly connected to top level port. Synthesis is ignored for SLEW but preserved for implementation.
INFO: [Chipscope 16-324] Core: seeg_zynq_i/system_ila_0/inst/ila_lib UUID: 23e37eb6-6a14-52ac-8d37-c7eb2fc376ec 
Parsing XDC File [/home/ug3/Repos/ug3-seeg/ug3-seeg.gen/sources_1/bd/seeg_zynq/ip/seeg_zynq_clk_wiz_0_0/seeg_zynq_clk_wiz_0_0_board.xdc] for cell 'seeg_zynq_i/clk_wiz_0/inst'
Finished Parsing XDC File [/home/ug3/Repos/ug3-seeg/ug3-seeg.gen/sources_1/bd/seeg_zynq/ip/seeg_zynq_clk_wiz_0_0/seeg_zynq_clk_wiz_0_0_board.xdc] for cell 'seeg_zynq_i/clk_wiz_0/inst'
Parsing XDC File [/home/ug3/Repos/ug3-seeg/ug3-seeg.gen/sources_1/bd/seeg_zynq/ip/seeg_zynq_clk_wiz_0_0/seeg_zynq_clk_wiz_0_0.xdc] for cell 'seeg_zynq_i/clk_wiz_0/inst'
INFO: [Timing 38-35] Done setting XDC timing constraints. [/home/ug3/Repos/ug3-seeg/ug3-seeg.gen/sources_1/bd/seeg_zynq/ip/seeg_zynq_clk_wiz_0_0/seeg_zynq_clk_wiz_0_0.xdc:57]
INFO: [Timing 38-2] Deriving generated clocks [/home/ug3/Repos/ug3-seeg/ug3-seeg.gen/sources_1/bd/seeg_zynq/ip/seeg_zynq_clk_wiz_0_0/seeg_zynq_clk_wiz_0_0.xdc:57]
Finished Parsing XDC File [/home/ug3/Repos/ug3-seeg/ug3-seeg.gen/sources_1/bd/seeg_zynq/ip/seeg_zynq_clk_wiz_0_0/seeg_zynq_clk_wiz_0_0.xdc] for cell 'seeg_zynq_i/clk_wiz_0/inst'
Parsing XDC File [/home/ug3/Repos/ug3-seeg/ug3-seeg.gen/sources_1/bd/seeg_zynq/ip/seeg_zynq_proc_sys_reset_0_0/seeg_zynq_proc_sys_reset_0_0_board.xdc] for cell 'seeg_zynq_i/proc_sys_reset_78M/U0'
Finished Parsing XDC File [/home/ug3/Repos/ug3-seeg/ug3-seeg.gen/sources_1/bd/seeg_zynq/ip/seeg_zynq_proc_sys_reset_0_0/seeg_zynq_proc_sys_reset_0_0_board.xdc] for cell 'seeg_zynq_i/proc_sys_reset_78M/U0'
Parsing XDC File [/home/ug3/Repos/ug3-seeg/ug3-seeg.gen/sources_1/bd/seeg_zynq/ip/seeg_zynq_proc_sys_reset_0_0/seeg_zynq_proc_sys_reset_0_0.xdc] for cell 'seeg_zynq_i/proc_sys_reset_78M/U0'
Finished Parsing XDC File [/home/ug3/Repos/ug3-seeg/ug3-seeg.gen/sources_1/bd/seeg_zynq/ip/seeg_zynq_proc_sys_reset_0_0/seeg_zynq_proc_sys_reset_0_0.xdc] for cell 'seeg_zynq_i/proc_sys_reset_78M/U0'
Parsing XDC File [/home/ug3/Repos/ug3-seeg/ug3-seeg.gen/sources_1/bd/seeg_zynq/ip/seeg_zynq_zynq_ultra_ps_e_0_0/seeg_zynq_zynq_ultra_ps_e_0_0.xdc] for cell 'seeg_zynq_i/zynq_ultra_ps_e_0/inst'
Finished Parsing XDC File [/home/ug3/Repos/ug3-seeg/ug3-seeg.gen/sources_1/bd/seeg_zynq/ip/seeg_zynq_zynq_ultra_ps_e_0_0/seeg_zynq_zynq_ultra_ps_e_0_0.xdc] for cell 'seeg_zynq_i/zynq_ultra_ps_e_0/inst'
Parsing XDC File [/home/ug3/Repos/ug3-seeg/ug3-seeg.gen/sources_1/bd/seeg_zynq/ip/seeg_zynq_axi_dma_0_1/seeg_zynq_axi_dma_0_1.xdc] for cell 'seeg_zynq_i/axi_dma_0/U0'
WARNING: [Vivado_Tcl 4-919] Waiver ID 'CDC-1' -from list should not be empty. [/home/ug3/Repos/ug3-seeg/ug3-seeg.gen/sources_1/bd/seeg_zynq/ip/seeg_zynq_axi_dma_0_1/seeg_zynq_axi_dma_0_1.xdc:61]
Finished Parsing XDC File [/home/ug3/Repos/ug3-seeg/ug3-seeg.gen/sources_1/bd/seeg_zynq/ip/seeg_zynq_axi_dma_0_1/seeg_zynq_axi_dma_0_1.xdc] for cell 'seeg_zynq_i/axi_dma_0/U0'
Parsing XDC File [/home/ug3/Repos/ug3-seeg/ug3-seeg.gen/sources_1/bd/seeg_zynq/ip/seeg_zynq_smartconnect_0_0/bd_0/ip/ip_1/bd_c9ed_psr_aclk_0_board.xdc] for cell 'seeg_zynq_i/smartconnect_0/inst/clk_map/psr_aclk/U0'
Finished Parsing XDC File [/home/ug3/Repos/ug3-seeg/ug3-seeg.gen/sources_1/bd/seeg_zynq/ip/seeg_zynq_smartconnect_0_0/bd_0/ip/ip_1/bd_c9ed_psr_aclk_0_board.xdc] for cell 'seeg_zynq_i/smartconnect_0/inst/clk_map/psr_aclk/U0'
Parsing XDC File [/home/ug3/Repos/ug3-seeg/ug3-seeg.gen/sources_1/bd/seeg_zynq/ip/seeg_zynq_smartconnect_0_0/bd_0/ip/ip_1/bd_c9ed_psr_aclk_0.xdc] for cell 'seeg_zynq_i/smartconnect_0/inst/clk_map/psr_aclk/U0'
Finished Parsing XDC File [/home/ug3/Repos/ug3-seeg/ug3-seeg.gen/sources_1/bd/seeg_zynq/ip/seeg_zynq_smartconnect_0_0/bd_0/ip/ip_1/bd_c9ed_psr_aclk_0.xdc] for cell 'seeg_zynq_i/smartconnect_0/inst/clk_map/psr_aclk/U0'
Parsing XDC File [/home/ug3/Repos/ug3-seeg/ug3-seeg.gen/sources_1/bd/seeg_zynq/ip/seeg_zynq_smartconnect_1_0/bd_0/ip/ip_1/bd_09bc_psr_aclk_0_board.xdc] for cell 'seeg_zynq_i/smartconnect_1/inst/clk_map/psr_aclk/U0'
Finished Parsing XDC File [/home/ug3/Repos/ug3-seeg/ug3-seeg.gen/sources_1/bd/seeg_zynq/ip/seeg_zynq_smartconnect_1_0/bd_0/ip/ip_1/bd_09bc_psr_aclk_0_board.xdc] for cell 'seeg_zynq_i/smartconnect_1/inst/clk_map/psr_aclk/U0'
Parsing XDC File [/home/ug3/Repos/ug3-seeg/ug3-seeg.gen/sources_1/bd/seeg_zynq/ip/seeg_zynq_smartconnect_1_0/bd_0/ip/ip_1/bd_09bc_psr_aclk_0.xdc] for cell 'seeg_zynq_i/smartconnect_1/inst/clk_map/psr_aclk/U0'
Finished Parsing XDC File [/home/ug3/Repos/ug3-seeg/ug3-seeg.gen/sources_1/bd/seeg_zynq/ip/seeg_zynq_smartconnect_1_0/bd_0/ip/ip_1/bd_09bc_psr_aclk_0.xdc] for cell 'seeg_zynq_i/smartconnect_1/inst/clk_map/psr_aclk/U0'
Parsing XDC File [/home/ug3/Repos/ug3-seeg/ug3-seeg.gen/sources_1/bd/seeg_zynq/ip/seeg_zynq_util_ds_buf_0_0/seeg_zynq_util_ds_buf_0_0_board.xdc] for cell 'seeg_zynq_i/util_ds_buf_0/U0'
Finished Parsing XDC File [/home/ug3/Repos/ug3-seeg/ug3-seeg.gen/sources_1/bd/seeg_zynq/ip/seeg_zynq_util_ds_buf_0_0/seeg_zynq_util_ds_buf_0_0_board.xdc] for cell 'seeg_zynq_i/util_ds_buf_0/U0'
Parsing XDC File [/home/ug3/Repos/ug3-seeg/ug3-seeg.gen/sources_1/bd/seeg_zynq/ip/seeg_zynq_system_ila_0_0/bd_0/ip/ip_0/ila_v6_2/constraints/ila_impl.xdc] for cell 'seeg_zynq_i/system_ila_0/inst/ila_lib/inst'
Finished Parsing XDC File [/home/ug3/Repos/ug3-seeg/ug3-seeg.gen/sources_1/bd/seeg_zynq/ip/seeg_zynq_system_ila_0_0/bd_0/ip/ip_0/ila_v6_2/constraints/ila_impl.xdc] for cell 'seeg_zynq_i/system_ila_0/inst/ila_lib/inst'
Parsing XDC File [/home/ug3/Repos/ug3-seeg/ug3-seeg.gen/sources_1/bd/seeg_zynq/ip/seeg_zynq_system_ila_0_0/bd_0/ip/ip_0/ila_v6_2/constraints/ila.xdc] for cell 'seeg_zynq_i/system_ila_0/inst/ila_lib/inst'
Finished Parsing XDC File [/home/ug3/Repos/ug3-seeg/ug3-seeg.gen/sources_1/bd/seeg_zynq/ip/seeg_zynq_system_ila_0_0/bd_0/ip/ip_0/ila_v6_2/constraints/ila.xdc] for cell 'seeg_zynq_i/system_ila_0/inst/ila_lib/inst'
Parsing XDC File [/home/ug3/Repos/ug3-seeg/ug3-seeg.gen/sources_1/ip/fifo_16_to_64/fifo_16_to_64.xdc] for cell 'seeg_zynq_i/seeg_top_0/inst/seeg/rhd_2048/fifo_inst_0/U0'
Finished Parsing XDC File [/home/ug3/Repos/ug3-seeg/ug3-seeg.gen/sources_1/ip/fifo_16_to_64/fifo_16_to_64.xdc] for cell 'seeg_zynq_i/seeg_top_0/inst/seeg/rhd_2048/fifo_inst_0/U0'
Parsing XDC File [/home/ug3/Repos/ug3-seeg/ug3-seeg.gen/sources_1/ip/fifo_16_to_64/fifo_16_to_64.xdc] for cell 'seeg_zynq_i/seeg_top_0/inst/seeg/rhs_256/fifo_inst_0/U0'
Finished Parsing XDC File [/home/ug3/Repos/ug3-seeg/ug3-seeg.gen/sources_1/ip/fifo_16_to_64/fifo_16_to_64.xdc] for cell 'seeg_zynq_i/seeg_top_0/inst/seeg/rhs_256/fifo_inst_0/U0'
Parsing XDC File [/home/ug3/Repos/ug3-seeg/ug3-seeg.srcs/constrs_1/new/constraints.xdc]
WARNING: [Vivado 12-584] No ports matched 'RHS_MISO1'. [/home/ug3/Repos/ug3-seeg/ug3-seeg.srcs/constrs_1/new/constraints.xdc:88]
CRITICAL WARNING: [Common 17-55] 'set_property' expects at least one object. [/home/ug3/Repos/ug3-seeg/ug3-seeg.srcs/constrs_1/new/constraints.xdc:88]
Resolution: If [get_<value>] was used to populate the object, check to make sure this command returns at least one valid object.
WARNING: [Vivado 12-584] No ports matched 'RHS_MISO2'. [/home/ug3/Repos/ug3-seeg/ug3-seeg.srcs/constrs_1/new/constraints.xdc:89]
CRITICAL WARNING: [Common 17-55] 'set_property' expects at least one object. [/home/ug3/Repos/ug3-seeg/ug3-seeg.srcs/constrs_1/new/constraints.xdc:89]
Resolution: If [get_<value>] was used to populate the object, check to make sure this command returns at least one valid object.
WARNING: [Vivado 12-584] No ports matched 'RHS_MOSI2'. [/home/ug3/Repos/ug3-seeg/ug3-seeg.srcs/constrs_1/new/constraints.xdc:90]
CRITICAL WARNING: [Common 17-55] 'set_property' expects at least one object. [/home/ug3/Repos/ug3-seeg/ug3-seeg.srcs/constrs_1/new/constraints.xdc:90]
Resolution: If [get_<value>] was used to populate the object, check to make sure this command returns at least one valid object.
WARNING: [Vivado 12-584] No ports matched 'RHS_MOSI1'. [/home/ug3/Repos/ug3-seeg/ug3-seeg.srcs/constrs_1/new/constraints.xdc:91]
CRITICAL WARNING: [Common 17-55] 'set_property' expects at least one object. [/home/ug3/Repos/ug3-seeg/ug3-seeg.srcs/constrs_1/new/constraints.xdc:91]
Resolution: If [get_<value>] was used to populate the object, check to make sure this command returns at least one valid object.
WARNING: [Vivado 12-584] No ports matched 'RHS_MISO1'. [/home/ug3/Repos/ug3-seeg/ug3-seeg.srcs/constrs_1/new/constraints.xdc:94]
CRITICAL WARNING: [Common 17-55] 'set_property' expects at least one object. [/home/ug3/Repos/ug3-seeg/ug3-seeg.srcs/constrs_1/new/constraints.xdc:94]
Resolution: If [get_<value>] was used to populate the object, check to make sure this command returns at least one valid object.
WARNING: [Vivado 12-584] No ports matched 'RHS_MISO2'. [/home/ug3/Repos/ug3-seeg/ug3-seeg.srcs/constrs_1/new/constraints.xdc:95]
CRITICAL WARNING: [Common 17-55] 'set_property' expects at least one object. [/home/ug3/Repos/ug3-seeg/ug3-seeg.srcs/constrs_1/new/constraints.xdc:95]
Resolution: If [get_<value>] was used to populate the object, check to make sure this command returns at least one valid object.
WARNING: [Vivado 12-584] No ports matched 'RHS_MOSI1'. [/home/ug3/Repos/ug3-seeg/ug3-seeg.srcs/constrs_1/new/constraints.xdc:96]
CRITICAL WARNING: [Common 17-55] 'set_property' expects at least one object. [/home/ug3/Repos/ug3-seeg/ug3-seeg.srcs/constrs_1/new/constraints.xdc:96]
Resolution: If [get_<value>] was used to populate the object, check to make sure this command returns at least one valid object.
WARNING: [Vivado 12-584] No ports matched 'RHS_MOSI2'. [/home/ug3/Repos/ug3-seeg/ug3-seeg.srcs/constrs_1/new/constraints.xdc:97]
CRITICAL WARNING: [Common 17-55] 'set_property' expects at least one object. [/home/ug3/Repos/ug3-seeg/ug3-seeg.srcs/constrs_1/new/constraints.xdc:97]
Resolution: If [get_<value>] was used to populate the object, check to make sure this command returns at least one valid object.
WARNING: [Vivado 12-584] No ports matched 'RHS_MISO_I'. [/home/ug3/Repos/ug3-seeg/ug3-seeg.srcs/constrs_1/new/constraints.xdc:112]
CRITICAL WARNING: [Common 17-55] 'set_property' expects at least one object. [/home/ug3/Repos/ug3-seeg/ug3-seeg.srcs/constrs_1/new/constraints.xdc:112]
Resolution: If [get_<value>] was used to populate the object, check to make sure this command returns at least one valid object.
Finished Parsing XDC File [/home/ug3/Repos/ug3-seeg/ug3-seeg.srcs/constrs_1/new/constraints.xdc]
Parsing XDC File [/home/ug3/Repos/ug3-seeg/ug3-seeg.gen/sources_1/bd/seeg_zynq/ip/seeg_zynq_axi_dma_0_1/seeg_zynq_axi_dma_0_1_clocks.xdc] for cell 'seeg_zynq_i/axi_dma_0/U0'
Finished Parsing XDC File [/home/ug3/Repos/ug3-seeg/ug3-seeg.gen/sources_1/bd/seeg_zynq/ip/seeg_zynq_axi_dma_0_1/seeg_zynq_axi_dma_0_1_clocks.xdc] for cell 'seeg_zynq_i/axi_dma_0/U0'
Parsing XDC File [/home/ug3/Repos/ug3-seeg/ug3-seeg.gen/sources_1/ip/fifo_16_to_64/fifo_16_to_64_clocks.xdc] for cell 'seeg_zynq_i/seeg_top_0/inst/seeg/rhd_2048/fifo_inst_0/U0'
Finished Parsing XDC File [/home/ug3/Repos/ug3-seeg/ug3-seeg.gen/sources_1/ip/fifo_16_to_64/fifo_16_to_64_clocks.xdc] for cell 'seeg_zynq_i/seeg_top_0/inst/seeg/rhd_2048/fifo_inst_0/U0'
Parsing XDC File [/home/ug3/Repos/ug3-seeg/ug3-seeg.gen/sources_1/ip/fifo_16_to_64/fifo_16_to_64_clocks.xdc] for cell 'seeg_zynq_i/seeg_top_0/inst/seeg/rhs_256/fifo_inst_0/U0'
Finished Parsing XDC File [/home/ug3/Repos/ug3-seeg/ug3-seeg.gen/sources_1/ip/fifo_16_to_64/fifo_16_to_64_clocks.xdc] for cell 'seeg_zynq_i/seeg_top_0/inst/seeg/rhs_256/fifo_inst_0/U0'
INFO: [Project 1-1714] 101 XPM XDC files have been applied to the design.
INFO: [Opt 31-138] Pushed 0 inverter(s) to 0 load pin(s).
Netlist sorting complete. Time (s): cpu = 00:00:00.01 ; elapsed = 00:00:00.01 . Memory (MB): peak = 3672.695 ; gain = 0.000 ; free physical = 21736 ; free virtual = 26586
INFO: [Project 1-111] Unisim Transformation Summary:
  A total of 241 instances were transformed.
  CFGLUT5 => CFGLUT5 (SRL16E, SRLC32E): 72 instances
  IBUF => IBUF (IBUFCTRL, INBUF): 24 instances
  IBUFDS => IBUFDS (DIFFINBUF, IBUFCTRL): 24 instances
  OBUFDS => OBUFDS: 9 instances
  RAM16X1D => RAM32X1D (RAMD32(x2)): 2 instances
  RAM32M => RAM32M (RAMD32(x6), RAMS32(x2)): 5 instances
  RAM32M16 => RAM32M16 (RAMD32(x14), RAMS32(x2)): 105 instances

26 Infos, 46 Warnings, 9 Critical Warnings and 0 Errors encountered.
link_design completed successfully
link_design: Time (s): cpu = 00:00:22 ; elapsed = 00:00:21 . Memory (MB): peak = 3672.695 ; gain = 2114.980 ; free physical = 21736 ; free virtual = 26586
Command: opt_design
Attempting to get a license for feature 'Implementation' and/or device 'xck26'
INFO: [Common 17-349] Got license for feature 'Implementation' and/or device 'xck26'
Running DRC as a precondition to command opt_design

Starting DRC Task
INFO: [DRC 23-27] Running DRC with 8 threads
INFO: [Project 1-461] DRC finished with 0 Errors
INFO: [Project 1-462] Please refer to the DRC report (report_drc) for more information.

Time (s): cpu = 00:00:01 ; elapsed = 00:00:00.58 . Memory (MB): peak = 3672.695 ; gain = 0.000 ; free physical = 21723 ; free virtual = 26574

Starting Cache Timing Information Task
INFO: [Timing 38-35] Done setting XDC timing constraints.
Ending Cache Timing Information Task | Checksum: 2438d895d

Time (s): cpu = 00:00:02 ; elapsed = 00:00:00.8 . Memory (MB): peak = 3672.695 ; gain = 0.000 ; free physical = 21715 ; free virtual = 26565

Starting Logic Optimization Task

Phase 1 Generate And Synthesize Debug Cores
INFO: [Chipscope 16-329] Generating Script for core instance : dbg_hub 
INFO: [IP_Flow 19-3806] Processing IP xilinx.com:ip:xsdbm:3.0 for cell dbg_hub_CV.
Netlist sorting complete. Time (s): cpu = 00:00:00.02 ; elapsed = 00:00:00.02 . Memory (MB): peak = 3832.434 ; gain = 0.000 ; free physical = 21420 ; free virtual = 26279
Phase 1 Generate And Synthesize Debug Cores | Checksum: 2854bea56

Time (s): cpu = 00:00:44 ; elapsed = 00:00:49 . Memory (MB): peak = 3832.434 ; gain = 19.844 ; free physical = 21420 ; free virtual = 26279

Phase 2 Retarget
INFO: [Opt 31-1566] Pulled 58 inverters resulting in an inversion of 262 pins
INFO: [Opt 31-138] Pushed 117 inverter(s) to 12479 load pin(s).
INFO: [Opt 31-422] The CLOCK_DOMAINS attribute on the BRAM cell seeg_zynq_i/system_ila_0/inst/ila_lib/inst/ila_core_inst/ila_trace_memory_inst/SUBCORE_RAM_BLK_MEM_1.trace_block_memory/inst_blk_mem_gen/gnbram.gnativebmg.native_blk_mem_gen/valid.cstr/ramloop[0].ram.r/prim_noinit.ram/DEVICE_8SERIES.NO_BMM_INFO.SDP.SIMPLE_PRIM36.ram has been changed from INDEPENDENT to COMMON to match the clocking topology used for the BRAM.
INFO: [Opt 31-422] The CLOCK_DOMAINS attribute on the BRAM cell seeg_zynq_i/system_ila_0/inst/ila_lib/inst/ila_core_inst/ila_trace_memory_inst/SUBCORE_RAM_BLK_MEM_1.trace_block_memory/inst_blk_mem_gen/gnbram.gnativebmg.native_blk_mem_gen/valid.cstr/ramloop[1].ram.r/prim_noinit.ram/DEVICE_8SERIES.NO_BMM_INFO.SDP.SIMPLE_PRIM36.ram has been changed from INDEPENDENT to COMMON to match the clocking topology used for the BRAM.
INFO: [Opt 31-422] The CLOCK_DOMAINS attribute on the BRAM cell seeg_zynq_i/system_ila_0/inst/ila_lib/inst/ila_core_inst/ila_trace_memory_inst/SUBCORE_RAM_BLK_MEM_1.trace_block_memory/inst_blk_mem_gen/gnbram.gnativebmg.native_blk_mem_gen/valid.cstr/ramloop[2].ram.r/prim_noinit.ram/DEVICE_8SERIES.NO_BMM_INFO.SDP.SIMPLE_PRIM36.ram has been changed from INDEPENDENT to COMMON to match the clocking topology used for the BRAM.
INFO: [Opt 31-422] The CLOCK_DOMAINS attribute on the BRAM cell seeg_zynq_i/system_ila_0/inst/ila_lib/inst/ila_core_inst/ila_trace_memory_inst/SUBCORE_RAM_BLK_MEM_1.trace_block_memory/inst_blk_mem_gen/gnbram.gnativebmg.native_blk_mem_gen/valid.cstr/ramloop[3].ram.r/prim_noinit.ram/DEVICE_8SERIES.NO_BMM_INFO.SDP.SIMPLE_PRIM36.ram has been changed from INDEPENDENT to COMMON to match the clocking topology used for the BRAM.
INFO: [Opt 31-422] The CLOCK_DOMAINS attribute on the BRAM cell seeg_zynq_i/system_ila_0/inst/ila_lib/inst/ila_core_inst/ila_trace_memory_inst/SUBCORE_RAM_BLK_MEM_1.trace_block_memory/inst_blk_mem_gen/gnbram.gnativebmg.native_blk_mem_gen/valid.cstr/ramloop[4].ram.r/prim_noinit.ram/DEVICE_8SERIES.NO_BMM_INFO.SDP.SIMPLE_PRIM36.ram has been changed from INDEPENDENT to COMMON to match the clocking topology used for the BRAM.
INFO: [Opt 31-49] Retargeted 0 cell(s).
Phase 2 Retarget | Checksum: 1ba6f7979

Time (s): cpu = 00:00:47 ; elapsed = 00:00:50 . Memory (MB): peak = 3832.434 ; gain = 19.844 ; free physical = 21406 ; free virtual = 26266
INFO: [Opt 31-389] Phase Retarget created 92 cells and removed 653 cells
INFO: [Opt 31-1021] In phase Retarget, 197 netlist objects are constrained preventing optimization. Please run opt_design with -debug_log to get more detail. 

Phase 3 Constant propagation
INFO: [Opt 31-138] Pushed 0 inverter(s) to 0 load pin(s).
Phase 3 Constant propagation | Checksum: 1d3a757cf

Time (s): cpu = 00:00:47 ; elapsed = 00:00:50 . Memory (MB): peak = 3832.434 ; gain = 19.844 ; free physical = 21406 ; free virtual = 26266
INFO: [Opt 31-389] Phase Constant propagation created 29 cells and removed 696 cells
INFO: [Opt 31-1021] In phase Constant propagation, 181 netlist objects are constrained preventing optimization. Please run opt_design with -debug_log to get more detail. 

Phase 4 Sweep
Phase 4 Sweep | Checksum: 21b699517

Time (s): cpu = 00:00:47 ; elapsed = 00:00:51 . Memory (MB): peak = 3832.434 ; gain = 19.844 ; free physical = 21405 ; free virtual = 26265
INFO: [Opt 31-389] Phase Sweep created 0 cells and removed 3851 cells
INFO: [Opt 31-1021] In phase Sweep, 1044 netlist objects are constrained preventing optimization. Please run opt_design with -debug_log to get more detail. 

Phase 5 BUFG optimization
INFO: [Opt 31-194] Inserted BUFG seeg_zynq_i/seeg_top_0/inst/seeg/ClockDivideByTwo/clk_BUFG_inst to drive 1706 load(s) on clock net seeg_zynq_i/seeg_top_0/inst/seeg/ClockDivideByTwo/clk_BUFGCE
INFO: [Opt 31-193] Inserted 1 BUFG(s) on clock nets
INFO: [Opt 31-1077] Phase BUFG optimization inserted 0 global clock buffer(s) for CLOCK_LOW_FANOUT.
Phase 5 BUFG optimization | Checksum: 24364c65f

Time (s): cpu = 00:00:48 ; elapsed = 00:00:51 . Memory (MB): peak = 3832.434 ; gain = 19.844 ; free physical = 21405 ; free virtual = 26265
INFO: [Opt 31-662] Phase BUFG optimization created 3 cells of which 1 are BUFGs and removed 1 cells.

Phase 6 Shift Register Optimization
INFO: [Opt 31-1064] SRL Remap converted 0 SRLs to 0 registers and converted 0 registers of register chains to 0 SRLs
Phase 6 Shift Register Optimization | Checksum: 16bb48f8f

Time (s): cpu = 00:00:48 ; elapsed = 00:00:51 . Memory (MB): peak = 3832.434 ; gain = 19.844 ; free physical = 21405 ; free virtual = 26265
INFO: [Opt 31-389] Phase Shift Register Optimization created 0 cells and removed 0 cells

Phase 7 Post Processing Netlist
Phase 7 Post Processing Netlist | Checksum: 206fbdd04

Time (s): cpu = 00:00:48 ; elapsed = 00:00:51 . Memory (MB): peak = 3832.434 ; gain = 19.844 ; free physical = 21405 ; free virtual = 26265
INFO: [Opt 31-389] Phase Post Processing Netlist created 0 cells and removed 0 cells
INFO: [Opt 31-1021] In phase Post Processing Netlist, 204 netlist objects are constrained preventing optimization. Please run opt_design with -debug_log to get more detail. 
Opt_design Change Summary
=========================


-------------------------------------------------------------------------------------------------------------------------
|  Phase                        |  #Cells created  |  #Cells Removed  |  #Constrained objects preventing optimizations  |
-------------------------------------------------------------------------------------------------------------------------
|  Retarget                     |              92  |             653  |                                            197  |
|  Constant propagation         |              29  |             696  |                                            181  |
|  Sweep                        |               0  |            3851  |                                           1044  |
|  BUFG optimization            |               3  |               1  |                                              0  |
|  Shift Register Optimization  |               0  |               0  |                                              0  |
|  Post Processing Netlist      |               0  |               0  |                                            204  |
-------------------------------------------------------------------------------------------------------------------------



Starting Connectivity Check Task

Time (s): cpu = 00:00:00.04 ; elapsed = 00:00:00.03 . Memory (MB): peak = 3832.434 ; gain = 0.000 ; free physical = 21405 ; free virtual = 26265
Ending Logic Optimization Task | Checksum: 166cfcf14

Time (s): cpu = 00:00:48 ; elapsed = 00:00:51 . Memory (MB): peak = 3832.434 ; gain = 19.844 ; free physical = 21405 ; free virtual = 26265

Starting Power Optimization Task
INFO: [Pwropt 34-132] Skipping clock gating for clocks with a period < 2.00 ns.
INFO: [Timing 38-35] Done setting XDC timing constraints.
INFO: [Pwropt 34-9] Applying IDT optimizations ...
INFO: [Pwropt 34-10] Applying ODC optimizations ...
Running Vector-less Activity Propagation...

Finished Running Vector-less Activity Propagation


Starting PowerOpt Patch Enables Task
INFO: [Pwropt 34-162] WRITE_MODE attribute of 0 BRAM(s) out of a total of 68 has been updated to save power. Run report_power_opt to get a complete listing of the BRAMs updated.
INFO: [Timing 38-35] Done setting XDC timing constraints.
INFO: [Pwropt 34-201] Structural ODC has moved 60 WE to EN ports
Number of BRAM Ports augmented: 11 newly gated: 60 Total Ports: 136
Ending PowerOpt Patch Enables Task | Checksum: 17e513f60

Time (s): cpu = 00:00:02 ; elapsed = 00:00:00.96 . Memory (MB): peak = 4349.812 ; gain = 0.000 ; free physical = 21020 ; free virtual = 25881
Ending Power Optimization Task | Checksum: 17e513f60

Time (s): cpu = 00:00:12 ; elapsed = 00:00:05 . Memory (MB): peak = 4349.812 ; gain = 517.379 ; free physical = 21020 ; free virtual = 25881

Starting Final Cleanup Task

Starting Logic Optimization Task
INFO: [Timing 38-35] Done setting XDC timing constraints.
Ending Logic Optimization Task | Checksum: 1a345a81f

Time (s): cpu = 00:00:03 ; elapsed = 00:00:01 . Memory (MB): peak = 4349.812 ; gain = 0.000 ; free physical = 21016 ; free virtual = 25877
Ending Final Cleanup Task | Checksum: 1a345a81f

Time (s): cpu = 00:00:04 ; elapsed = 00:00:03 . Memory (MB): peak = 4349.812 ; gain = 0.000 ; free physical = 21016 ; free virtual = 25877

Starting Netlist Obfuscation Task
Netlist sorting complete. Time (s): cpu = 00:00:00 ; elapsed = 00:00:00 . Memory (MB): peak = 4349.812 ; gain = 0.000 ; free physical = 21016 ; free virtual = 25877
Ending Netlist Obfuscation Task | Checksum: 1a345a81f

Time (s): cpu = 00:00:00 ; elapsed = 00:00:00.01 . Memory (MB): peak = 4349.812 ; gain = 0.000 ; free physical = 21016 ; free virtual = 25877
INFO: [Common 17-83] Releasing license: Implementation
68 Infos, 46 Warnings, 9 Critical Warnings and 0 Errors encountered.
opt_design completed successfully
opt_design: Time (s): cpu = 00:01:09 ; elapsed = 00:01:01 . Memory (MB): peak = 4349.812 ; gain = 677.117 ; free physical = 21016 ; free virtual = 25877
INFO: [runtcl-4] Executing : report_drc -file seeg_zynq_wrapper_drc_opted.rpt -pb seeg_zynq_wrapper_drc_opted.pb -rpx seeg_zynq_wrapper_drc_opted.rpx
Command: report_drc -file seeg_zynq_wrapper_drc_opted.rpt -pb seeg_zynq_wrapper_drc_opted.pb -rpx seeg_zynq_wrapper_drc_opted.rpx
INFO: [IP_Flow 19-1839] IP Catalog is up to date.
INFO: [Timing 38-35] Done setting XDC timing constraints.
INFO: [DRC 23-27] Running DRC with 8 threads
INFO: [Vivado_Tcl 2-168] The results of DRC are in file /home/ug3/Repos/ug3-seeg/ug3-seeg.runs/impl_1/seeg_zynq_wrapper_drc_opted.rpt.
report_drc completed successfully
report_drc: Time (s): cpu = 00:00:16 ; elapsed = 00:00:09 . Memory (MB): peak = 4749.973 ; gain = 400.160 ; free physical = 20561 ; free virtual = 25422
INFO: [Timing 38-480] Writing timing data to binary archive.
Writing XDEF routing.
Writing XDEF routing logical nets.
Writing XDEF routing special nets.
Write XDEF Complete: Time (s): cpu = 00:00:00.36 ; elapsed = 00:00:00.07 . Memory (MB): peak = 4749.973 ; gain = 0.000 ; free physical = 20553 ; free virtual = 25423
INFO: [Common 17-1381] The checkpoint '/home/ug3/Repos/ug3-seeg/ug3-seeg.runs/impl_1/seeg_zynq_wrapper_opt.dcp' has been generated.
INFO: [Chipscope 16-240] Debug cores have already been implemented
Command: place_design
Attempting to get a license for feature 'Implementation' and/or device 'xck26'
INFO: [Common 17-349] Got license for feature 'Implementation' and/or device 'xck26'
INFO: [DRC 23-27] Running DRC with 8 threads
INFO: [Vivado_Tcl 4-198] DRC finished with 0 Errors
INFO: [Vivado_Tcl 4-199] Please refer to the DRC report (report_drc) for more information.
Running DRC as a precondition to command place_design
INFO: [DRC 23-27] Running DRC with 8 threads
INFO: [Vivado_Tcl 4-198] DRC finished with 0 Errors
INFO: [Vivado_Tcl 4-199] Please refer to the DRC report (report_drc) for more information.

Starting Placer Task
INFO: [Place 30-611] Multithreading enabled for place_design using a maximum of 8 CPUs

Phase 1 Placer Initialization

Phase 1.1 Placer Initialization Netlist Sorting
Netlist sorting complete. Time (s): cpu = 00:00:00.01 ; elapsed = 00:00:00 . Memory (MB): peak = 4749.973 ; gain = 0.000 ; free physical = 20548 ; free virtual = 25423
Phase 1.1 Placer Initialization Netlist Sorting | Checksum: e806deab

Time (s): cpu = 00:00:00.02 ; elapsed = 00:00:00.04 . Memory (MB): peak = 4749.973 ; gain = 0.000 ; free physical = 20548 ; free virtual = 25423
Netlist sorting complete. Time (s): cpu = 00:00:00.01 ; elapsed = 00:00:00 . Memory (MB): peak = 4749.973 ; gain = 0.000 ; free physical = 20548 ; free virtual = 25423

Phase 1.2 IO Placement/ Clock Placement/ Build Placer Device
Phase 1.2 IO Placement/ Clock Placement/ Build Placer Device | Checksum: f40b62af

Time (s): cpu = 00:00:03 ; elapsed = 00:00:01 . Memory (MB): peak = 4749.973 ; gain = 0.000 ; free physical = 20547 ; free virtual = 25422

Phase 1.3 Build Placer Netlist Model
Phase 1.3 Build Placer Netlist Model | Checksum: 1bec8da20

Time (s): cpu = 00:00:10 ; elapsed = 00:00:05 . Memory (MB): peak = 4749.973 ; gain = 0.000 ; free physical = 20545 ; free virtual = 25421

Phase 1.4 Constrain Clocks/Macros
Phase 1.4 Constrain Clocks/Macros | Checksum: 1bec8da20

Time (s): cpu = 00:00:10 ; elapsed = 00:00:05 . Memory (MB): peak = 4749.973 ; gain = 0.000 ; free physical = 20545 ; free virtual = 25421
Phase 1 Placer Initialization | Checksum: 1bec8da20

Time (s): cpu = 00:00:10 ; elapsed = 00:00:05 . Memory (MB): peak = 4749.973 ; gain = 0.000 ; free physical = 20546 ; free virtual = 25421

Phase 2 Global Placement

Phase 2.1 Floorplanning

Phase 2.1.1 Partition Driven Placement

Phase 2.1.1.1 PBP: Partition Driven Placement
Phase 2.1.1.1 PBP: Partition Driven Placement | Checksum: 15f4f56d7

Time (s): cpu = 00:00:24 ; elapsed = 00:00:10 . Memory (MB): peak = 4749.973 ; gain = 0.000 ; free physical = 20544 ; free virtual = 25420

Phase 2.1.1.2 PBP: Clock Region Placement
INFO: [Place 30-3162] Check ILP status : ILP-based clock placer completed successfully.
Phase 2.1.1.2 PBP: Clock Region Placement | Checksum: 116900027

Time (s): cpu = 00:00:25 ; elapsed = 00:00:10 . Memory (MB): peak = 4749.973 ; gain = 0.000 ; free physical = 20544 ; free virtual = 25420

Phase 2.1.1.3 PBP: Discrete Incremental
Phase 2.1.1.3 PBP: Discrete Incremental | Checksum: 15a6c97b6

Time (s): cpu = 00:00:25 ; elapsed = 00:00:10 . Memory (MB): peak = 4749.973 ; gain = 0.000 ; free physical = 20544 ; free virtual = 25420

Phase 2.1.1.4 PBP: Compute Congestion
Phase 2.1.1.4 PBP: Compute Congestion | Checksum: 15a6c97b6

Time (s): cpu = 00:00:33 ; elapsed = 00:00:12 . Memory (MB): peak = 5066.945 ; gain = 316.973 ; free physical = 20170 ; free virtual = 25045

Phase 2.1.1.5 PBP: Macro Placement
Phase 2.1.1.5 PBP: Macro Placement | Checksum: 238de197b

Time (s): cpu = 00:00:33 ; elapsed = 00:00:12 . Memory (MB): peak = 5066.945 ; gain = 316.973 ; free physical = 20169 ; free virtual = 25044

Phase 2.1.1.6 PBP: UpdateTiming
Phase 2.1.1.6 PBP: UpdateTiming | Checksum: 2377374a9

Time (s): cpu = 00:00:35 ; elapsed = 00:00:13 . Memory (MB): peak = 5098.961 ; gain = 348.988 ; free physical = 20168 ; free virtual = 25044

Phase 2.1.1.7 PBP: Add part constraints
Phase 2.1.1.7 PBP: Add part constraints | Checksum: 2377374a9

Time (s): cpu = 00:00:35 ; elapsed = 00:00:13 . Memory (MB): peak = 5098.961 ; gain = 348.988 ; free physical = 20168 ; free virtual = 25044
Phase 2.1.1 Partition Driven Placement | Checksum: 2377374a9

Time (s): cpu = 00:00:35 ; elapsed = 00:00:13 . Memory (MB): peak = 5098.961 ; gain = 348.988 ; free physical = 20168 ; free virtual = 25044
Phase 2.1 Floorplanning | Checksum: 1f73b1c1c

Time (s): cpu = 00:00:35 ; elapsed = 00:00:13 . Memory (MB): peak = 5098.961 ; gain = 348.988 ; free physical = 20168 ; free virtual = 25044

Phase 2.2 Update Timing before SLR Path Opt
Phase 2.2 Update Timing before SLR Path Opt | Checksum: 1f73b1c1c

Time (s): cpu = 00:00:35 ; elapsed = 00:00:13 . Memory (MB): peak = 5098.961 ; gain = 348.988 ; free physical = 20168 ; free virtual = 25044

Phase 2.3 Post-Processing in Floorplanning
Phase 2.3 Post-Processing in Floorplanning | Checksum: 1f73b1c1c

Time (s): cpu = 00:00:35 ; elapsed = 00:00:13 . Memory (MB): peak = 5098.961 ; gain = 348.988 ; free physical = 20168 ; free virtual = 25044

Phase 2.4 Global Placement Core

Phase 2.4.1 UpdateTiming Before Physical Synthesis
Phase 2.4.1 UpdateTiming Before Physical Synthesis | Checksum: 111d9fb74

Time (s): cpu = 00:01:21 ; elapsed = 00:00:25 . Memory (MB): peak = 5178.965 ; gain = 428.992 ; free physical = 20091 ; free virtual = 24966

Phase 2.4.2 Physical Synthesis In Placer
INFO: [Physopt 32-1035] Found 0 LUTNM shape to break, 1089 LUT instances to create LUTNM shape
INFO: [Physopt 32-1044] Break lutnm for timing: one critical 0, two critical 0, total 0, new lutff created 0
INFO: [Physopt 32-1138] End 1 Pass. Optimized 454 nets or LUTs. Breaked 0 LUT, combined 454 existing LUTs and moved 0 existing LUT
INFO: [Physopt 32-1030] Pass 1. Identified 12 candidate driver sets for equivalent driver rewiring.
INFO: [Physopt 32-661] Optimized 8 nets.  Re-placed 28 instances.
INFO: [Physopt 32-775] End 1 Pass. Optimized 8 nets or cells. Created 0 new cell, deleted 1 existing cell and moved 28 existing cells
Netlist sorting complete. Time (s): cpu = 00:00:00.04 ; elapsed = 00:00:00.04 . Memory (MB): peak = 5178.965 ; gain = 0.000 ; free physical = 20092 ; free virtual = 24967
INFO: [Physopt 32-65] No nets found for high-fanout optimization.
INFO: [Physopt 32-232] Optimized 0 net. Created 0 new instance.
INFO: [Physopt 32-775] End 1 Pass. Optimized 0 net or cell. Created 0 new cell, deleted 0 existing cell and moved 0 existing cell
INFO: [Physopt 32-670] No setup violation found.  DSP Register Optimization was not performed.
INFO: [Physopt 32-670] No setup violation found.  Shift Register to Pipeline Optimization was not performed.
INFO: [Physopt 32-670] No setup violation found.  Shift Register Optimization was not performed.
INFO: [Physopt 32-670] No setup violation found.  BRAM Register Optimization was not performed.
INFO: [Physopt 32-670] No setup violation found.  URAM Register Optimization was not performed.
INFO: [Physopt 32-949] No candidate nets found for dynamic/static region interface net replication
INFO: [Physopt 32-775] End 1 Pass. Optimized 0 net or cell. Created 0 new cell, deleted 0 existing cell and moved 0 existing cell
Netlist sorting complete. Time (s): cpu = 00:00:00 ; elapsed = 00:00:00 . Memory (MB): peak = 5178.965 ; gain = 0.000 ; free physical = 20092 ; free virtual = 24967

Summary of Physical Synthesis Optimizations
============================================


-----------------------------------------------------------------------------------------------------------------------------------------------------------
|  Optimization                                     |  Added Cells  |  Removed Cells  |  Optimized Cells/Nets  |  Dont Touch  |  Iterations  |  Elapsed   |
-----------------------------------------------------------------------------------------------------------------------------------------------------------
|  LUT Combining                                    |            0  |            454  |                   454  |           0  |           1  |  00:00:00  |
|  Retime                                           |            0  |              0  |                     0  |           0  |           1  |  00:00:00  |
|  Equivalent Driver Rewiring                       |            0  |              1  |                     8  |           0  |           1  |  00:00:00  |
|  Very High Fanout                                 |            0  |              0  |                     0  |           0  |           1  |  00:00:00  |
|  DSP Register                                     |            0  |              0  |                     0  |           0  |           0  |  00:00:00  |
|  Shift Register to Pipeline                       |            0  |              0  |                     0  |           0  |           0  |  00:00:00  |
|  Shift Register                                   |            0  |              0  |                     0  |           0  |           0  |  00:00:00  |
|  BRAM Register                                    |            0  |              0  |                     0  |           0  |           0  |  00:00:00  |
|  URAM Register                                    |            0  |              0  |                     0  |           0  |           0  |  00:00:00  |
|  Dynamic/Static Region Interface Net Replication  |            0  |              0  |                     0  |           0  |           1  |  00:00:00  |
|  Total                                            |            0  |            455  |                   462  |           0  |           5  |  00:00:01  |
-----------------------------------------------------------------------------------------------------------------------------------------------------------


Phase 2.4.2 Physical Synthesis In Placer | Checksum: 1633e82c0

Time (s): cpu = 00:01:23 ; elapsed = 00:00:27 . Memory (MB): peak = 5178.965 ; gain = 428.992 ; free physical = 20091 ; free virtual = 24967
Phase 2.4 Global Placement Core | Checksum: 10d89104a

Time (s): cpu = 00:01:33 ; elapsed = 00:00:30 . Memory (MB): peak = 5178.965 ; gain = 428.992 ; free physical = 20090 ; free virtual = 24966
Phase 2 Global Placement | Checksum: 10d89104a

Time (s): cpu = 00:01:33 ; elapsed = 00:00:30 . Memory (MB): peak = 5178.965 ; gain = 428.992 ; free physical = 20090 ; free virtual = 24966

Phase 3 Detail Placement

Phase 3.1 Commit Multi Column Macros
Phase 3.1 Commit Multi Column Macros | Checksum: 1802cbabb

Time (s): cpu = 00:01:43 ; elapsed = 00:00:33 . Memory (MB): peak = 5178.965 ; gain = 428.992 ; free physical = 20091 ; free virtual = 24966

Phase 3.2 Commit Most Macros & LUTRAMs
Phase 3.2 Commit Most Macros & LUTRAMs | Checksum: 1c6d8e89f

Time (s): cpu = 00:01:46 ; elapsed = 00:00:33 . Memory (MB): peak = 5178.965 ; gain = 428.992 ; free physical = 20091 ; free virtual = 24966

Phase 3.3 Small Shape DP

Phase 3.3.1 Small Shape Clustering
Phase 3.3.1 Small Shape Clustering | Checksum: 16af64c96

Time (s): cpu = 00:01:55 ; elapsed = 00:00:36 . Memory (MB): peak = 5178.965 ; gain = 428.992 ; free physical = 20092 ; free virtual = 24967

Phase 3.3.2 Flow Legalize Slice Clusters
Phase 3.3.2 Flow Legalize Slice Clusters | Checksum: 13b41367a

Time (s): cpu = 00:01:55 ; elapsed = 00:00:36 . Memory (MB): peak = 5178.965 ; gain = 428.992 ; free physical = 20092 ; free virtual = 24967

Phase 3.3.3 Slice Area Swap

Phase 3.3.3.1 Slice Area Swap Initial
Phase 3.3.3.1 Slice Area Swap Initial | Checksum: 1163fb36c

Time (s): cpu = 00:01:57 ; elapsed = 00:00:37 . Memory (MB): peak = 5178.965 ; gain = 428.992 ; free physical = 20092 ; free virtual = 24967
Phase 3.3.3 Slice Area Swap | Checksum: 1163fb36c

Time (s): cpu = 00:01:57 ; elapsed = 00:00:37 . Memory (MB): peak = 5178.965 ; gain = 428.992 ; free physical = 20092 ; free virtual = 24967
Phase 3.3 Small Shape DP | Checksum: 17798f067

Time (s): cpu = 00:02:00 ; elapsed = 00:00:39 . Memory (MB): peak = 5178.965 ; gain = 428.992 ; free physical = 20090 ; free virtual = 24966

Phase 3.4 Re-assign LUT pins
Phase 3.4 Re-assign LUT pins | Checksum: 1b8880b7c

Time (s): cpu = 00:02:01 ; elapsed = 00:00:39 . Memory (MB): peak = 5178.965 ; gain = 428.992 ; free physical = 20090 ; free virtual = 24965

Phase 3.5 Pipeline Register Optimization
Phase 3.5 Pipeline Register Optimization | Checksum: 13174c995

Time (s): cpu = 00:02:02 ; elapsed = 00:00:40 . Memory (MB): peak = 5178.965 ; gain = 428.992 ; free physical = 20090 ; free virtual = 24966
Phase 3 Detail Placement | Checksum: 13174c995

Time (s): cpu = 00:02:02 ; elapsed = 00:00:40 . Memory (MB): peak = 5178.965 ; gain = 428.992 ; free physical = 20090 ; free virtual = 24966

Phase 4 Post Placement Optimization and Clean-Up

Phase 4.1 Post Commit Optimization
INFO: [Timing 38-35] Done setting XDC timing constraints.

Phase 4.1.1 Post Placement Optimization
Post Placement Optimization Initialization | Checksum: 1d588c151

Phase 4.1.1.1 BUFG Insertion

Starting Physical Synthesis Task

Phase 1 Physical Synthesis Initialization
INFO: [Physopt 32-721] Multithreading enabled for phys_opt_design using a maximum of 8 CPUs
INFO: [Physopt 32-619] Estimated Timing Summary | WNS=7.320 | TNS=0.000 |
Phase 1 Physical Synthesis Initialization | Checksum: 20d52dbec

Time (s): cpu = 00:00:01 ; elapsed = 00:00:00.35 . Memory (MB): peak = 5178.965 ; gain = 0.000 ; free physical = 20092 ; free virtual = 24968
INFO: [Place 46-35] Processed net seeg_zynq_i/proc_sys_reset_78M/U0/peripheral_aresetn[0], inserted BUFG to drive 10348 loads.
INFO: [Place 46-45] Replicated bufg driver seeg_zynq_i/proc_sys_reset_78M/U0/ACTIVE_LOW_PR_OUT_DFF[0].FDRE_PER_N_replica
INFO: [Place 46-35] Processed net seeg_zynq_i/axi_dma_0/U0/I_RST_MODULE/GEN_RESET_FOR_S2MM.RESET_I/out, inserted BUFG to drive 1032 loads.
INFO: [Place 46-45] Replicated bufg driver seeg_zynq_i/axi_dma_0/U0/I_RST_MODULE/GEN_RESET_FOR_S2MM.RESET_I/GEN_ASYNC_RESET.scndry_resetn_reg_replica
INFO: [Place 46-35] Processed net seeg_zynq_i/seeg_top_0/inst/seeg/rhd_2048/O1/E[0], inserted BUFG to drive 1024 loads.
INFO: [Place 46-56] BUFG insertion identified 3 candidate nets. Inserted BUFG: 3, Replicated BUFG Driver: 2, Skipped due to Placement/Routing Conflicts: 0, Skipped due to Timing Degradation: 0, Skipped due to netlist editing failed: 0.
Ending Physical Synthesis Task | Checksum: 10a74728c

Time (s): cpu = 00:00:04 ; elapsed = 00:00:02 . Memory (MB): peak = 5178.965 ; gain = 0.000 ; free physical = 20092 ; free virtual = 24967
Phase 4.1.1.1 BUFG Insertion | Checksum: 19526c96a

Time (s): cpu = 00:02:24 ; elapsed = 00:00:48 . Memory (MB): peak = 5178.965 ; gain = 428.992 ; free physical = 20092 ; free virtual = 24967

Phase 4.1.1.2 Post Placement Timing Optimization
INFO: [Place 30-746] Post Placement Timing Summary WNS=7.320. For the most accurate timing information please run report_timing.
Phase 4.1.1.2 Post Placement Timing Optimization | Checksum: 1a0cdaf08

Time (s): cpu = 00:02:24 ; elapsed = 00:00:48 . Memory (MB): peak = 5178.965 ; gain = 428.992 ; free physical = 20092 ; free virtual = 24967

Time (s): cpu = 00:02:24 ; elapsed = 00:00:48 . Memory (MB): peak = 5178.965 ; gain = 428.992 ; free physical = 20092 ; free virtual = 24967
Phase 4.1 Post Commit Optimization | Checksum: 1a0cdaf08

Time (s): cpu = 00:02:25 ; elapsed = 00:00:48 . Memory (MB): peak = 5178.965 ; gain = 428.992 ; free physical = 20092 ; free virtual = 24968
Netlist sorting complete. Time (s): cpu = 00:00:00.05 ; elapsed = 00:00:00.04 . Memory (MB): peak = 5196.945 ; gain = 0.000 ; free physical = 20040 ; free virtual = 24915

Phase 4.2 Post Placement Cleanup
Phase 4.2 Post Placement Cleanup | Checksum: 1b704f1e4

Time (s): cpu = 00:02:35 ; elapsed = 00:00:52 . Memory (MB): peak = 5196.945 ; gain = 446.973 ; free physical = 20040 ; free virtual = 24915

Phase 4.3 Placer Reporting

Phase 4.3.1 Print Estimated Congestion
INFO: [Place 30-612] Post-Placement Estimated Congestion 
 ________________________________________________________________________
|           | Global Congestion | Long Congestion   | Short Congestion  |
| Direction | Region Size       | Region Size       | Region Size       |
|___________|___________________|___________________|___________________|
|      North|                1x1|                1x1|                2x2|
|___________|___________________|___________________|___________________|
|      South|                1x1|                1x1|                1x1|
|___________|___________________|___________________|___________________|
|       East|                1x1|                1x1|                2x2|
|___________|___________________|___________________|___________________|
|       West|                1x1|                1x1|                4x4|
|___________|___________________|___________________|___________________|

Phase 4.3.1 Print Estimated Congestion | Checksum: 1b704f1e4

Time (s): cpu = 00:02:35 ; elapsed = 00:00:52 . Memory (MB): peak = 5196.945 ; gain = 446.973 ; free physical = 20040 ; free virtual = 24915
Phase 4.3 Placer Reporting | Checksum: 1b704f1e4

Time (s): cpu = 00:02:36 ; elapsed = 00:00:52 . Memory (MB): peak = 5196.945 ; gain = 446.973 ; free physical = 20040 ; free virtual = 24915

Phase 4.4 Final Placement Cleanup
Netlist sorting complete. Time (s): cpu = 00:00:00.01 ; elapsed = 00:00:00 . Memory (MB): peak = 5196.945 ; gain = 0.000 ; free physical = 20040 ; free virtual = 24915

Time (s): cpu = 00:02:36 ; elapsed = 00:00:52 . Memory (MB): peak = 5196.945 ; gain = 446.973 ; free physical = 20040 ; free virtual = 24915
Phase 4 Post Placement Optimization and Clean-Up | Checksum: 14519a92e

Time (s): cpu = 00:02:36 ; elapsed = 00:00:52 . Memory (MB): peak = 5196.945 ; gain = 446.973 ; free physical = 20040 ; free virtual = 24915
Ending Placer Task | Checksum: 8ad13f9f

Time (s): cpu = 00:02:36 ; elapsed = 00:00:52 . Memory (MB): peak = 5196.945 ; gain = 446.973 ; free physical = 20040 ; free virtual = 24915
INFO: [Common 17-83] Releasing license: Implementation
113 Infos, 46 Warnings, 9 Critical Warnings and 0 Errors encountered.
place_design completed successfully
place_design: Time (s): cpu = 00:02:38 ; elapsed = 00:00:53 . Memory (MB): peak = 5196.945 ; gain = 446.973 ; free physical = 20040 ; free virtual = 24915
INFO: [runtcl-4] Executing : report_io -file seeg_zynq_wrapper_io_placed.rpt
report_io: Time (s): cpu = 00:00:00.11 ; elapsed = 00:00:00.17 . Memory (MB): peak = 5196.945 ; gain = 0.000 ; free physical = 20038 ; free virtual = 24913
INFO: [runtcl-4] Executing : report_utilization -file seeg_zynq_wrapper_utilization_placed.rpt -pb seeg_zynq_wrapper_utilization_placed.pb
INFO: [runtcl-4] Executing : report_control_sets -verbose -file seeg_zynq_wrapper_control_sets_placed.rpt
report_control_sets: Time (s): cpu = 00:00:00.09 ; elapsed = 00:00:00.16 . Memory (MB): peak = 5196.945 ; gain = 0.000 ; free physical = 20037 ; free virtual = 24913
INFO: [Timing 38-480] Writing timing data to binary archive.
Writing XDEF routing.
Writing XDEF routing logical nets.
Writing XDEF routing special nets.
Write XDEF Complete: Time (s): cpu = 00:00:04 ; elapsed = 00:00:02 . Memory (MB): peak = 5212.953 ; gain = 8.004 ; free physical = 19985 ; free virtual = 24916
INFO: [Common 17-1381] The checkpoint '/home/ug3/Repos/ug3-seeg/ug3-seeg.runs/impl_1/seeg_zynq_wrapper_placed.dcp' has been generated.
Command: phys_opt_design
Attempting to get a license for feature 'Implementation' and/or device 'xck26'
INFO: [Common 17-349] Got license for feature 'Implementation' and/or device 'xck26'

Starting Initial Update Timing Task

Time (s): cpu = 00:00:09 ; elapsed = 00:00:03 . Memory (MB): peak = 5220.957 ; gain = 0.000 ; free physical = 20019 ; free virtual = 24914
INFO: [Vivado_Tcl 4-383] Design worst setup slack (WNS) is greater than or equal to 0.000 ns. Skipping all physical synthesis optimizations.
INFO: [Vivado_Tcl 4-232] No setup violation found. The netlist was not modified.
INFO: [Common 17-83] Releasing license: Implementation
122 Infos, 46 Warnings, 9 Critical Warnings and 0 Errors encountered.
phys_opt_design completed successfully
INFO: [Timing 38-480] Writing timing data to binary archive.
Writing XDEF routing.
Writing XDEF routing logical nets.
Writing XDEF routing special nets.
Write XDEF Complete: Time (s): cpu = 00:00:04 ; elapsed = 00:00:02 . Memory (MB): peak = 5220.957 ; gain = 0.000 ; free physical = 19966 ; free virtual = 24915
INFO: [Common 17-1381] The checkpoint '/home/ug3/Repos/ug3-seeg/ug3-seeg.runs/impl_1/seeg_zynq_wrapper_physopt.dcp' has been generated.
Command: route_design
Attempting to get a license for feature 'Implementation' and/or device 'xck26'
INFO: [Common 17-349] Got license for feature 'Implementation' and/or device 'xck26'
Running DRC as a precondition to command route_design
INFO: [DRC 23-27] Running DRC with 8 threads
INFO: [Vivado_Tcl 4-198] DRC finished with 0 Errors
INFO: [Vivado_Tcl 4-199] Please refer to the DRC report (report_drc) for more information.


Starting Routing Task
INFO: [Route 35-254] Multithreading enabled for route_design using a maximum of 8 CPUs

Phase 1 Build RT Design
Checksum: PlaceDB: e1107a9 ConstDB: 0 ShapeSum: 6688f51a RouteDB: 163742dc
Nodegraph reading from file.  Time (s): cpu = 00:00:00.33 ; elapsed = 00:00:00.35 . Memory (MB): peak = 5228.961 ; gain = 0.000 ; free physical = 19994 ; free virtual = 24911
Post Restoration Checksum: NetGraph: b1631aff | NumContArr: d3056a5c | Constraints: 5ee3b64e | Timing: 0
Phase 1 Build RT Design | Checksum: 1e34c3ba9

Time (s): cpu = 00:00:12 ; elapsed = 00:00:04 . Memory (MB): peak = 5228.961 ; gain = 0.000 ; free physical = 19994 ; free virtual = 24911

Phase 2 Router Initialization

Phase 2.1 Fix Topology Constraints
Phase 2.1 Fix Topology Constraints | Checksum: 1e34c3ba9

Time (s): cpu = 00:00:12 ; elapsed = 00:00:04 . Memory (MB): peak = 5228.961 ; gain = 0.000 ; free physical = 19994 ; free virtual = 24911

Phase 2.2 Pre Route Cleanup
Phase 2.2 Pre Route Cleanup | Checksum: 1e34c3ba9

Time (s): cpu = 00:00:12 ; elapsed = 00:00:04 . Memory (MB): peak = 5228.961 ; gain = 0.000 ; free physical = 19994 ; free virtual = 24911

Phase 2.3 Global Clock Net Routing
 Number of Nodes with overlaps = 0
Phase 2.3 Global Clock Net Routing | Checksum: 1dd6e5cb9

Time (s): cpu = 00:00:14 ; elapsed = 00:00:05 . Memory (MB): peak = 5228.961 ; gain = 0.000 ; free physical = 19995 ; free virtual = 24912

Phase 2.4 Update Timing
Phase 2.4 Update Timing | Checksum: 241987d0f

Time (s): cpu = 00:00:21 ; elapsed = 00:00:08 . Memory (MB): peak = 5228.961 ; gain = 0.000 ; free physical = 19993 ; free virtual = 24910
INFO: [Route 35-416] Intermediate Timing Summary | WNS=7.524  | TNS=0.000  | WHS=-1.197 | THS=-2019.442|


Phase 2.5 Update Timing for Bus Skew

Phase 2.5.1 Update Timing
Phase 2.5.1 Update Timing | Checksum: 2570e0643

Time (s): cpu = 00:00:34 ; elapsed = 00:00:12 . Memory (MB): peak = 5228.961 ; gain = 0.000 ; free physical = 19995 ; free virtual = 24912
INFO: [Route 35-416] Intermediate Timing Summary | WNS=7.524  | TNS=0.000  | WHS=N/A    | THS=N/A    |

Phase 2.5 Update Timing for Bus Skew | Checksum: 21c44ddb3

Time (s): cpu = 00:00:34 ; elapsed = 00:00:12 . Memory (MB): peak = 5228.961 ; gain = 0.000 ; free physical = 19995 ; free virtual = 24912

Router Utilization Summary
  Global Vertical Routing Utilization    = 0.00592207 %
  Global Horizontal Routing Utilization  = 0.00599419 %
  Routable Net Status*
  *Does not include unroutable nets such as driverless and loadless.
  Run report_route_status for detailed report.
  Number of Failed Nets               = 38941
    (Failed Nets is the sum of unrouted and partially routed nets)
  Number of Unrouted Nets             = 33517
  Number of Partially Routed Nets     = 5424
  Number of Node Overlaps             = 78

Phase 2 Router Initialization | Checksum: 220fa7829

Time (s): cpu = 00:00:36 ; elapsed = 00:00:12 . Memory (MB): peak = 5228.961 ; gain = 0.000 ; free physical = 19995 ; free virtual = 24912

Phase 3 Initial Routing

Phase 3.1 Global Routing
Phase 3.1 Global Routing | Checksum: 220fa7829

Time (s): cpu = 00:00:36 ; elapsed = 00:00:12 . Memory (MB): peak = 5228.961 ; gain = 0.000 ; free physical = 19995 ; free virtual = 24912
Phase 3 Initial Routing | Checksum: 2dcd7f41b

Time (s): cpu = 00:02:49 ; elapsed = 00:00:31 . Memory (MB): peak = 5228.961 ; gain = 0.000 ; free physical = 19995 ; free virtual = 24912

Phase 4 Rip-up And Reroute

Phase 4.1 Global Iteration 0
INFO: [Route 35-443] CLB routing congestion detected. Several CLBs have high routing utilization, which can impact timing closure. Congested CLBs and Nets are dumped in: iter_3_CongestedCLBsAndNets.txt
 Number of Nodes with overlaps = 10167
 Number of Nodes with overlaps = 1111
 Number of Nodes with overlaps = 253
 Number of Nodes with overlaps = 92
 Number of Nodes with overlaps = 38
 Number of Nodes with overlaps = 23
 Number of Nodes with overlaps = 17
 Number of Nodes with overlaps = 8
 Number of Nodes with overlaps = 3
 Number of Nodes with overlaps = 0
INFO: [Route 35-416] Intermediate Timing Summary | WNS=3.780  | TNS=0.000  | WHS=-0.179 | THS=-8.084 |

Phase 4.1 Global Iteration 0 | Checksum: 260dca3ce

Time (s): cpu = 00:12:57 ; elapsed = 00:03:55 . Memory (MB): peak = 5829.969 ; gain = 601.008 ; free physical = 19454 ; free virtual = 24372

Phase 4.2 Global Iteration 1
 Number of Nodes with overlaps = 1267
 Number of Nodes with overlaps = 163
 Number of Nodes with overlaps = 50
 Number of Nodes with overlaps = 41
 Number of Nodes with overlaps = 11
 Number of Nodes with overlaps = 3
 Number of Nodes with overlaps = 1
 Number of Nodes with overlaps = 0
INFO: [Route 35-416] Intermediate Timing Summary | WNS=1.971  | TNS=0.000  | WHS=N/A    | THS=N/A    |

Phase 4.2 Global Iteration 1 | Checksum: 1cb538368

Time (s): cpu = 00:15:26 ; elapsed = 00:05:11 . Memory (MB): peak = 5829.969 ; gain = 601.008 ; free physical = 19429 ; free virtual = 24347
Phase 4 Rip-up And Reroute | Checksum: 1cb538368

Time (s): cpu = 00:15:26 ; elapsed = 00:05:11 . Memory (MB): peak = 5829.969 ; gain = 601.008 ; free physical = 19429 ; free virtual = 24347

Phase 5 Delay and Skew Optimization

Phase 5.1 Delay CleanUp

Phase 5.1.1 Update Timing
Phase 5.1.1 Update Timing | Checksum: 21ab5591b

Time (s): cpu = 00:15:32 ; elapsed = 00:05:12 . Memory (MB): peak = 5829.969 ; gain = 601.008 ; free physical = 19428 ; free virtual = 24345
INFO: [Route 35-416] Intermediate Timing Summary | WNS=1.971  | TNS=0.000  | WHS=0.010  | THS=0.000  |


Phase 5.1.2 Update Timing
Phase 5.1.2 Update Timing | Checksum: 20c002e38

Time (s): cpu = 00:15:36 ; elapsed = 00:05:14 . Memory (MB): peak = 5829.969 ; gain = 601.008 ; free physical = 19426 ; free virtual = 24344
INFO: [Route 35-416] Intermediate Timing Summary | WNS=1.971  | TNS=0.000  | WHS=0.010  | THS=0.000  |

Phase 5.1 Delay CleanUp | Checksum: 1df5ef0e9

Time (s): cpu = 00:15:36 ; elapsed = 00:05:14 . Memory (MB): peak = 5829.969 ; gain = 601.008 ; free physical = 19426 ; free virtual = 24344

Phase 5.2 Clock Skew Optimization
Phase 5.2 Clock Skew Optimization | Checksum: 1df5ef0e9

Time (s): cpu = 00:15:36 ; elapsed = 00:05:14 . Memory (MB): peak = 5829.969 ; gain = 601.008 ; free physical = 19426 ; free virtual = 24344
Phase 5 Delay and Skew Optimization | Checksum: 1df5ef0e9

Time (s): cpu = 00:15:36 ; elapsed = 00:05:14 . Memory (MB): peak = 5829.969 ; gain = 601.008 ; free physical = 19426 ; free virtual = 24344

Phase 6 Post Hold Fix

Phase 6.1 Hold Fix Iter

Phase 6.1.1 Update Timing
Phase 6.1.1 Update Timing | Checksum: 1fa848113

Time (s): cpu = 00:15:40 ; elapsed = 00:05:15 . Memory (MB): peak = 5829.969 ; gain = 601.008 ; free physical = 19426 ; free virtual = 24343
INFO: [Route 35-416] Intermediate Timing Summary | WNS=1.971  | TNS=0.000  | WHS=0.010  | THS=0.000  |

Phase 6.1 Hold Fix Iter | Checksum: 26253798b

Time (s): cpu = 00:15:40 ; elapsed = 00:05:15 . Memory (MB): peak = 5829.969 ; gain = 601.008 ; free physical = 19426 ; free virtual = 24343
Phase 6 Post Hold Fix | Checksum: 26253798b

Time (s): cpu = 00:15:40 ; elapsed = 00:05:15 . Memory (MB): peak = 5829.969 ; gain = 601.008 ; free physical = 19426 ; free virtual = 24343

Phase 7 Route finalize

Router Utilization Summary
  Global Vertical Routing Utilization    = 4.80788 %
  Global Horizontal Routing Utilization  = 5.72582 %
  Routable Net Status*
  *Does not include unroutable nets such as driverless and loadless.
  Run report_route_status for detailed report.
  Number of Failed Nets               = 0
    (Failed Nets is the sum of unrouted and partially routed nets)
  Number of Unrouted Nets             = 0
  Number of Partially Routed Nets     = 0
  Number of Node Overlaps             = 0

Phase 7 Route finalize | Checksum: 1d01cb249

Time (s): cpu = 00:15:41 ; elapsed = 00:05:16 . Memory (MB): peak = 5829.969 ; gain = 601.008 ; free physical = 19427 ; free virtual = 24345

Phase 8 Verifying routed nets

 Verification completed successfully
Phase 8 Verifying routed nets | Checksum: 1d01cb249

Time (s): cpu = 00:15:41 ; elapsed = 00:05:16 . Memory (MB): peak = 5829.969 ; gain = 601.008 ; free physical = 19427 ; free virtual = 24345

Phase 9 Depositing Routes
Phase 9 Depositing Routes | Checksum: 1d01cb249

Time (s): cpu = 00:15:43 ; elapsed = 00:05:17 . Memory (MB): peak = 5829.969 ; gain = 601.008 ; free physical = 19428 ; free virtual = 24345

Phase 10 Resolve XTalk
Phase 10 Resolve XTalk | Checksum: 1d01cb249

Time (s): cpu = 00:15:43 ; elapsed = 00:05:17 . Memory (MB): peak = 5829.969 ; gain = 601.008 ; free physical = 19427 ; free virtual = 24345

Phase 11 Post Router Timing
INFO: [Route 35-57] Estimated Timing Summary | WNS=1.971  | TNS=0.000  | WHS=0.010  | THS=0.000  |

INFO: [Route 35-327] The final timing numbers are based on the router estimated timing analysis. For a complete and accurate timing signoff, please run report_timing_summary.
Phase 11 Post Router Timing | Checksum: 1d01cb249

Time (s): cpu = 00:15:45 ; elapsed = 00:05:17 . Memory (MB): peak = 5829.969 ; gain = 601.008 ; free physical = 19427 ; free virtual = 24345
INFO: [Route 35-16] Router Completed Successfully

Phase 12 Post-Route Event Processing
Phase 12 Post-Route Event Processing | Checksum: 162853513

Time (s): cpu = 00:15:46 ; elapsed = 00:05:18 . Memory (MB): peak = 5829.969 ; gain = 601.008 ; free physical = 19426 ; free virtual = 24344

Time (s): cpu = 00:15:46 ; elapsed = 00:05:18 . Memory (MB): peak = 5829.969 ; gain = 601.008 ; free physical = 19426 ; free virtual = 24344

Routing Is Done.
INFO: [Common 17-83] Releasing license: Implementation
141 Infos, 46 Warnings, 9 Critical Warnings and 0 Errors encountered.
route_design completed successfully
route_design: Time (s): cpu = 00:15:51 ; elapsed = 00:05:19 . Memory (MB): peak = 5829.969 ; gain = 609.012 ; free physical = 19426 ; free virtual = 24344
INFO: [runtcl-4] Executing : report_drc -file seeg_zynq_wrapper_drc_routed.rpt -pb seeg_zynq_wrapper_drc_routed.pb -rpx seeg_zynq_wrapper_drc_routed.rpx
Command: report_drc -file seeg_zynq_wrapper_drc_routed.rpt -pb seeg_zynq_wrapper_drc_routed.pb -rpx seeg_zynq_wrapper_drc_routed.rpx
INFO: [IP_Flow 19-1839] IP Catalog is up to date.
INFO: [DRC 23-27] Running DRC with 8 threads
INFO: [Vivado_Tcl 2-168] The results of DRC are in file /home/ug3/Repos/ug3-seeg/ug3-seeg.runs/impl_1/seeg_zynq_wrapper_drc_routed.rpt.
report_drc completed successfully
INFO: [runtcl-4] Executing : report_methodology -file seeg_zynq_wrapper_methodology_drc_routed.rpt -pb seeg_zynq_wrapper_methodology_drc_routed.pb -rpx seeg_zynq_wrapper_methodology_drc_routed.rpx
Command: report_methodology -file seeg_zynq_wrapper_methodology_drc_routed.rpt -pb seeg_zynq_wrapper_methodology_drc_routed.pb -rpx seeg_zynq_wrapper_methodology_drc_routed.rpx
INFO: [Timing 38-35] Done setting XDC timing constraints.
INFO: [DRC 23-133] Running Methodology with 8 threads
INFO: [Vivado_Tcl 2-1520] The results of Report Methodology are in file /home/ug3/Repos/ug3-seeg/ug3-seeg.runs/impl_1/seeg_zynq_wrapper_methodology_drc_routed.rpt.
report_methodology completed successfully
INFO: [runtcl-4] Executing : report_power -file seeg_zynq_wrapper_power_routed.rpt -pb seeg_zynq_wrapper_power_summary_routed.pb -rpx seeg_zynq_wrapper_power_routed.rpx
Command: report_power -file seeg_zynq_wrapper_power_routed.rpt -pb seeg_zynq_wrapper_power_summary_routed.pb -rpx seeg_zynq_wrapper_power_routed.rpx
INFO: [Timing 38-35] Done setting XDC timing constraints.
Running Vector-less Activity Propagation...

Finished Running Vector-less Activity Propagation
WARNING: [Power 33-332] Found switching activity that implies high-fanout reset nets being asserted for excessive periods of time which may result in inaccurate power analysis.
Resolution: To review and fix problems, please run Power Constraints Advisor in the GUI from Tools > Power Constraints Advisor or run report_power with the -advisory option to generate a text report.
151 Infos, 47 Warnings, 9 Critical Warnings and 0 Errors encountered.
report_power completed successfully
report_power: Time (s): cpu = 00:00:14 ; elapsed = 00:00:06 . Memory (MB): peak = 5885.996 ; gain = 24.012 ; free physical = 19413 ; free virtual = 24343
INFO: [runtcl-4] Executing : report_route_status -file seeg_zynq_wrapper_route_status.rpt -pb seeg_zynq_wrapper_route_status.pb
INFO: [runtcl-4] Executing : report_timing_summary -max_paths 10 -report_unconstrained -file seeg_zynq_wrapper_timing_summary_routed.rpt -pb seeg_zynq_wrapper_timing_summary_routed.pb -rpx seeg_zynq_wrapper_timing_summary_routed.rpx -warn_on_violation 
INFO: [Timing 38-91] UpdateTimingParams: Speed grade: -2LV, Temperature grade: C, Delay Type: min_max.
INFO: [Timing 38-191] Multithreading enabled for timing update using a maximum of 8 CPUs
WARNING: [Timing 38-436] There are set_bus_skew constraint(s) in this design. Please run report_bus_skew to ensure that bus skew requirements are met.
INFO: [runtcl-4] Executing : report_incremental_reuse -file seeg_zynq_wrapper_incremental_reuse_routed.rpt
INFO: [Vivado_Tcl 4-1062] Incremental flow is disabled. No incremental reuse Info to report.
INFO: [runtcl-4] Executing : report_clock_utilization -file seeg_zynq_wrapper_clock_utilization_routed.rpt
INFO: [runtcl-4] Executing : report_bus_skew -warn_on_violation -file seeg_zynq_wrapper_bus_skew_routed.rpt -pb seeg_zynq_wrapper_bus_skew_routed.pb -rpx seeg_zynq_wrapper_bus_skew_routed.rpx
INFO: [Timing 38-91] UpdateTimingParams: Speed grade: -2LV, Temperature grade: C, Delay Type: min_max.
INFO: [Timing 38-191] Multithreading enabled for timing update using a maximum of 8 CPUs
INFO: [Timing 38-480] Writing timing data to binary archive.
Writing XDEF routing.
Writing XDEF routing logical nets.
Writing XDEF routing special nets.
Write XDEF Complete: Time (s): cpu = 00:00:04 ; elapsed = 00:00:02 . Memory (MB): peak = 5885.996 ; gain = 0.000 ; free physical = 19348 ; free virtual = 24343
INFO: [Common 17-1381] The checkpoint '/home/ug3/Repos/ug3-seeg/ug3-seeg.runs/impl_1/seeg_zynq_wrapper_routed.dcp' has been generated.

WARNING::74 - Unsupported FPGA device name 'xck26-sfvc784-2LV-c'. Verify that the specified device is a valid customer supported device.
-p xck26-sfvc784-2LV-c
   ^

INFO: [Memdata 28-167] Found XPM memory block seeg_zynq_i/smartconnect_0/inst/s01_nodes/s01_w_node/inst/inst_mi_handler/gen_normal_area.inst_fifo_node_payld/gen_xpm_memory_fifo.inst_fifo/gen_mem_rep[0].inst_xpm_memory/xpm_memory_base_inst with a P_MEMORY_PRIMITIVE property set to distributed. A value of block is required. You will not be able to use the updatemem program to update the bitstream with new data for the seeg_zynq_i/smartconnect_0/inst/s01_nodes/s01_w_node/inst/inst_mi_handler/gen_normal_area.inst_fifo_node_payld/gen_xpm_memory_fifo.inst_fifo/gen_mem_rep[0].inst_xpm_memory/xpm_memory_base_inst block.
INFO: [Memdata 28-167] Found XPM memory block seeg_zynq_i/smartconnect_0/inst/s01_nodes/s01_w_node/inst/inst_mi_handler/gen_normal_area.gen_fifo_req.inst_fifo_req/gen_xpm_memory_fifo.inst_fifo/gen_mem_rep[0].inst_xpm_memory/xpm_memory_base_inst with a P_MEMORY_PRIMITIVE property set to distributed. A value of block is required. You will not be able to use the updatemem program to update the bitstream with new data for the seeg_zynq_i/smartconnect_0/inst/s01_nodes/s01_w_node/inst/inst_mi_handler/gen_normal_area.gen_fifo_req.inst_fifo_req/gen_xpm_memory_fifo.inst_fifo/gen_mem_rep[0].inst_xpm_memory/xpm_memory_base_inst block.
INFO: [Memdata 28-167] Found XPM memory block seeg_zynq_i/smartconnect_0/inst/s01_nodes/s01_b_node/inst/inst_mi_handler/gen_normal_area.inst_fifo_node_payld/gen_xpm_memory_fifo.inst_fifo/gen_mem_rep[0].inst_xpm_memory/xpm_memory_base_inst with a P_MEMORY_PRIMITIVE property set to distributed. A value of block is required. You will not be able to use the updatemem program to update the bitstream with new data for the seeg_zynq_i/smartconnect_0/inst/s01_nodes/s01_b_node/inst/inst_mi_handler/gen_normal_area.inst_fifo_node_payld/gen_xpm_memory_fifo.inst_fifo/gen_mem_rep[0].inst_xpm_memory/xpm_memory_base_inst block.
INFO: [Memdata 28-167] Found XPM memory block seeg_zynq_i/smartconnect_0/inst/s01_nodes/s01_aw_node/inst/inst_mi_handler/gen_normal_area.inst_fifo_node_payld/gen_xpm_memory_fifo.inst_fifo/gen_mem_rep[0].inst_xpm_memory/xpm_memory_base_inst with a P_MEMORY_PRIMITIVE property set to distributed. A value of block is required. You will not be able to use the updatemem program to update the bitstream with new data for the seeg_zynq_i/smartconnect_0/inst/s01_nodes/s01_aw_node/inst/inst_mi_handler/gen_normal_area.inst_fifo_node_payld/gen_xpm_memory_fifo.inst_fifo/gen_mem_rep[0].inst_xpm_memory/xpm_memory_base_inst block.
INFO: [Memdata 28-167] Found XPM memory block seeg_zynq_i/smartconnect_0/inst/s00_nodes/s00_w_node/inst/inst_mi_handler/gen_normal_area.inst_fifo_node_payld/gen_xpm_memory_fifo.inst_fifo/gen_mem_rep[0].inst_xpm_memory/xpm_memory_base_inst with a P_MEMORY_PRIMITIVE property set to distributed. A value of block is required. You will not be able to use the updatemem program to update the bitstream with new data for the seeg_zynq_i/smartconnect_0/inst/s00_nodes/s00_w_node/inst/inst_mi_handler/gen_normal_area.inst_fifo_node_payld/gen_xpm_memory_fifo.inst_fifo/gen_mem_rep[0].inst_xpm_memory/xpm_memory_base_inst block.
INFO: [Memdata 28-167] Found XPM memory block seeg_zynq_i/smartconnect_0/inst/s00_nodes/s00_w_node/inst/inst_mi_handler/gen_normal_area.gen_fifo_req.inst_fifo_req/gen_xpm_memory_fifo.inst_fifo/gen_mem_rep[0].inst_xpm_memory/xpm_memory_base_inst with a P_MEMORY_PRIMITIVE property set to distributed. A value of block is required. You will not be able to use the updatemem program to update the bitstream with new data for the seeg_zynq_i/smartconnect_0/inst/s00_nodes/s00_w_node/inst/inst_mi_handler/gen_normal_area.gen_fifo_req.inst_fifo_req/gen_xpm_memory_fifo.inst_fifo/gen_mem_rep[0].inst_xpm_memory/xpm_memory_base_inst block.
INFO: [Memdata 28-167] Found XPM memory block seeg_zynq_i/smartconnect_0/inst/s00_nodes/s00_r_node/inst/inst_mi_handler/gen_normal_area.inst_fifo_node_payld/gen_xpm_memory_fifo.inst_fifo/gen_mem_rep[0].inst_xpm_memory/xpm_memory_base_inst with a P_MEMORY_PRIMITIVE property set to distributed. A value of block is required. You will not be able to use the updatemem program to update the bitstream with new data for the seeg_zynq_i/smartconnect_0/inst/s00_nodes/s00_r_node/inst/inst_mi_handler/gen_normal_area.inst_fifo_node_payld/gen_xpm_memory_fifo.inst_fifo/gen_mem_rep[0].inst_xpm_memory/xpm_memory_base_inst block.
INFO: [Memdata 28-167] Found XPM memory block seeg_zynq_i/smartconnect_0/inst/s00_nodes/s00_b_node/inst/inst_mi_handler/gen_normal_area.inst_fifo_node_payld/gen_xpm_memory_fifo.inst_fifo/gen_mem_rep[0].inst_xpm_memory/xpm_memory_base_inst with a P_MEMORY_PRIMITIVE property set to distributed. A value of block is required. You will not be able to use the updatemem program to update the bitstream with new data for the seeg_zynq_i/smartconnect_0/inst/s00_nodes/s00_b_node/inst/inst_mi_handler/gen_normal_area.inst_fifo_node_payld/gen_xpm_memory_fifo.inst_fifo/gen_mem_rep[0].inst_xpm_memory/xpm_memory_base_inst block.
INFO: [Memdata 28-167] Found XPM memory block seeg_zynq_i/smartconnect_0/inst/s00_nodes/s00_aw_node/inst/inst_mi_handler/gen_normal_area.inst_fifo_node_payld/gen_xpm_memory_fifo.inst_fifo/gen_mem_rep[0].inst_xpm_memory/xpm_memory_base_inst with a P_MEMORY_PRIMITIVE property set to distributed. A value of block is required. You will not be able to use the updatemem program to update the bitstream with new data for the seeg_zynq_i/smartconnect_0/inst/s00_nodes/s00_aw_node/inst/inst_mi_handler/gen_normal_area.inst_fifo_node_payld/gen_xpm_memory_fifo.inst_fifo/gen_mem_rep[0].inst_xpm_memory/xpm_memory_base_inst block.
INFO: [Memdata 28-167] Found XPM memory block seeg_zynq_i/smartconnect_0/inst/s00_nodes/s00_ar_node/inst/inst_mi_handler/gen_normal_area.inst_fifo_node_payld/gen_xpm_memory_fifo.inst_fifo/gen_mem_rep[0].inst_xpm_memory/xpm_memory_base_inst with a P_MEMORY_PRIMITIVE property set to distributed. A value of block is required. You will not be able to use the updatemem program to update the bitstream with new data for the seeg_zynq_i/smartconnect_0/inst/s00_nodes/s00_ar_node/inst/inst_mi_handler/gen_normal_area.inst_fifo_node_payld/gen_xpm_memory_fifo.inst_fifo/gen_mem_rep[0].inst_xpm_memory/xpm_memory_base_inst block.
INFO: [Memdata 28-167] Found XPM memory block seeg_zynq_i/smartconnect_0/inst/m00_nodes/m00_w_node/inst/inst_si_handler/gen_si_handler.gen_request_fifos.gen_req_fifo[1].inst_req_fifo/gen_xpm_memory_fifo.inst_fifo/gen_mem_rep[0].inst_xpm_memory/xpm_memory_base_inst with a P_MEMORY_PRIMITIVE property set to distributed. A value of block is required. You will not be able to use the updatemem program to update the bitstream with new data for the seeg_zynq_i/smartconnect_0/inst/m00_nodes/m00_w_node/inst/inst_si_handler/gen_si_handler.gen_request_fifos.gen_req_fifo[1].inst_req_fifo/gen_xpm_memory_fifo.inst_fifo/gen_mem_rep[0].inst_xpm_memory/xpm_memory_base_inst block.
INFO: [Memdata 28-167] Found XPM memory block seeg_zynq_i/smartconnect_0/inst/m00_nodes/m00_w_node/inst/inst_si_handler/gen_si_handler.gen_request_fifos.gen_req_fifo[0].inst_req_fifo/gen_xpm_memory_fifo.inst_fifo/gen_mem_rep[0].inst_xpm_memory/xpm_memory_base_inst with a P_MEMORY_PRIMITIVE property set to distributed. A value of block is required. You will not be able to use the updatemem program to update the bitstream with new data for the seeg_zynq_i/smartconnect_0/inst/m00_nodes/m00_w_node/inst/inst_si_handler/gen_si_handler.gen_request_fifos.gen_req_fifo[0].inst_req_fifo/gen_xpm_memory_fifo.inst_fifo/gen_mem_rep[0].inst_xpm_memory/xpm_memory_base_inst block.
INFO: [Memdata 28-167] Found XPM memory block seeg_zynq_i/smartconnect_0/inst/m00_nodes/m00_w_node/inst/inst_mi_handler/gen_normal_area.inst_fifo_node_payld/gen_xpm_memory_fifo.inst_fifo/gen_mem_rep[0].inst_xpm_memory/xpm_memory_base_inst with a P_MEMORY_PRIMITIVE property set to distributed. A value of block is required. You will not be able to use the updatemem program to update the bitstream with new data for the seeg_zynq_i/smartconnect_0/inst/m00_nodes/m00_w_node/inst/inst_mi_handler/gen_normal_area.inst_fifo_node_payld/gen_xpm_memory_fifo.inst_fifo/gen_mem_rep[0].inst_xpm_memory/xpm_memory_base_inst block.
INFO: [Memdata 28-167] Found XPM memory block seeg_zynq_i/smartconnect_0/inst/m00_nodes/m00_r_node/inst/inst_mi_handler/gen_normal_area.inst_fifo_node_payld/gen_xpm_memory_fifo.inst_fifo/gen_mem_rep[0].inst_xpm_memory/xpm_memory_base_inst with a P_MEMORY_PRIMITIVE property set to distributed. A value of block is required. You will not be able to use the updatemem program to update the bitstream with new data for the seeg_zynq_i/smartconnect_0/inst/m00_nodes/m00_r_node/inst/inst_mi_handler/gen_normal_area.inst_fifo_node_payld/gen_xpm_memory_fifo.inst_fifo/gen_mem_rep[0].inst_xpm_memory/xpm_memory_base_inst block.
INFO: [Memdata 28-167] Found XPM memory block seeg_zynq_i/smartconnect_0/inst/m00_nodes/m00_r_node/inst/inst_mi_handler/gen_normal_area.gen_fifo_req.inst_fifo_req/gen_xpm_memory_fifo.inst_fifo/gen_mem_rep[0].inst_xpm_memory/xpm_memory_base_inst with a P_MEMORY_PRIMITIVE property set to distributed. A value of block is required. You will not be able to use the updatemem program to update the bitstream with new data for the seeg_zynq_i/smartconnect_0/inst/m00_nodes/m00_r_node/inst/inst_mi_handler/gen_normal_area.gen_fifo_req.inst_fifo_req/gen_xpm_memory_fifo.inst_fifo/gen_mem_rep[0].inst_xpm_memory/xpm_memory_base_inst block.
INFO: [Memdata 28-167] Found XPM memory block seeg_zynq_i/smartconnect_0/inst/m00_nodes/m00_b_node/inst/inst_mi_handler/gen_normal_area.inst_fifo_node_payld/gen_xpm_memory_fifo.inst_fifo/gen_mem_rep[0].inst_xpm_memory/xpm_memory_base_inst with a P_MEMORY_PRIMITIVE property set to distributed. A value of block is required. You will not be able to use the updatemem program to update the bitstream with new data for the seeg_zynq_i/smartconnect_0/inst/m00_nodes/m00_b_node/inst/inst_mi_handler/gen_normal_area.inst_fifo_node_payld/gen_xpm_memory_fifo.inst_fifo/gen_mem_rep[0].inst_xpm_memory/xpm_memory_base_inst block.
INFO: [Memdata 28-167] Found XPM memory block seeg_zynq_i/smartconnect_0/inst/m00_nodes/m00_b_node/inst/inst_mi_handler/gen_normal_area.gen_fifo_req.inst_fifo_req/gen_xpm_memory_fifo.inst_fifo/gen_mem_rep[0].inst_xpm_memory/xpm_memory_base_inst with a P_MEMORY_PRIMITIVE property set to distributed. A value of block is required. You will not be able to use the updatemem program to update the bitstream with new data for the seeg_zynq_i/smartconnect_0/inst/m00_nodes/m00_b_node/inst/inst_mi_handler/gen_normal_area.gen_fifo_req.inst_fifo_req/gen_xpm_memory_fifo.inst_fifo/gen_mem_rep[0].inst_xpm_memory/xpm_memory_base_inst block.
INFO: [Memdata 28-167] Found XPM memory block seeg_zynq_i/smartconnect_0/inst/m00_nodes/m00_aw_node/inst/inst_mi_handler/gen_normal_area.inst_fifo_node_payld/gen_xpm_memory_fifo.inst_fifo/gen_mem_rep[0].inst_xpm_memory/xpm_memory_base_inst with a P_MEMORY_PRIMITIVE property set to distributed. A value of block is required. You will not be able to use the updatemem program to update the bitstream with new data for the seeg_zynq_i/smartconnect_0/inst/m00_nodes/m00_aw_node/inst/inst_mi_handler/gen_normal_area.inst_fifo_node_payld/gen_xpm_memory_fifo.inst_fifo/gen_mem_rep[0].inst_xpm_memory/xpm_memory_base_inst block.
INFO: [Memdata 28-167] Found XPM memory block seeg_zynq_i/smartconnect_0/inst/m00_nodes/m00_ar_node/inst/inst_mi_handler/gen_normal_area.inst_fifo_node_payld/gen_xpm_memory_fifo.inst_fifo/gen_mem_rep[0].inst_xpm_memory/xpm_memory_base_inst with a P_MEMORY_PRIMITIVE property set to distributed. A value of block is required. You will not be able to use the updatemem program to update the bitstream with new data for the seeg_zynq_i/smartconnect_0/inst/m00_nodes/m00_ar_node/inst/inst_mi_handler/gen_normal_area.inst_fifo_node_payld/gen_xpm_memory_fifo.inst_fifo/gen_mem_rep[0].inst_xpm_memory/xpm_memory_base_inst block.
INFO: [Memdata 28-208] The XPM instance: <seeg_zynq_i/seeg_top_0/inst/axis_data_fifo_seeg_0/inst/gen_fifo.xpm_fifo_axis_inst/xpm_fifo_base_inst/gen_sdpram.xpm_memory_base_inst> is part of IP: <seeg_zynq_i/seeg_top_0/inst/axis_data_fifo_seeg_0>. This XPM instance will be excluded from the .mmi because updatemem is prohibited from making changes to an XPM that is part of an IP.
INFO: [Memdata 28-167] Found XPM memory block seeg_zynq_i/axi_dma_0/U0/I_PRMRY_DATAMOVER/GEN_S2MM_FULL.I_S2MM_FULL_WRAPPER/GEN_ENABLE_INDET_BTT_SF.I_INDET_BTT/I_XD_FIFO/NON_BLK_MEM.I_SYNC_FIFOGEN_FIFO/xpm_fifo_instance.xpm_fifo_sync_inst/xpm_fifo_base_inst/gen_sdpram.xpm_memory_base_inst with a P_MEMORY_PRIMITIVE property set to auto. A value of block is required. You will not be able to use the updatemem program to update the bitstream with new data for the seeg_zynq_i/axi_dma_0/U0/I_PRMRY_DATAMOVER/GEN_S2MM_FULL.I_S2MM_FULL_WRAPPER/GEN_ENABLE_INDET_BTT_SF.I_INDET_BTT/I_XD_FIFO/NON_BLK_MEM.I_SYNC_FIFOGEN_FIFO/xpm_fifo_instance.xpm_fifo_sync_inst/xpm_fifo_base_inst/gen_sdpram.xpm_memory_base_inst block.
INFO: [Memdata 28-208] The XPM instance: <seeg_zynq_i/axi_dma_0/U0/I_PRMRY_DATAMOVER/GEN_S2MM_FULL.I_S2MM_FULL_WRAPPER/GEN_ENABLE_INDET_BTT_SF.I_INDET_BTT/I_DATA_FIFO/BLK_MEM.I_SYNC_FIFOGEN_FIFO/xpm_fifo_instance.xpm_fifo_sync_inst/xpm_fifo_base_inst/gen_sdpram.xpm_memory_base_inst> is part of IP: <seeg_zynq_i/axi_dma_0>. This XPM instance will be excluded from the .mmi because updatemem is prohibited from making changes to an XPM that is part of an IP.
Command: write_bitstream -force seeg_zynq_wrapper.bit
Attempting to get a license for feature 'Implementation' and/or device 'xck26'
INFO: [Common 17-349] Got license for feature 'Implementation' and/or device 'xck26'
Running DRC as a precondition to command write_bitstream
INFO: [IP_Flow 19-1839] IP Catalog is up to date.
INFO: [DRC 23-27] Running DRC with 8 threads
WARNING: [DRC PDCN-1569] LUT equation term check: Used physical LUT pin 'A2' of cell dbg_hub/inst/BSCANID.u_xsdbm_id/SWITCH_N_EXT_BSCAN.bscan_switch/temp_curid[31]_i_1 (pin dbg_hub/inst/BSCANID.u_xsdbm_id/SWITCH_N_EXT_BSCAN.bscan_switch/temp_curid[31]_i_1/I0) is not included in the LUT equation: 'O5=(A5*A1)+(A5*(~A1)*(~A4))+((~A5))'. If this cell is a user instantiated LUT in the design, please remove connectivity to the pin or change the equation and/or INIT string of the LUT to prevent this issue. If the cell is inferred or IP created LUT, please regenerate the IP and/or resynthesize the design to attempt to correct the issue.
WARNING: [DRC PDCN-1569] LUT equation term check: Used physical LUT pin 'A3' of cell dbg_hub/inst/BSCANID.u_xsdbm_id/SWITCH_N_EXT_BSCAN.bscan_switch/temp_curid[31]_i_1 (pin dbg_hub/inst/BSCANID.u_xsdbm_id/SWITCH_N_EXT_BSCAN.bscan_switch/temp_curid[31]_i_1/I1) is not included in the LUT equation: 'O5=(A5*A1)+(A5*(~A1)*(~A4))+((~A5))'. If this cell is a user instantiated LUT in the design, please remove connectivity to the pin or change the equation and/or INIT string of the LUT to prevent this issue. If the cell is inferred or IP created LUT, please regenerate the IP and/or resynthesize the design to attempt to correct the issue.
WARNING: [DRC PDCN-1569] LUT equation term check: Used physical LUT pin 'A5' of cell dbg_hub/inst/BSCANID.u_xsdbm_id/SWITCH_N_EXT_BSCAN.id_state[0]_i_1 (pin dbg_hub/inst/BSCANID.u_xsdbm_id/SWITCH_N_EXT_BSCAN.id_state[0]_i_1/I0) is not included in the LUT equation: 'O6=(A6+~A6)*((A4))'. If this cell is a user instantiated LUT in the design, please remove connectivity to the pin or change the equation and/or INIT string of the LUT to prevent this issue. If the cell is inferred or IP created LUT, please regenerate the IP and/or resynthesize the design to attempt to correct the issue.
WARNING: [DRC RTSTAT-10] No routable loads: 40 net(s) have no routable loads. The problem bus(es) and/or net(s) are dbg_hub/inst/BSCANID.u_xsdbm_id/SWITCH_N_EXT_BSCAN.bscan_inst/TMS, dbg_hub/inst/BSCANID.u_xsdbm_id/CORE_XSDB.UUT_MASTER/U_ICON_INTERFACE/U_CMD6_RD/U_RD_FIFO/SUBCORE_FIFO.xsdbm_v3_0_0_rdfifo_inst/inst_fifo_gen/gconvfifo.rf/grf.rf/gntv_or_sync_fifo.gl0.rd/gr1.gr1_int.rfwft/aempty_fwft_i, dbg_hub/inst/BSCANID.u_xsdbm_id/CORE_XSDB.UUT_MASTER/U_ICON_INTERFACE/U_CMD7_CTL/ctl_reg[2:0], dbg_hub/inst/BSCANID.u_xsdbm_id/CORE_XSDB.UUT_MASTER/U_ICON_INTERFACE/U_CMD7_CTL/ctl_reg_en_2[1], dbg_hub/inst/BSCANID.u_xsdbm_id/CORE_XSDB.UUT_MASTER/U_ICON_INTERFACE/U_CMD1/ctl_reg_en_2[1], dbg_hub/inst/BSCANID.u_xsdbm_id/SWITCH_N_EXT_BSCAN.bscan_switch/m_bscan_capture[0], dbg_hub/inst/BSCANID.u_xsdbm_id/SWITCH_N_EXT_BSCAN.bscan_switch/m_bscan_drck[0], dbg_hub/inst/BSCANID.u_xsdbm_id/SWITCH_N_EXT_BSCAN.bscan_switch/m_bscan_runtest[0], seeg_zynq_i/smartconnect_1/inst/m01_nodes/m01_w_node/inst/mi_handler_m_sc_areset_pipe, seeg_zynq_i/smartconnect_1/inst/m01_nodes/m01_b_node/inst/mi_handler_m_sc_areset_pipe, seeg_zynq_i/smartconnect_1/inst/s00_nodes/s00_ar_node/inst/mi_handler_m_sc_areset_pipe, seeg_zynq_i/smartconnect_1/inst/s00_nodes/s00_aw_node/inst/mi_handler_m_sc_areset_pipe, seeg_zynq_i/smartconnect_1/inst/m00_nodes/m00_aw_node/inst/mi_handler_m_sc_areset_pipe, seeg_zynq_i/smartconnect_1/inst/s00_nodes/s00_b_node/inst/mi_handler_m_sc_areset_pipe, seeg_zynq_i/smartconnect_1/inst/m00_nodes/m00_b_node/inst/mi_handler_m_sc_areset_pipe... and (the first 15 of 38 listed).
INFO: [Vivado 12-3199] DRC finished with 0 Errors, 4 Warnings
INFO: [Vivado 12-3200] Please refer to the DRC report (report_drc) for more information.
INFO: [Designutils 20-2272] Running write_bitstream with 8 threads.
Loading data files...
Loading site data...
Loading route data...
Processing options...
Creating bitmap...
Creating bitstream...
Writing bitstream ./seeg_zynq_wrapper.bit...
INFO: [Vivado 12-1842] Bitgen Completed Successfully.
INFO: [Project 1-1876] WebTalk data collection is mandatory when using a ULT device. To see the specific WebTalk data collected for your design, open the usage_statistics_webtalk.html or usage_statistics_webtalk.xml file in the implementation directory.
INFO: [Common 17-83] Releasing license: Implementation
36 Infos, 4 Warnings, 0 Critical Warnings and 0 Errors encountered.
write_bitstream completed successfully
write_bitstream: Time (s): cpu = 00:00:19 ; elapsed = 00:00:13 . Memory (MB): peak = 5885.996 ; gain = 0.000 ; free physical = 19378 ; free virtual = 24340
INFO: [Common 17-206] Exiting Vivado at Mon Mar 31 23:24:17 2025...
