
*** Running vivado
    with args -log seeg_zynq_system_ila_0_0.vds -m64 -product Vivado -mode batch -messageDb vivado.pb -notrace -source seeg_zynq_system_ila_0_0.tcl


****** Vivado v2023.1 (64-bit)
  **** SW Build 3865809 on Sun May  7 15:04:56 MDT 2023
  **** IP Build 3864474 on Sun May  7 20:36:21 MDT 2023
  **** SharedData Build 3865790 on Sun May 07 13:33:03 MDT 2023
    ** Copyright 1986-2022 Xilinx, Inc. All Rights Reserved.
    ** Copyright 2022-2023 Advanced Micro Devices, Inc. All Rights Reserved.

source seeg_zynq_system_ila_0_0.tcl -notrace
create_project: Time (s): cpu = 00:00:05 ; elapsed = 00:00:05 . Memory (MB): peak = 1336.762 ; gain = 64.039 ; free physical = 18629 ; free virtual = 23927
INFO: [IP_Flow 19-6924] IPCACHE: Running cache check for IP inst: seeg_zynq_system_ila_0_0
Command: synth_design -top seeg_zynq_system_ila_0_0 -part xck26-sfvc784-2LV-c -incremental_mode off -mode out_of_context
Starting synth_design
Attempting to get a license for feature 'Synthesis' and/or device 'xck26'
INFO: [Common 17-349] Got license for feature 'Synthesis' and/or device 'xck26'
INFO: [Device 21-403] Loading part xck26-sfvc784-2LV-c
INFO: [Synth 8-7079] Multithreading enabled for synth_design using a maximum of 4 processes.
INFO: [Synth 8-7078] Launching helper process for spawning children vivado processes
INFO: [Synth 8-7075] Helper process launched with PID 26319
INFO: [Synth 8-11241] undeclared symbol 'rddata_rst_i', assumed default net type 'wire' [/home/ug3/Repos/ug3-seeg/ug3-seeg.gen/sources_1/bd/seeg_zynq/ipshared/affe/hdl/xsdbm_v3_0_vl_rfs.v:2188]
INFO: [Synth 8-11241] undeclared symbol 'datard_overflow', assumed default net type 'wire' [/home/ug3/Repos/ug3-seeg/ug3-seeg.gen/sources_1/bd/seeg_zynq/ipshared/affe/hdl/xsdbm_v3_0_vl_rfs.v:2235]
INFO: [Synth 8-11241] undeclared symbol 'datard_underflow', assumed default net type 'wire' [/home/ug3/Repos/ug3-seeg/ug3-seeg.gen/sources_1/bd/seeg_zynq/ipshared/affe/hdl/xsdbm_v3_0_vl_rfs.v:2236]
INFO: [Synth 8-11241] undeclared symbol 'tms_int', assumed default net type 'wire' [/home/ug3/Repos/ug3-seeg/ug3-seeg.gen/sources_1/bd/seeg_zynq/ipshared/affe/hdl/xsdbm_v3_0_vl_rfs.v:6379]
INFO: [Synth 8-11241] undeclared symbol 'runtest_int', assumed default net type 'wire' [/home/ug3/Repos/ug3-seeg/ug3-seeg.gen/sources_1/bd/seeg_zynq/ipshared/affe/hdl/xsdbm_v3_0_vl_rfs.v:6381]
INFO: [Synth 8-11241] undeclared symbol 'tms_int', assumed default net type 'wire' [/home/ug3/Repos/ug3-seeg/ug3-seeg.gen/sources_1/bd/seeg_zynq/ipshared/affe/hdl/xsdbm_v3_0_vl_rfs.v:6412]
INFO: [Synth 8-11241] undeclared symbol 'runtest_int', assumed default net type 'wire' [/home/ug3/Repos/ug3-seeg/ug3-seeg.gen/sources_1/bd/seeg_zynq/ipshared/affe/hdl/xsdbm_v3_0_vl_rfs.v:6414]
INFO: [Synth 8-11241] undeclared symbol 'tms_int', assumed default net type 'wire' [/home/ug3/Repos/ug3-seeg/ug3-seeg.gen/sources_1/bd/seeg_zynq/ipshared/affe/hdl/xsdbm_v3_0_vl_rfs.v:6447]
INFO: [Synth 8-11241] undeclared symbol 'runtest_int', assumed default net type 'wire' [/home/ug3/Repos/ug3-seeg/ug3-seeg.gen/sources_1/bd/seeg_zynq/ipshared/affe/hdl/xsdbm_v3_0_vl_rfs.v:6449]
INFO: [Synth 8-11241] undeclared symbol 'tms_int', assumed default net type 'wire' [/home/ug3/Repos/ug3-seeg/ug3-seeg.gen/sources_1/bd/seeg_zynq/ipshared/affe/hdl/verilog/xsdbm_v3_0_0_bs_core_ext.vh:30]
INFO: [Synth 8-11241] undeclared symbol 'runtest_int', assumed default net type 'wire' [/home/ug3/Repos/ug3-seeg/ug3-seeg.gen/sources_1/bd/seeg_zynq/ipshared/affe/hdl/verilog/xsdbm_v3_0_0_bs_core_ext.vh:32]
INFO: [Synth 8-11241] undeclared symbol 'tms_int', assumed default net type 'wire' [/home/ug3/Repos/ug3-seeg/ug3-seeg.gen/sources_1/bd/seeg_zynq/ipshared/affe/hdl/verilog/xsdbm_v3_0_0_bs_core_ext.vh:69]
INFO: [Synth 8-11241] undeclared symbol 'runtest_int', assumed default net type 'wire' [/home/ug3/Repos/ug3-seeg/ug3-seeg.gen/sources_1/bd/seeg_zynq/ipshared/affe/hdl/verilog/xsdbm_v3_0_0_bs_core_ext.vh:71]
INFO: [Synth 8-11241] undeclared symbol 'tms_int', assumed default net type 'wire' [/home/ug3/Repos/ug3-seeg/ug3-seeg.gen/sources_1/bd/seeg_zynq/ipshared/affe/hdl/verilog/xsdbm_v3_0_0_bs_core_ext.vh:109]
INFO: [Synth 8-11241] undeclared symbol 'runtest_int', assumed default net type 'wire' [/home/ug3/Repos/ug3-seeg/ug3-seeg.gen/sources_1/bd/seeg_zynq/ipshared/affe/hdl/verilog/xsdbm_v3_0_0_bs_core_ext.vh:111]
INFO: [Synth 8-11241] undeclared symbol 'tms_int', assumed default net type 'wire' [/home/ug3/Repos/ug3-seeg/ug3-seeg.gen/sources_1/bd/seeg_zynq/ipshared/affe/hdl/verilog/xsdbm_v3_0_0_bs_core_ext.vh:150]
INFO: [Synth 8-11241] undeclared symbol 'runtest_int', assumed default net type 'wire' [/home/ug3/Repos/ug3-seeg/ug3-seeg.gen/sources_1/bd/seeg_zynq/ipshared/affe/hdl/verilog/xsdbm_v3_0_0_bs_core_ext.vh:152]
INFO: [Synth 8-11241] undeclared symbol 'tms_int', assumed default net type 'wire' [/home/ug3/Repos/ug3-seeg/ug3-seeg.gen/sources_1/bd/seeg_zynq/ipshared/affe/hdl/verilog/xsdbm_v3_0_0_bs_core_ext.vh:192]
INFO: [Synth 8-11241] undeclared symbol 'runtest_int', assumed default net type 'wire' [/home/ug3/Repos/ug3-seeg/ug3-seeg.gen/sources_1/bd/seeg_zynq/ipshared/affe/hdl/verilog/xsdbm_v3_0_0_bs_core_ext.vh:194]
INFO: [Synth 8-11241] undeclared symbol 'tms_int', assumed default net type 'wire' [/home/ug3/Repos/ug3-seeg/ug3-seeg.gen/sources_1/bd/seeg_zynq/ipshared/affe/hdl/verilog/xsdbm_v3_0_0_bs_core_ext.vh:235]
INFO: [Synth 8-11241] undeclared symbol 'runtest_int', assumed default net type 'wire' [/home/ug3/Repos/ug3-seeg/ug3-seeg.gen/sources_1/bd/seeg_zynq/ipshared/affe/hdl/verilog/xsdbm_v3_0_0_bs_core_ext.vh:237]
INFO: [Synth 8-11241] undeclared symbol 'tms_int', assumed default net type 'wire' [/home/ug3/Repos/ug3-seeg/ug3-seeg.gen/sources_1/bd/seeg_zynq/ipshared/affe/hdl/verilog/xsdbm_v3_0_0_bs_core_ext.vh:279]
INFO: [Synth 8-11241] undeclared symbol 'runtest_int', assumed default net type 'wire' [/home/ug3/Repos/ug3-seeg/ug3-seeg.gen/sources_1/bd/seeg_zynq/ipshared/affe/hdl/verilog/xsdbm_v3_0_0_bs_core_ext.vh:281]
INFO: [Synth 8-11241] undeclared symbol 'tms_int', assumed default net type 'wire' [/home/ug3/Repos/ug3-seeg/ug3-seeg.gen/sources_1/bd/seeg_zynq/ipshared/affe/hdl/verilog/xsdbm_v3_0_0_bs_core_ext.vh:324]
INFO: [Synth 8-11241] undeclared symbol 'runtest_int', assumed default net type 'wire' [/home/ug3/Repos/ug3-seeg/ug3-seeg.gen/sources_1/bd/seeg_zynq/ipshared/affe/hdl/verilog/xsdbm_v3_0_0_bs_core_ext.vh:326]
INFO: [Synth 8-11241] undeclared symbol 'tms_int', assumed default net type 'wire' [/home/ug3/Repos/ug3-seeg/ug3-seeg.gen/sources_1/bd/seeg_zynq/ipshared/affe/hdl/verilog/xsdbm_v3_0_0_bs_core_ext.vh:370]
INFO: [Synth 8-11241] undeclared symbol 'runtest_int', assumed default net type 'wire' [/home/ug3/Repos/ug3-seeg/ug3-seeg.gen/sources_1/bd/seeg_zynq/ipshared/affe/hdl/verilog/xsdbm_v3_0_0_bs_core_ext.vh:372]
INFO: [Synth 8-11241] undeclared symbol 'tms_int', assumed default net type 'wire' [/home/ug3/Repos/ug3-seeg/ug3-seeg.gen/sources_1/bd/seeg_zynq/ipshared/affe/hdl/verilog/xsdbm_v3_0_0_bs_core_ext.vh:417]
INFO: [Synth 8-11241] undeclared symbol 'runtest_int', assumed default net type 'wire' [/home/ug3/Repos/ug3-seeg/ug3-seeg.gen/sources_1/bd/seeg_zynq/ipshared/affe/hdl/verilog/xsdbm_v3_0_0_bs_core_ext.vh:419]
INFO: [Synth 8-11241] undeclared symbol 'tms_int', assumed default net type 'wire' [/home/ug3/Repos/ug3-seeg/ug3-seeg.gen/sources_1/bd/seeg_zynq/ipshared/affe/hdl/verilog/xsdbm_v3_0_0_bs_core_ext.vh:465]
INFO: [Synth 8-11241] undeclared symbol 'runtest_int', assumed default net type 'wire' [/home/ug3/Repos/ug3-seeg/ug3-seeg.gen/sources_1/bd/seeg_zynq/ipshared/affe/hdl/verilog/xsdbm_v3_0_0_bs_core_ext.vh:467]
INFO: [Synth 8-11241] undeclared symbol 'tms_int', assumed default net type 'wire' [/home/ug3/Repos/ug3-seeg/ug3-seeg.gen/sources_1/bd/seeg_zynq/ipshared/affe/hdl/verilog/xsdbm_v3_0_0_bs_core_ext.vh:514]
INFO: [Synth 8-11241] undeclared symbol 'runtest_int', assumed default net type 'wire' [/home/ug3/Repos/ug3-seeg/ug3-seeg.gen/sources_1/bd/seeg_zynq/ipshared/affe/hdl/verilog/xsdbm_v3_0_0_bs_core_ext.vh:516]
INFO: [Synth 8-11241] undeclared symbol 'tms_int', assumed default net type 'wire' [/home/ug3/Repos/ug3-seeg/ug3-seeg.gen/sources_1/bd/seeg_zynq/ipshared/affe/hdl/verilog/xsdbm_v3_0_0_bs_core_ext.vh:564]
INFO: [Synth 8-11241] undeclared symbol 'runtest_int', assumed default net type 'wire' [/home/ug3/Repos/ug3-seeg/ug3-seeg.gen/sources_1/bd/seeg_zynq/ipshared/affe/hdl/verilog/xsdbm_v3_0_0_bs_core_ext.vh:566]
INFO: [Synth 8-11241] undeclared symbol 'tms_int', assumed default net type 'wire' [/home/ug3/Repos/ug3-seeg/ug3-seeg.gen/sources_1/bd/seeg_zynq/ipshared/affe/hdl/verilog/xsdbm_v3_0_0_bs_core_ext.vh:615]
INFO: [Synth 8-11241] undeclared symbol 'runtest_int', assumed default net type 'wire' [/home/ug3/Repos/ug3-seeg/ug3-seeg.gen/sources_1/bd/seeg_zynq/ipshared/affe/hdl/verilog/xsdbm_v3_0_0_bs_core_ext.vh:617]
INFO: [Synth 8-11241] undeclared symbol 'tms_int', assumed default net type 'wire' [/home/ug3/Repos/ug3-seeg/ug3-seeg.gen/sources_1/bd/seeg_zynq/ipshared/affe/hdl/xsdbm_v3_0_vl_rfs.v:6554]
INFO: [Synth 8-11241] undeclared symbol 'runtest_int', assumed default net type 'wire' [/home/ug3/Repos/ug3-seeg/ug3-seeg.gen/sources_1/bd/seeg_zynq/ipshared/affe/hdl/xsdbm_v3_0_vl_rfs.v:6556]
INFO: [Synth 8-11241] undeclared symbol 'tms_int', assumed default net type 'wire' [/home/ug3/Repos/ug3-seeg/ug3-seeg.gen/sources_1/bd/seeg_zynq/ipshared/affe/hdl/xsdbm_v3_0_vl_rfs.v:6589]
INFO: [Synth 8-11241] undeclared symbol 'runtest_int', assumed default net type 'wire' [/home/ug3/Repos/ug3-seeg/ug3-seeg.gen/sources_1/bd/seeg_zynq/ipshared/affe/hdl/xsdbm_v3_0_vl_rfs.v:6591]
INFO: [Synth 8-11241] undeclared symbol 'tms_int', assumed default net type 'wire' [/home/ug3/Repos/ug3-seeg/ug3-seeg.gen/sources_1/bd/seeg_zynq/ipshared/affe/hdl/verilog/xsdbm_v3_0_0_bs_core.vh:30]
INFO: [Synth 8-11241] undeclared symbol 'runtest_int', assumed default net type 'wire' [/home/ug3/Repos/ug3-seeg/ug3-seeg.gen/sources_1/bd/seeg_zynq/ipshared/affe/hdl/verilog/xsdbm_v3_0_0_bs_core.vh:32]
INFO: [Synth 8-11241] undeclared symbol 'tms_int', assumed default net type 'wire' [/home/ug3/Repos/ug3-seeg/ug3-seeg.gen/sources_1/bd/seeg_zynq/ipshared/affe/hdl/verilog/xsdbm_v3_0_0_bs_core.vh:69]
INFO: [Synth 8-11241] undeclared symbol 'runtest_int', assumed default net type 'wire' [/home/ug3/Repos/ug3-seeg/ug3-seeg.gen/sources_1/bd/seeg_zynq/ipshared/affe/hdl/verilog/xsdbm_v3_0_0_bs_core.vh:71]
INFO: [Synth 8-11241] undeclared symbol 'tms_int', assumed default net type 'wire' [/home/ug3/Repos/ug3-seeg/ug3-seeg.gen/sources_1/bd/seeg_zynq/ipshared/affe/hdl/verilog/xsdbm_v3_0_0_bs_core.vh:109]
INFO: [Synth 8-11241] undeclared symbol 'runtest_int', assumed default net type 'wire' [/home/ug3/Repos/ug3-seeg/ug3-seeg.gen/sources_1/bd/seeg_zynq/ipshared/affe/hdl/verilog/xsdbm_v3_0_0_bs_core.vh:111]
INFO: [Synth 8-11241] undeclared symbol 'tms_int', assumed default net type 'wire' [/home/ug3/Repos/ug3-seeg/ug3-seeg.gen/sources_1/bd/seeg_zynq/ipshared/affe/hdl/verilog/xsdbm_v3_0_0_bs_core.vh:150]
INFO: [Synth 8-11241] undeclared symbol 'runtest_int', assumed default net type 'wire' [/home/ug3/Repos/ug3-seeg/ug3-seeg.gen/sources_1/bd/seeg_zynq/ipshared/affe/hdl/verilog/xsdbm_v3_0_0_bs_core.vh:152]
INFO: [Synth 8-11241] undeclared symbol 'tms_int', assumed default net type 'wire' [/home/ug3/Repos/ug3-seeg/ug3-seeg.gen/sources_1/bd/seeg_zynq/ipshared/affe/hdl/verilog/xsdbm_v3_0_0_bs_core.vh:192]
INFO: [Synth 8-11241] undeclared symbol 'runtest_int', assumed default net type 'wire' [/home/ug3/Repos/ug3-seeg/ug3-seeg.gen/sources_1/bd/seeg_zynq/ipshared/affe/hdl/verilog/xsdbm_v3_0_0_bs_core.vh:194]
INFO: [Synth 8-11241] undeclared symbol 'tms_int', assumed default net type 'wire' [/home/ug3/Repos/ug3-seeg/ug3-seeg.gen/sources_1/bd/seeg_zynq/ipshared/affe/hdl/verilog/xsdbm_v3_0_0_bs_core.vh:235]
INFO: [Synth 8-11241] undeclared symbol 'runtest_int', assumed default net type 'wire' [/home/ug3/Repos/ug3-seeg/ug3-seeg.gen/sources_1/bd/seeg_zynq/ipshared/affe/hdl/verilog/xsdbm_v3_0_0_bs_core.vh:237]
INFO: [Synth 8-11241] undeclared symbol 'tms_int', assumed default net type 'wire' [/home/ug3/Repos/ug3-seeg/ug3-seeg.gen/sources_1/bd/seeg_zynq/ipshared/affe/hdl/verilog/xsdbm_v3_0_0_bs_core.vh:279]
INFO: [Synth 8-11241] undeclared symbol 'runtest_int', assumed default net type 'wire' [/home/ug3/Repos/ug3-seeg/ug3-seeg.gen/sources_1/bd/seeg_zynq/ipshared/affe/hdl/verilog/xsdbm_v3_0_0_bs_core.vh:281]
INFO: [Synth 8-11241] undeclared symbol 'tms_int', assumed default net type 'wire' [/home/ug3/Repos/ug3-seeg/ug3-seeg.gen/sources_1/bd/seeg_zynq/ipshared/affe/hdl/verilog/xsdbm_v3_0_0_bs_core.vh:324]
INFO: [Synth 8-11241] undeclared symbol 'runtest_int', assumed default net type 'wire' [/home/ug3/Repos/ug3-seeg/ug3-seeg.gen/sources_1/bd/seeg_zynq/ipshared/affe/hdl/verilog/xsdbm_v3_0_0_bs_core.vh:326]
INFO: [Synth 8-11241] undeclared symbol 'tms_int', assumed default net type 'wire' [/home/ug3/Repos/ug3-seeg/ug3-seeg.gen/sources_1/bd/seeg_zynq/ipshared/affe/hdl/verilog/xsdbm_v3_0_0_bs_core.vh:370]
INFO: [Synth 8-11241] undeclared symbol 'runtest_int', assumed default net type 'wire' [/home/ug3/Repos/ug3-seeg/ug3-seeg.gen/sources_1/bd/seeg_zynq/ipshared/affe/hdl/verilog/xsdbm_v3_0_0_bs_core.vh:372]
INFO: [Synth 8-11241] undeclared symbol 'tms_int', assumed default net type 'wire' [/home/ug3/Repos/ug3-seeg/ug3-seeg.gen/sources_1/bd/seeg_zynq/ipshared/affe/hdl/verilog/xsdbm_v3_0_0_bs_core.vh:417]
INFO: [Synth 8-11241] undeclared symbol 'runtest_int', assumed default net type 'wire' [/home/ug3/Repos/ug3-seeg/ug3-seeg.gen/sources_1/bd/seeg_zynq/ipshared/affe/hdl/verilog/xsdbm_v3_0_0_bs_core.vh:419]
INFO: [Synth 8-11241] undeclared symbol 'tms_int', assumed default net type 'wire' [/home/ug3/Repos/ug3-seeg/ug3-seeg.gen/sources_1/bd/seeg_zynq/ipshared/affe/hdl/verilog/xsdbm_v3_0_0_bs_core.vh:465]
INFO: [Synth 8-11241] undeclared symbol 'runtest_int', assumed default net type 'wire' [/home/ug3/Repos/ug3-seeg/ug3-seeg.gen/sources_1/bd/seeg_zynq/ipshared/affe/hdl/verilog/xsdbm_v3_0_0_bs_core.vh:467]
INFO: [Synth 8-11241] undeclared symbol 'tms_int', assumed default net type 'wire' [/home/ug3/Repos/ug3-seeg/ug3-seeg.gen/sources_1/bd/seeg_zynq/ipshared/affe/hdl/verilog/xsdbm_v3_0_0_bs_core.vh:514]
INFO: [Synth 8-11241] undeclared symbol 'runtest_int', assumed default net type 'wire' [/home/ug3/Repos/ug3-seeg/ug3-seeg.gen/sources_1/bd/seeg_zynq/ipshared/affe/hdl/verilog/xsdbm_v3_0_0_bs_core.vh:516]
INFO: [Synth 8-11241] undeclared symbol 'tms_int', assumed default net type 'wire' [/home/ug3/Repos/ug3-seeg/ug3-seeg.gen/sources_1/bd/seeg_zynq/ipshared/affe/hdl/verilog/xsdbm_v3_0_0_bs_core.vh:564]
INFO: [Synth 8-11241] undeclared symbol 'runtest_int', assumed default net type 'wire' [/home/ug3/Repos/ug3-seeg/ug3-seeg.gen/sources_1/bd/seeg_zynq/ipshared/affe/hdl/verilog/xsdbm_v3_0_0_bs_core.vh:566]
INFO: [Synth 8-11241] undeclared symbol 'tms_int', assumed default net type 'wire' [/home/ug3/Repos/ug3-seeg/ug3-seeg.gen/sources_1/bd/seeg_zynq/ipshared/affe/hdl/verilog/xsdbm_v3_0_0_bs_core.vh:615]
INFO: [Synth 8-11241] undeclared symbol 'runtest_int', assumed default net type 'wire' [/home/ug3/Repos/ug3-seeg/ug3-seeg.gen/sources_1/bd/seeg_zynq/ipshared/affe/hdl/verilog/xsdbm_v3_0_0_bs_core.vh:617]
INFO: [Synth 8-11241] undeclared symbol 'tms_int', assumed default net type 'wire' [/home/ug3/Repos/ug3-seeg/ug3-seeg.gen/sources_1/bd/seeg_zynq/ipshared/affe/hdl/xsdbm_v3_0_vl_rfs.v:10347]
INFO: [Synth 8-11241] undeclared symbol 'runtest_int', assumed default net type 'wire' [/home/ug3/Repos/ug3-seeg/ug3-seeg.gen/sources_1/bd/seeg_zynq/ipshared/affe/hdl/xsdbm_v3_0_vl_rfs.v:10349]
INFO: [Synth 8-11241] undeclared symbol 'tms_int', assumed default net type 'wire' [/home/ug3/Repos/ug3-seeg/ug3-seeg.gen/sources_1/bd/seeg_zynq/ipshared/affe/hdl/xsdbm_v3_0_vl_rfs.v:10380]
INFO: [Synth 8-11241] undeclared symbol 'runtest_int', assumed default net type 'wire' [/home/ug3/Repos/ug3-seeg/ug3-seeg.gen/sources_1/bd/seeg_zynq/ipshared/affe/hdl/xsdbm_v3_0_vl_rfs.v:10382]
INFO: [Synth 8-11241] undeclared symbol 'tms_int', assumed default net type 'wire' [/home/ug3/Repos/ug3-seeg/ug3-seeg.gen/sources_1/bd/seeg_zynq/ipshared/affe/hdl/xsdbm_v3_0_vl_rfs.v:10413]
INFO: [Synth 8-11241] undeclared symbol 'runtest_int', assumed default net type 'wire' [/home/ug3/Repos/ug3-seeg/ug3-seeg.gen/sources_1/bd/seeg_zynq/ipshared/affe/hdl/xsdbm_v3_0_vl_rfs.v:10415]
INFO: [Synth 8-11241] undeclared symbol 'tms_int', assumed default net type 'wire' [/home/ug3/Repos/ug3-seeg/ug3-seeg.gen/sources_1/bd/seeg_zynq/ipshared/affe/hdl/verilog/xsdbm_v3_0_0_bs_core_vec.vh:30]
INFO: [Synth 8-11241] undeclared symbol 'runtest_int', assumed default net type 'wire' [/home/ug3/Repos/ug3-seeg/ug3-seeg.gen/sources_1/bd/seeg_zynq/ipshared/affe/hdl/verilog/xsdbm_v3_0_0_bs_core_vec.vh:32]
INFO: [Synth 8-11241] undeclared symbol 'tms_int', assumed default net type 'wire' [/home/ug3/Repos/ug3-seeg/ug3-seeg.gen/sources_1/bd/seeg_zynq/ipshared/affe/hdl/verilog/xsdbm_v3_0_0_bs_core_vec.vh:65]
INFO: [Synth 8-11241] undeclared symbol 'runtest_int', assumed default net type 'wire' [/home/ug3/Repos/ug3-seeg/ug3-seeg.gen/sources_1/bd/seeg_zynq/ipshared/affe/hdl/verilog/xsdbm_v3_0_0_bs_core_vec.vh:67]
INFO: [Synth 8-11241] undeclared symbol 'tms_int', assumed default net type 'wire' [/home/ug3/Repos/ug3-seeg/ug3-seeg.gen/sources_1/bd/seeg_zynq/ipshared/affe/hdl/verilog/xsdbm_v3_0_0_bs_core_vec.vh:100]
INFO: [Synth 8-11241] undeclared symbol 'runtest_int', assumed default net type 'wire' [/home/ug3/Repos/ug3-seeg/ug3-seeg.gen/sources_1/bd/seeg_zynq/ipshared/affe/hdl/verilog/xsdbm_v3_0_0_bs_core_vec.vh:102]
INFO: [Synth 8-11241] undeclared symbol 'tms_int', assumed default net type 'wire' [/home/ug3/Repos/ug3-seeg/ug3-seeg.gen/sources_1/bd/seeg_zynq/ipshared/affe/hdl/verilog/xsdbm_v3_0_0_bs_core_vec.vh:135]
INFO: [Synth 8-11241] undeclared symbol 'runtest_int', assumed default net type 'wire' [/home/ug3/Repos/ug3-seeg/ug3-seeg.gen/sources_1/bd/seeg_zynq/ipshared/affe/hdl/verilog/xsdbm_v3_0_0_bs_core_vec.vh:137]
INFO: [Synth 8-11241] undeclared symbol 'tms_int', assumed default net type 'wire' [/home/ug3/Repos/ug3-seeg/ug3-seeg.gen/sources_1/bd/seeg_zynq/ipshared/affe/hdl/verilog/xsdbm_v3_0_0_bs_core_vec.vh:170]
INFO: [Synth 8-11241] undeclared symbol 'runtest_int', assumed default net type 'wire' [/home/ug3/Repos/ug3-seeg/ug3-seeg.gen/sources_1/bd/seeg_zynq/ipshared/affe/hdl/verilog/xsdbm_v3_0_0_bs_core_vec.vh:172]
INFO: [Synth 8-11241] undeclared symbol 'tms_int', assumed default net type 'wire' [/home/ug3/Repos/ug3-seeg/ug3-seeg.gen/sources_1/bd/seeg_zynq/ipshared/affe/hdl/verilog/xsdbm_v3_0_0_bs_core_vec.vh:205]
INFO: [Synth 8-11241] undeclared symbol 'runtest_int', assumed default net type 'wire' [/home/ug3/Repos/ug3-seeg/ug3-seeg.gen/sources_1/bd/seeg_zynq/ipshared/affe/hdl/verilog/xsdbm_v3_0_0_bs_core_vec.vh:207]
INFO: [Synth 8-11241] undeclared symbol 'tms_int', assumed default net type 'wire' [/home/ug3/Repos/ug3-seeg/ug3-seeg.gen/sources_1/bd/seeg_zynq/ipshared/affe/hdl/verilog/xsdbm_v3_0_0_bs_core_vec.vh:240]
INFO: [Synth 8-11241] undeclared symbol 'runtest_int', assumed default net type 'wire' [/home/ug3/Repos/ug3-seeg/ug3-seeg.gen/sources_1/bd/seeg_zynq/ipshared/affe/hdl/verilog/xsdbm_v3_0_0_bs_core_vec.vh:242]
INFO: [Synth 8-11241] undeclared symbol 'tms_int', assumed default net type 'wire' [/home/ug3/Repos/ug3-seeg/ug3-seeg.gen/sources_1/bd/seeg_zynq/ipshared/affe/hdl/verilog/xsdbm_v3_0_0_bs_core_vec.vh:275]
INFO: [Synth 8-11241] undeclared symbol 'runtest_int', assumed default net type 'wire' [/home/ug3/Repos/ug3-seeg/ug3-seeg.gen/sources_1/bd/seeg_zynq/ipshared/affe/hdl/verilog/xsdbm_v3_0_0_bs_core_vec.vh:277]
INFO: [Synth 8-11241] undeclared symbol 'tms_int', assumed default net type 'wire' [/home/ug3/Repos/ug3-seeg/ug3-seeg.gen/sources_1/bd/seeg_zynq/ipshared/affe/hdl/verilog/xsdbm_v3_0_0_bs_core_vec.vh:310]
INFO: [Synth 8-11241] undeclared symbol 'runtest_int', assumed default net type 'wire' [/home/ug3/Repos/ug3-seeg/ug3-seeg.gen/sources_1/bd/seeg_zynq/ipshared/affe/hdl/verilog/xsdbm_v3_0_0_bs_core_vec.vh:312]
INFO: [Synth 8-11241] undeclared symbol 'tms_int', assumed default net type 'wire' [/home/ug3/Repos/ug3-seeg/ug3-seeg.gen/sources_1/bd/seeg_zynq/ipshared/affe/hdl/verilog/xsdbm_v3_0_0_bs_core_vec.vh:345]
INFO: [Synth 8-11241] undeclared symbol 'runtest_int', assumed default net type 'wire' [/home/ug3/Repos/ug3-seeg/ug3-seeg.gen/sources_1/bd/seeg_zynq/ipshared/affe/hdl/verilog/xsdbm_v3_0_0_bs_core_vec.vh:347]
INFO: [Synth 8-11241] undeclared symbol 'tms_int', assumed default net type 'wire' [/home/ug3/Repos/ug3-seeg/ug3-seeg.gen/sources_1/bd/seeg_zynq/ipshared/affe/hdl/verilog/xsdbm_v3_0_0_bs_core_vec.vh:380]
INFO: [Synth 8-11241] undeclared symbol 'runtest_int', assumed default net type 'wire' [/home/ug3/Repos/ug3-seeg/ug3-seeg.gen/sources_1/bd/seeg_zynq/ipshared/affe/hdl/verilog/xsdbm_v3_0_0_bs_core_vec.vh:382]
INFO: [Synth 8-11241] undeclared symbol 'tms_int', assumed default net type 'wire' [/home/ug3/Repos/ug3-seeg/ug3-seeg.gen/sources_1/bd/seeg_zynq/ipshared/affe/hdl/verilog/xsdbm_v3_0_0_bs_core_vec.vh:415]
INFO: [Synth 8-11241] undeclared symbol 'runtest_int', assumed default net type 'wire' [/home/ug3/Repos/ug3-seeg/ug3-seeg.gen/sources_1/bd/seeg_zynq/ipshared/affe/hdl/verilog/xsdbm_v3_0_0_bs_core_vec.vh:417]
INFO: [Synth 8-11241] undeclared symbol 'tms_int', assumed default net type 'wire' [/home/ug3/Repos/ug3-seeg/ug3-seeg.gen/sources_1/bd/seeg_zynq/ipshared/affe/hdl/verilog/xsdbm_v3_0_0_bs_core_vec.vh:450]
INFO: [Common 17-14] Message 'Synth 8-11241' appears 100 times and further instances of the messages will be disabled. Use the Tcl command set_msg_config to change the current settings.
WARNING: [Synth 8-10294] parameter declaration is not allowed here in this mode of Verilog [/home/ug3/Repos/ug3-seeg/ug3-seeg.gen/sources_1/bd/seeg_zynq/ipshared/20d0/hdl/ila_v6_2_syn_rfs.v:4527]
WARNING: [Synth 8-10294] parameter declaration is not allowed here in this mode of Verilog [/home/ug3/Repos/ug3-seeg/ug3-seeg.gen/sources_1/bd/seeg_zynq/ipshared/20d0/hdl/ila_v6_2_syn_rfs.v:4528]
WARNING: [Synth 8-10294] parameter declaration is not allowed here in this mode of Verilog [/home/ug3/Repos/ug3-seeg/ug3-seeg.gen/sources_1/bd/seeg_zynq/ipshared/20d0/hdl/ila_v6_2_syn_rfs.v:4529]
WARNING: [Synth 8-10294] parameter declaration is not allowed here in this mode of Verilog [/home/ug3/Repos/ug3-seeg/ug3-seeg.gen/sources_1/bd/seeg_zynq/ipshared/20d0/hdl/ila_v6_2_syn_rfs.v:4530]
WARNING: [Synth 8-10294] parameter declaration is not allowed here in this mode of Verilog [/home/ug3/Repos/ug3-seeg/ug3-seeg.gen/sources_1/bd/seeg_zynq/ipshared/20d0/hdl/ila_v6_2_syn_rfs.v:4531]
WARNING: [Synth 8-10294] parameter declaration is not allowed here in this mode of Verilog [/home/ug3/Repos/ug3-seeg/ug3-seeg.gen/sources_1/bd/seeg_zynq/ipshared/20d0/hdl/ila_v6_2_syn_rfs.v:4532]
WARNING: [Synth 8-10294] parameter declaration is not allowed here in this mode of Verilog [/home/ug3/Repos/ug3-seeg/ug3-seeg.gen/sources_1/bd/seeg_zynq/ipshared/20d0/hdl/ila_v6_2_syn_rfs.v:4586]
WARNING: [Synth 8-10294] parameter declaration is not allowed here in this mode of Verilog [/home/ug3/Repos/ug3-seeg/ug3-seeg.gen/sources_1/bd/seeg_zynq/ipshared/20d0/hdl/ila_v6_2_syn_rfs.v:4587]
WARNING: [Synth 8-10294] parameter declaration is not allowed here in this mode of Verilog [/home/ug3/Repos/ug3-seeg/ug3-seeg.gen/sources_1/bd/seeg_zynq/ipshared/20d0/hdl/ila_v6_2_syn_rfs.v:4588]
WARNING: [Synth 8-10294] parameter declaration is not allowed here in this mode of Verilog [/home/ug3/Repos/ug3-seeg/ug3-seeg.gen/sources_1/bd/seeg_zynq/ipshared/20d0/hdl/ila_v6_2_syn_rfs.v:5486]
---------------------------------------------------------------------------------
Starting RTL Elaboration : Time (s): cpu = 00:00:05 ; elapsed = 00:00:07 . Memory (MB): peak = 2599.082 ; gain = 266.797 ; free physical = 3417 ; free virtual = 8718
---------------------------------------------------------------------------------
INFO: [Synth 8-6157] synthesizing module 'seeg_zynq_system_ila_0_0' [/home/ug3/Repos/ug3-seeg/ug3-seeg.gen/sources_1/bd/seeg_zynq/ip/seeg_zynq_system_ila_0_0/synth/seeg_zynq_system_ila_0_0.v:53]
WARNING: [Synth 8-4446] all outputs are unconnected for this instance and logic may be removed [/home/ug3/Repos/ug3-seeg/ug3-seeg.gen/sources_1/bd/seeg_zynq/ip/seeg_zynq_system_ila_0_0/synth/seeg_zynq_system_ila_0_0.v:244]
INFO: [Synth 8-6157] synthesizing module 'bd_8af2' [/home/ug3/Repos/ug3-seeg/ug3-seeg.gen/sources_1/bd/seeg_zynq/ip/seeg_zynq_system_ila_0_0/bd_0/synth/bd_8af2.v:10]
WARNING: [Synth 8-4446] all outputs are unconnected for this instance and logic may be removed [/home/ug3/Repos/ug3-seeg/ug3-seeg.gen/sources_1/bd/seeg_zynq/ip/seeg_zynq_system_ila_0_0/bd_0/synth/bd_8af2.v:58]
INFO: [Synth 8-6157] synthesizing module 'bd_8af2_ila_lib_0' [/home/ug3/Repos/ug3-seeg/ug3-seeg.gen/sources_1/bd/seeg_zynq/ip/seeg_zynq_system_ila_0_0/bd_0/ip/ip_0/synth/bd_8af2_ila_lib_0.v:48]
INFO: [Synth 8-6157] synthesizing module 'CFGLUT5' [/home/ug3/Xilinx/Vivado/2023.1/scripts/rt/data/unisim_comp.v:1971]
INFO: [Synth 8-6155] done synthesizing module 'CFGLUT5' (0#1) [/home/ug3/Xilinx/Vivado/2023.1/scripts/rt/data/unisim_comp.v:1971]
INFO: [Synth 8-6157] synthesizing module 'CARRY4' [/home/ug3/Xilinx/Vivado/2023.1/scripts/rt/data/unisim_comp.v:1934]
INFO: [Synth 8-6155] done synthesizing module 'CARRY4' (0#1) [/home/ug3/Xilinx/Vivado/2023.1/scripts/rt/data/unisim_comp.v:1934]
INFO: [Synth 8-6157] synthesizing module 'SRLC32E' [/home/ug3/Xilinx/Vivado/2023.1/scripts/rt/data/unisim_comp.v:132323]
INFO: [Synth 8-6155] done synthesizing module 'SRLC32E' (0#1) [/home/ug3/Xilinx/Vivado/2023.1/scripts/rt/data/unisim_comp.v:132323]
INFO: [Synth 8-6157] synthesizing module 'SRL16E' [/home/ug3/Xilinx/Vivado/2023.1/scripts/rt/data/unisim_comp.v:132173]
INFO: [Synth 8-6155] done synthesizing module 'SRL16E' (0#1) [/home/ug3/Xilinx/Vivado/2023.1/scripts/rt/data/unisim_comp.v:132173]
INFO: [Synth 8-6157] synthesizing module 'SRLC16E' [/home/ug3/Xilinx/Vivado/2023.1/scripts/rt/data/unisim_comp.v:132262]
INFO: [Synth 8-6155] done synthesizing module 'SRLC16E' (0#1) [/home/ug3/Xilinx/Vivado/2023.1/scripts/rt/data/unisim_comp.v:132262]
INFO: [Synth 8-6157] synthesizing module 'FDRE' [/home/ug3/Xilinx/Vivado/2023.1/scripts/rt/data/unisim_comp.v:39148]
INFO: [Synth 8-6155] done synthesizing module 'FDRE' (0#1) [/home/ug3/Xilinx/Vivado/2023.1/scripts/rt/data/unisim_comp.v:39148]
WARNING: [Synth 8-7071] port 'clk_nobuf' of module 'ila_v6_2_13_ila' is unconnected for instance 'inst' [/home/ug3/Repos/ug3-seeg/ug3-seeg.gen/sources_1/bd/seeg_zynq/ip/seeg_zynq_system_ila_0_0/bd_0/ip/ip_0/synth/bd_8af2_ila_lib_0.v:3227]
WARNING: [Synth 8-7071] port 'clkdiv_out' of module 'ila_v6_2_13_ila' is unconnected for instance 'inst' [/home/ug3/Repos/ug3-seeg/ug3-seeg.gen/sources_1/bd/seeg_zynq/ip/seeg_zynq_system_ila_0_0/bd_0/ip/ip_0/synth/bd_8af2_ila_lib_0.v:3227]
WARNING: [Synth 8-7071] port 'trig_in' of module 'ila_v6_2_13_ila' is unconnected for instance 'inst' [/home/ug3/Repos/ug3-seeg/ug3-seeg.gen/sources_1/bd/seeg_zynq/ip/seeg_zynq_system_ila_0_0/bd_0/ip/ip_0/synth/bd_8af2_ila_lib_0.v:3227]
WARNING: [Synth 8-7071] port 'trig_in_ack' of module 'ila_v6_2_13_ila' is unconnected for instance 'inst' [/home/ug3/Repos/ug3-seeg/ug3-seeg.gen/sources_1/bd/seeg_zynq/ip/seeg_zynq_system_ila_0_0/bd_0/ip/ip_0/synth/bd_8af2_ila_lib_0.v:3227]
WARNING: [Synth 8-7071] port 'trig_out' of module 'ila_v6_2_13_ila' is unconnected for instance 'inst' [/home/ug3/Repos/ug3-seeg/ug3-seeg.gen/sources_1/bd/seeg_zynq/ip/seeg_zynq_system_ila_0_0/bd_0/ip/ip_0/synth/bd_8af2_ila_lib_0.v:3227]
WARNING: [Synth 8-7071] port 'trig_out_ack' of module 'ila_v6_2_13_ila' is unconnected for instance 'inst' [/home/ug3/Repos/ug3-seeg/ug3-seeg.gen/sources_1/bd/seeg_zynq/ip/seeg_zynq_system_ila_0_0/bd_0/ip/ip_0/synth/bd_8af2_ila_lib_0.v:3227]
WARNING: [Synth 8-7023] instance 'inst' of module 'ila_v6_2_13_ila' has 1033 connections declared, but only 1027 given [/home/ug3/Repos/ug3-seeg/ug3-seeg.gen/sources_1/bd/seeg_zynq/ip/seeg_zynq_system_ila_0_0/bd_0/ip/ip_0/synth/bd_8af2_ila_lib_0.v:3227]
INFO: [Synth 8-6155] done synthesizing module 'bd_8af2_ila_lib_0' (0#1) [/home/ug3/Repos/ug3-seeg/ug3-seeg.gen/sources_1/bd/seeg_zynq/ip/seeg_zynq_system_ila_0_0/bd_0/ip/ip_0/synth/bd_8af2_ila_lib_0.v:48]
INFO: [Synth 8-6155] done synthesizing module 'bd_8af2' (0#1) [/home/ug3/Repos/ug3-seeg/ug3-seeg.gen/sources_1/bd/seeg_zynq/ip/seeg_zynq_system_ila_0_0/bd_0/synth/bd_8af2.v:10]
INFO: [Synth 8-6155] done synthesizing module 'seeg_zynq_system_ila_0_0' (0#1) [/home/ug3/Repos/ug3-seeg/ug3-seeg.gen/sources_1/bd/seeg_zynq/ip/seeg_zynq_system_ila_0_0/synth/seeg_zynq_system_ila_0_0.v:53]
WARNING: [Synth 8-3848] Net sl_iport0 in module/entity bd_8af2_ila_lib_0 does not have driver. [/home/ug3/Repos/ug3-seeg/ug3-seeg.gen/sources_1/bd/seeg_zynq/ip/seeg_zynq_system_ila_0_0/bd_0/ip/ip_0/synth/bd_8af2_ila_lib_0.v:116]
INFO: [Synth 8-6071] Mark debug on the nets applies keep_hierarchy on instance 'ila_lib'. This will prevent further optimization [/home/ug3/Repos/ug3-seeg/ug3-seeg.gen/sources_1/bd/seeg_zynq/ip/seeg_zynq_system_ila_0_0/bd_0/synth/bd_8af2.v:58]
WARNING: [Synth 8-7129] Port SEL_I[0] in module ltlib_v1_0_0_generic_mux is either unconnected or has no load
WARNING: [Synth 8-7129] Port CLKB in module blk_mem_gen_v8_4_6_blk_mem_output_block is either unconnected or has no load
WARNING: [Synth 8-7129] Port DOUTA_I[10] in module blk_mem_gen_v8_4_6_blk_mem_output_block is either unconnected or has no load
WARNING: [Synth 8-7129] Port DOUTA_I[9] in module blk_mem_gen_v8_4_6_blk_mem_output_block is either unconnected or has no load
WARNING: [Synth 8-7129] Port DOUTA_I[8] in module blk_mem_gen_v8_4_6_blk_mem_output_block is either unconnected or has no load
WARNING: [Synth 8-7129] Port DOUTA_I[7] in module blk_mem_gen_v8_4_6_blk_mem_output_block is either unconnected or has no load
WARNING: [Synth 8-7129] Port DOUTA_I[6] in module blk_mem_gen_v8_4_6_blk_mem_output_block is either unconnected or has no load
WARNING: [Synth 8-7129] Port DOUTA_I[5] in module blk_mem_gen_v8_4_6_blk_mem_output_block is either unconnected or has no load
WARNING: [Synth 8-7129] Port DOUTA_I[4] in module blk_mem_gen_v8_4_6_blk_mem_output_block is either unconnected or has no load
WARNING: [Synth 8-7129] Port DOUTA_I[3] in module blk_mem_gen_v8_4_6_blk_mem_output_block is either unconnected or has no load
WARNING: [Synth 8-7129] Port DOUTA_I[2] in module blk_mem_gen_v8_4_6_blk_mem_output_block is either unconnected or has no load
WARNING: [Synth 8-7129] Port DOUTA_I[1] in module blk_mem_gen_v8_4_6_blk_mem_output_block is either unconnected or has no load
WARNING: [Synth 8-7129] Port DOUTA_I[0] in module blk_mem_gen_v8_4_6_blk_mem_output_block is either unconnected or has no load
WARNING: [Synth 8-7129] Port SBITERR_I in module blk_mem_gen_v8_4_6_blk_mem_output_block is either unconnected or has no load
WARNING: [Synth 8-7129] Port DBITERR_I in module blk_mem_gen_v8_4_6_blk_mem_output_block is either unconnected or has no load
WARNING: [Synth 8-7129] Port RDADDRECC_I[13] in module blk_mem_gen_v8_4_6_blk_mem_output_block is either unconnected or has no load
WARNING: [Synth 8-7129] Port RDADDRECC_I[12] in module blk_mem_gen_v8_4_6_blk_mem_output_block is either unconnected or has no load
WARNING: [Synth 8-7129] Port RDADDRECC_I[11] in module blk_mem_gen_v8_4_6_blk_mem_output_block is either unconnected or has no load
WARNING: [Synth 8-7129] Port RDADDRECC_I[10] in module blk_mem_gen_v8_4_6_blk_mem_output_block is either unconnected or has no load
WARNING: [Synth 8-7129] Port RDADDRECC_I[9] in module blk_mem_gen_v8_4_6_blk_mem_output_block is either unconnected or has no load
WARNING: [Synth 8-7129] Port RDADDRECC_I[8] in module blk_mem_gen_v8_4_6_blk_mem_output_block is either unconnected or has no load
WARNING: [Synth 8-7129] Port RDADDRECC_I[7] in module blk_mem_gen_v8_4_6_blk_mem_output_block is either unconnected or has no load
WARNING: [Synth 8-7129] Port RDADDRECC_I[6] in module blk_mem_gen_v8_4_6_blk_mem_output_block is either unconnected or has no load
WARNING: [Synth 8-7129] Port RDADDRECC_I[5] in module blk_mem_gen_v8_4_6_blk_mem_output_block is either unconnected or has no load
WARNING: [Synth 8-7129] Port RDADDRECC_I[4] in module blk_mem_gen_v8_4_6_blk_mem_output_block is either unconnected or has no load
WARNING: [Synth 8-7129] Port RDADDRECC_I[3] in module blk_mem_gen_v8_4_6_blk_mem_output_block is either unconnected or has no load
WARNING: [Synth 8-7129] Port RDADDRECC_I[2] in module blk_mem_gen_v8_4_6_blk_mem_output_block is either unconnected or has no load
WARNING: [Synth 8-7129] Port RDADDRECC_I[1] in module blk_mem_gen_v8_4_6_blk_mem_output_block is either unconnected or has no load
WARNING: [Synth 8-7129] Port RDADDRECC_I[0] in module blk_mem_gen_v8_4_6_blk_mem_output_block is either unconnected or has no load
WARNING: [Synth 8-7129] Port DOUTA[8] in module blk_mem_gen_v8_4_6_blk_mem_gen_prim_wrapper__parameterized3 is either unconnected or has no load
WARNING: [Synth 8-7129] Port DOUTA[7] in module blk_mem_gen_v8_4_6_blk_mem_gen_prim_wrapper__parameterized3 is either unconnected or has no load
WARNING: [Synth 8-7129] Port DOUTA[6] in module blk_mem_gen_v8_4_6_blk_mem_gen_prim_wrapper__parameterized3 is either unconnected or has no load
WARNING: [Synth 8-7129] Port DOUTA[5] in module blk_mem_gen_v8_4_6_blk_mem_gen_prim_wrapper__parameterized3 is either unconnected or has no load
WARNING: [Synth 8-7129] Port DOUTA[4] in module blk_mem_gen_v8_4_6_blk_mem_gen_prim_wrapper__parameterized3 is either unconnected or has no load
WARNING: [Synth 8-7129] Port DOUTA[3] in module blk_mem_gen_v8_4_6_blk_mem_gen_prim_wrapper__parameterized3 is either unconnected or has no load
WARNING: [Synth 8-7129] Port DOUTA[2] in module blk_mem_gen_v8_4_6_blk_mem_gen_prim_wrapper__parameterized3 is either unconnected or has no load
WARNING: [Synth 8-7129] Port DOUTA[1] in module blk_mem_gen_v8_4_6_blk_mem_gen_prim_wrapper__parameterized3 is either unconnected or has no load
WARNING: [Synth 8-7129] Port DOUTA[0] in module blk_mem_gen_v8_4_6_blk_mem_gen_prim_wrapper__parameterized3 is either unconnected or has no load
WARNING: [Synth 8-7129] Port SBITERR in module blk_mem_gen_v8_4_6_blk_mem_gen_prim_wrapper__parameterized3 is either unconnected or has no load
WARNING: [Synth 8-7129] Port DBITERR in module blk_mem_gen_v8_4_6_blk_mem_gen_prim_wrapper__parameterized3 is either unconnected or has no load
WARNING: [Synth 8-7129] Port SSRA in module blk_mem_gen_v8_4_6_blk_mem_gen_prim_wrapper__parameterized3 is either unconnected or has no load
WARNING: [Synth 8-7129] Port REGCEA in module blk_mem_gen_v8_4_6_blk_mem_gen_prim_wrapper__parameterized3 is either unconnected or has no load
WARNING: [Synth 8-7129] Port SSRB in module blk_mem_gen_v8_4_6_blk_mem_gen_prim_wrapper__parameterized3 is either unconnected or has no load
WARNING: [Synth 8-7129] Port WEB[0] in module blk_mem_gen_v8_4_6_blk_mem_gen_prim_wrapper__parameterized3 is either unconnected or has no load
WARNING: [Synth 8-7129] Port DINB[8] in module blk_mem_gen_v8_4_6_blk_mem_gen_prim_wrapper__parameterized3 is either unconnected or has no load
WARNING: [Synth 8-7129] Port DINB[7] in module blk_mem_gen_v8_4_6_blk_mem_gen_prim_wrapper__parameterized3 is either unconnected or has no load
WARNING: [Synth 8-7129] Port DINB[6] in module blk_mem_gen_v8_4_6_blk_mem_gen_prim_wrapper__parameterized3 is either unconnected or has no load
WARNING: [Synth 8-7129] Port DINB[5] in module blk_mem_gen_v8_4_6_blk_mem_gen_prim_wrapper__parameterized3 is either unconnected or has no load
WARNING: [Synth 8-7129] Port DINB[4] in module blk_mem_gen_v8_4_6_blk_mem_gen_prim_wrapper__parameterized3 is either unconnected or has no load
WARNING: [Synth 8-7129] Port DINB[3] in module blk_mem_gen_v8_4_6_blk_mem_gen_prim_wrapper__parameterized3 is either unconnected or has no load
WARNING: [Synth 8-7129] Port DINB[2] in module blk_mem_gen_v8_4_6_blk_mem_gen_prim_wrapper__parameterized3 is either unconnected or has no load
WARNING: [Synth 8-7129] Port DINB[1] in module blk_mem_gen_v8_4_6_blk_mem_gen_prim_wrapper__parameterized3 is either unconnected or has no load
WARNING: [Synth 8-7129] Port DINB[0] in module blk_mem_gen_v8_4_6_blk_mem_gen_prim_wrapper__parameterized3 is either unconnected or has no load
WARNING: [Synth 8-7129] Port INJECTSBITERR in module blk_mem_gen_v8_4_6_blk_mem_gen_prim_wrapper__parameterized3 is either unconnected or has no load
WARNING: [Synth 8-7129] Port INJECTDBITERR in module blk_mem_gen_v8_4_6_blk_mem_gen_prim_wrapper__parameterized3 is either unconnected or has no load
WARNING: [Synth 8-7129] Port ECCPIPECE in module blk_mem_gen_v8_4_6_blk_mem_gen_prim_wrapper__parameterized3 is either unconnected or has no load
WARNING: [Synth 8-7129] Port DOUTA[8] in module blk_mem_gen_v8_4_6_blk_mem_gen_prim_wrapper__parameterized2 is either unconnected or has no load
WARNING: [Synth 8-7129] Port DOUTA[7] in module blk_mem_gen_v8_4_6_blk_mem_gen_prim_wrapper__parameterized2 is either unconnected or has no load
WARNING: [Synth 8-7129] Port DOUTA[6] in module blk_mem_gen_v8_4_6_blk_mem_gen_prim_wrapper__parameterized2 is either unconnected or has no load
WARNING: [Synth 8-7129] Port DOUTA[5] in module blk_mem_gen_v8_4_6_blk_mem_gen_prim_wrapper__parameterized2 is either unconnected or has no load
WARNING: [Synth 8-7129] Port DOUTA[4] in module blk_mem_gen_v8_4_6_blk_mem_gen_prim_wrapper__parameterized2 is either unconnected or has no load
WARNING: [Synth 8-7129] Port DOUTA[3] in module blk_mem_gen_v8_4_6_blk_mem_gen_prim_wrapper__parameterized2 is either unconnected or has no load
WARNING: [Synth 8-7129] Port DOUTA[2] in module blk_mem_gen_v8_4_6_blk_mem_gen_prim_wrapper__parameterized2 is either unconnected or has no load
WARNING: [Synth 8-7129] Port DOUTA[1] in module blk_mem_gen_v8_4_6_blk_mem_gen_prim_wrapper__parameterized2 is either unconnected or has no load
WARNING: [Synth 8-7129] Port DOUTA[0] in module blk_mem_gen_v8_4_6_blk_mem_gen_prim_wrapper__parameterized2 is either unconnected or has no load
WARNING: [Synth 8-7129] Port SBITERR in module blk_mem_gen_v8_4_6_blk_mem_gen_prim_wrapper__parameterized2 is either unconnected or has no load
WARNING: [Synth 8-7129] Port DBITERR in module blk_mem_gen_v8_4_6_blk_mem_gen_prim_wrapper__parameterized2 is either unconnected or has no load
WARNING: [Synth 8-7129] Port SSRA in module blk_mem_gen_v8_4_6_blk_mem_gen_prim_wrapper__parameterized2 is either unconnected or has no load
WARNING: [Synth 8-7129] Port REGCEA in module blk_mem_gen_v8_4_6_blk_mem_gen_prim_wrapper__parameterized2 is either unconnected or has no load
WARNING: [Synth 8-7129] Port SSRB in module blk_mem_gen_v8_4_6_blk_mem_gen_prim_wrapper__parameterized2 is either unconnected or has no load
WARNING: [Synth 8-7129] Port WEB[0] in module blk_mem_gen_v8_4_6_blk_mem_gen_prim_wrapper__parameterized2 is either unconnected or has no load
WARNING: [Synth 8-7129] Port DINB[8] in module blk_mem_gen_v8_4_6_blk_mem_gen_prim_wrapper__parameterized2 is either unconnected or has no load
WARNING: [Synth 8-7129] Port DINB[7] in module blk_mem_gen_v8_4_6_blk_mem_gen_prim_wrapper__parameterized2 is either unconnected or has no load
WARNING: [Synth 8-7129] Port DINB[6] in module blk_mem_gen_v8_4_6_blk_mem_gen_prim_wrapper__parameterized2 is either unconnected or has no load
WARNING: [Synth 8-7129] Port DINB[5] in module blk_mem_gen_v8_4_6_blk_mem_gen_prim_wrapper__parameterized2 is either unconnected or has no load
WARNING: [Synth 8-7129] Port DINB[4] in module blk_mem_gen_v8_4_6_blk_mem_gen_prim_wrapper__parameterized2 is either unconnected or has no load
WARNING: [Synth 8-7129] Port DINB[3] in module blk_mem_gen_v8_4_6_blk_mem_gen_prim_wrapper__parameterized2 is either unconnected or has no load
WARNING: [Synth 8-7129] Port DINB[2] in module blk_mem_gen_v8_4_6_blk_mem_gen_prim_wrapper__parameterized2 is either unconnected or has no load
WARNING: [Synth 8-7129] Port DINB[1] in module blk_mem_gen_v8_4_6_blk_mem_gen_prim_wrapper__parameterized2 is either unconnected or has no load
WARNING: [Synth 8-7129] Port DINB[0] in module blk_mem_gen_v8_4_6_blk_mem_gen_prim_wrapper__parameterized2 is either unconnected or has no load
WARNING: [Synth 8-7129] Port INJECTSBITERR in module blk_mem_gen_v8_4_6_blk_mem_gen_prim_wrapper__parameterized2 is either unconnected or has no load
WARNING: [Synth 8-7129] Port INJECTDBITERR in module blk_mem_gen_v8_4_6_blk_mem_gen_prim_wrapper__parameterized2 is either unconnected or has no load
WARNING: [Synth 8-7129] Port ECCPIPECE in module blk_mem_gen_v8_4_6_blk_mem_gen_prim_wrapper__parameterized2 is either unconnected or has no load
WARNING: [Synth 8-7129] Port DOUTA[8] in module blk_mem_gen_v8_4_6_blk_mem_gen_prim_wrapper__parameterized1 is either unconnected or has no load
WARNING: [Synth 8-7129] Port DOUTA[7] in module blk_mem_gen_v8_4_6_blk_mem_gen_prim_wrapper__parameterized1 is either unconnected or has no load
WARNING: [Synth 8-7129] Port DOUTA[6] in module blk_mem_gen_v8_4_6_blk_mem_gen_prim_wrapper__parameterized1 is either unconnected or has no load
WARNING: [Synth 8-7129] Port DOUTA[5] in module blk_mem_gen_v8_4_6_blk_mem_gen_prim_wrapper__parameterized1 is either unconnected or has no load
WARNING: [Synth 8-7129] Port DOUTA[4] in module blk_mem_gen_v8_4_6_blk_mem_gen_prim_wrapper__parameterized1 is either unconnected or has no load
WARNING: [Synth 8-7129] Port DOUTA[3] in module blk_mem_gen_v8_4_6_blk_mem_gen_prim_wrapper__parameterized1 is either unconnected or has no load
WARNING: [Synth 8-7129] Port DOUTA[2] in module blk_mem_gen_v8_4_6_blk_mem_gen_prim_wrapper__parameterized1 is either unconnected or has no load
WARNING: [Synth 8-7129] Port DOUTA[1] in module blk_mem_gen_v8_4_6_blk_mem_gen_prim_wrapper__parameterized1 is either unconnected or has no load
WARNING: [Synth 8-7129] Port DOUTA[0] in module blk_mem_gen_v8_4_6_blk_mem_gen_prim_wrapper__parameterized1 is either unconnected or has no load
WARNING: [Synth 8-7129] Port SBITERR in module blk_mem_gen_v8_4_6_blk_mem_gen_prim_wrapper__parameterized1 is either unconnected or has no load
WARNING: [Synth 8-7129] Port DBITERR in module blk_mem_gen_v8_4_6_blk_mem_gen_prim_wrapper__parameterized1 is either unconnected or has no load
WARNING: [Synth 8-7129] Port SSRA in module blk_mem_gen_v8_4_6_blk_mem_gen_prim_wrapper__parameterized1 is either unconnected or has no load
WARNING: [Synth 8-7129] Port REGCEA in module blk_mem_gen_v8_4_6_blk_mem_gen_prim_wrapper__parameterized1 is either unconnected or has no load
WARNING: [Synth 8-7129] Port SSRB in module blk_mem_gen_v8_4_6_blk_mem_gen_prim_wrapper__parameterized1 is either unconnected or has no load
WARNING: [Synth 8-7129] Port WEB[0] in module blk_mem_gen_v8_4_6_blk_mem_gen_prim_wrapper__parameterized1 is either unconnected or has no load
WARNING: [Synth 8-7129] Port DINB[8] in module blk_mem_gen_v8_4_6_blk_mem_gen_prim_wrapper__parameterized1 is either unconnected or has no load
WARNING: [Synth 8-7129] Port DINB[7] in module blk_mem_gen_v8_4_6_blk_mem_gen_prim_wrapper__parameterized1 is either unconnected or has no load
INFO: [Common 17-14] Message 'Synth 8-7129' appears 100 times and further instances of the messages will be disabled. Use the Tcl command set_msg_config to change the current settings.
---------------------------------------------------------------------------------
Finished RTL Elaboration : Time (s): cpu = 00:00:19 ; elapsed = 00:00:22 . Memory (MB): peak = 3000.371 ; gain = 668.086 ; free physical = 897 ; free virtual = 6223
---------------------------------------------------------------------------------
---------------------------------------------------------------------------------
Start Handling Custom Attributes
---------------------------------------------------------------------------------
---------------------------------------------------------------------------------
Finished Handling Custom Attributes : Time (s): cpu = 00:00:19 ; elapsed = 00:00:22 . Memory (MB): peak = 3000.371 ; gain = 668.086 ; free physical = 873 ; free virtual = 6199
---------------------------------------------------------------------------------
---------------------------------------------------------------------------------
Finished RTL Optimization Phase 1 : Time (s): cpu = 00:00:19 ; elapsed = 00:00:22 . Memory (MB): peak = 3000.371 ; gain = 668.086 ; free physical = 873 ; free virtual = 6199
---------------------------------------------------------------------------------
Netlist sorting complete. Time (s): cpu = 00:00:00.05 ; elapsed = 00:00:00.04 . Memory (MB): peak = 3000.371 ; gain = 0.000 ; free physical = 942 ; free virtual = 6267
INFO: [Netlist 29-17] Analyzing 118 Unisim elements for replacement
INFO: [Netlist 29-28] Unisim Transformation completed in 0 CPU seconds
INFO: [Project 1-570] Preparing netlist for logic optimization

Processing XDC Constraints
Initializing timing engine
Parsing XDC File [/home/ug3/Repos/ug3-seeg/ug3-seeg.gen/sources_1/bd/seeg_zynq/ip/seeg_zynq_system_ila_0_0/seeg_zynq_system_ila_0_0_ooc.xdc] for cell 'inst'
Finished Parsing XDC File [/home/ug3/Repos/ug3-seeg/ug3-seeg.gen/sources_1/bd/seeg_zynq/ip/seeg_zynq_system_ila_0_0/seeg_zynq_system_ila_0_0_ooc.xdc] for cell 'inst'
Parsing XDC File [/home/ug3/Repos/ug3-seeg/ug3-seeg.gen/sources_1/bd/seeg_zynq/ip/seeg_zynq_system_ila_0_0/bd_0/ip/ip_0/ila_v6_2/constraints/ila.xdc] for cell 'inst/ila_lib/inst'
Finished Parsing XDC File [/home/ug3/Repos/ug3-seeg/ug3-seeg.gen/sources_1/bd/seeg_zynq/ip/seeg_zynq_system_ila_0_0/bd_0/ip/ip_0/ila_v6_2/constraints/ila.xdc] for cell 'inst/ila_lib/inst'
Parsing XDC File [/home/ug3/Repos/ug3-seeg/ug3-seeg.runs/seeg_zynq_system_ila_0_0_synth_1/dont_touch.xdc]
Finished Parsing XDC File [/home/ug3/Repos/ug3-seeg/ug3-seeg.runs/seeg_zynq_system_ila_0_0_synth_1/dont_touch.xdc]
INFO: [Project 1-236] Implementation specific constraints were found while reading constraint file [/home/ug3/Repos/ug3-seeg/ug3-seeg.runs/seeg_zynq_system_ila_0_0_synth_1/dont_touch.xdc]. These constraints will be ignored for synthesis but will be used in implementation. Impacted constraints are listed in the file [.Xil/seeg_zynq_system_ila_0_0_propImpl.xdc].
Resolution: To avoid this warning, move constraints listed in [.Xil/seeg_zynq_system_ila_0_0_propImpl.xdc] to another XDC file and exclude this new file from synthesis with the used_in_synthesis property (File Properties dialog in GUI) and re-run elaboration/synthesis.
Completed Processing XDC Constraints

Netlist sorting complete. Time (s): cpu = 00:00:00 ; elapsed = 00:00:00 . Memory (MB): peak = 3064.402 ; gain = 0.000 ; free physical = 4649 ; free virtual = 9307
INFO: [Project 1-111] Unisim Transformation Summary:
  A total of 86 instances were transformed.
  CFGLUT5 => CFGLUT5 (SRL16E, SRLC32E): 72 instances
  CFGLUT5 => SRLC32E: 14 instances

Constraint Validation Runtime : Time (s): cpu = 00:00:00.07 ; elapsed = 00:00:00.06 . Memory (MB): peak = 3064.402 ; gain = 0.000 ; free physical = 4657 ; free virtual = 9316
INFO: [Designutils 20-5008] Incremental synthesis strategy off
---------------------------------------------------------------------------------
Finished Constraint Validation : Time (s): cpu = 00:00:27 ; elapsed = 00:00:30 . Memory (MB): peak = 3064.402 ; gain = 732.117 ; free physical = 7251 ; free virtual = 11951
---------------------------------------------------------------------------------
---------------------------------------------------------------------------------
Start Loading Part and Timing Information
---------------------------------------------------------------------------------
Loading part: xck26-sfvc784-2LV-c
INFO: [Synth 8-6742] Reading net delay rules and data
---------------------------------------------------------------------------------
Finished Loading Part and Timing Information : Time (s): cpu = 00:00:27 ; elapsed = 00:00:30 . Memory (MB): peak = 3064.402 ; gain = 732.117 ; free physical = 7251 ; free virtual = 11951
---------------------------------------------------------------------------------
---------------------------------------------------------------------------------
Start Applying 'set_property' XDC Constraints
---------------------------------------------------------------------------------
Applied set_property KEEP_HIERARCHY = SOFT for inst/ila_lib/inst. (constraint file  /home/ug3/Repos/ug3-seeg/ug3-seeg.runs/seeg_zynq_system_ila_0_0_synth_1/dont_touch.xdc, line 14).
Applied set_property KEEP_HIERARCHY = SOFT for inst. (constraint file  auto generated constraint).
Applied set_property KEEP_HIERARCHY = SOFT for inst/ila_lib. (constraint file  auto generated constraint).
---------------------------------------------------------------------------------
Finished applying 'set_property' XDC Constraints : Time (s): cpu = 00:00:28 ; elapsed = 00:00:30 . Memory (MB): peak = 3064.402 ; gain = 732.117 ; free physical = 7251 ; free virtual = 11951
---------------------------------------------------------------------------------
INFO: [Synth 8-802] inferred FSM for state register 'current_state_reg' in module 'xsdbs_v1_0_2_reg_p2s'
INFO: [Synth 8-802] inferred FSM for state register 'current_state_reg' in module 'xsdbs_v1_0_2_reg_p2s__parameterized0'
INFO: [Synth 8-802] inferred FSM for state register 'current_state_reg' in module 'xsdbs_v1_0_2_reg_p2s__parameterized1'
INFO: [Synth 8-802] inferred FSM for state register 'current_state_reg' in module 'xsdbs_v1_0_2_reg_p2s__parameterized2'
INFO: [Synth 8-802] inferred FSM for state register 'current_state_reg' in module 'xsdbs_v1_0_2_reg_p2s__parameterized3'
INFO: [Synth 8-802] inferred FSM for state register 'current_state_reg' in module 'xsdbs_v1_0_2_reg_p2s__parameterized4'
INFO: [Synth 8-802] inferred FSM for state register 'current_state_reg' in module 'xsdbs_v1_0_2_reg_p2s__parameterized5'
INFO: [Synth 8-802] inferred FSM for state register 'current_state_reg' in module 'xsdbs_v1_0_2_reg_p2s__parameterized6'
INFO: [Synth 8-802] inferred FSM for state register 'current_state_reg' in module 'xsdbs_v1_0_2_reg_p2s__parameterized7'
INFO: [Synth 8-802] inferred FSM for state register 'current_state_reg' in module 'xsdbs_v1_0_2_reg_p2s__parameterized8'
INFO: [Synth 8-802] inferred FSM for state register 'current_state_reg' in module 'xsdbs_v1_0_2_reg_p2s__parameterized9'
INFO: [Synth 8-802] inferred FSM for state register 'current_state_reg' in module 'xsdbs_v1_0_2_reg_p2s__parameterized10'
INFO: [Synth 8-802] inferred FSM for state register 'current_state_reg' in module 'ltlib_v1_0_0_generic_memrd'
---------------------------------------------------------------------------------------------------
                   State |                     New Encoding |                Previous Encoding 
---------------------------------------------------------------------------------------------------
*
                    IDLE |                             0001 |                             0001
                     REG |                             0010 |                             0010
                     P2S |                             0100 |                             0100
                     S2P |                             1000 |                             1000
---------------------------------------------------------------------------------------------------
INFO: [Synth 8-3898] No Re-encoding of one hot register 'current_state_reg' in module 'xsdbs_v1_0_2_reg_p2s'
---------------------------------------------------------------------------------------------------
                   State |                     New Encoding |                Previous Encoding 
---------------------------------------------------------------------------------------------------
*
                    IDLE |                             0001 |                             0001
                     REG |                             0010 |                             0010
                     P2S |                             0100 |                             0100
                     S2P |                             1000 |                             1000
---------------------------------------------------------------------------------------------------
INFO: [Synth 8-3898] No Re-encoding of one hot register 'current_state_reg' in module 'xsdbs_v1_0_2_reg_p2s__parameterized0'
---------------------------------------------------------------------------------------------------
                   State |                     New Encoding |                Previous Encoding 
---------------------------------------------------------------------------------------------------
*
                    IDLE |                             0001 |                             0001
                     REG |                             0010 |                             0010
                     P2S |                             0100 |                             0100
                     S2P |                             1000 |                             1000
---------------------------------------------------------------------------------------------------
INFO: [Synth 8-3898] No Re-encoding of one hot register 'current_state_reg' in module 'xsdbs_v1_0_2_reg_p2s__parameterized1'
---------------------------------------------------------------------------------------------------
                   State |                     New Encoding |                Previous Encoding 
---------------------------------------------------------------------------------------------------
*
                    IDLE |                             0001 |                             0001
                     REG |                             0010 |                             0010
                     P2S |                             0100 |                             0100
                     S2P |                             1000 |                             1000
---------------------------------------------------------------------------------------------------
INFO: [Synth 8-3898] No Re-encoding of one hot register 'current_state_reg' in module 'xsdbs_v1_0_2_reg_p2s__parameterized2'
---------------------------------------------------------------------------------------------------
                   State |                     New Encoding |                Previous Encoding 
---------------------------------------------------------------------------------------------------
*
                    IDLE |                             0001 |                             0001
                     REG |                             0010 |                             0010
                     P2S |                             0100 |                             0100
                     S2P |                             1000 |                             1000
---------------------------------------------------------------------------------------------------
INFO: [Synth 8-3898] No Re-encoding of one hot register 'current_state_reg' in module 'xsdbs_v1_0_2_reg_p2s__parameterized3'
---------------------------------------------------------------------------------------------------
                   State |                     New Encoding |                Previous Encoding 
---------------------------------------------------------------------------------------------------
*
                    IDLE |                             0001 |                             0001
                     REG |                             0010 |                             0010
                     P2S |                             0100 |                             0100
                     S2P |                             1000 |                             1000
---------------------------------------------------------------------------------------------------
INFO: [Synth 8-3898] No Re-encoding of one hot register 'current_state_reg' in module 'xsdbs_v1_0_2_reg_p2s__parameterized4'
---------------------------------------------------------------------------------------------------
                   State |                     New Encoding |                Previous Encoding 
---------------------------------------------------------------------------------------------------
*
                    IDLE |                             0001 |                             0001
                     REG |                             0010 |                             0010
                     P2S |                             0100 |                             0100
                     S2P |                             1000 |                             1000
---------------------------------------------------------------------------------------------------
INFO: [Synth 8-3898] No Re-encoding of one hot register 'current_state_reg' in module 'xsdbs_v1_0_2_reg_p2s__parameterized5'
---------------------------------------------------------------------------------------------------
                   State |                     New Encoding |                Previous Encoding 
---------------------------------------------------------------------------------------------------
*
                    IDLE |                             0001 |                             0001
                     REG |                             0010 |                             0010
                     P2S |                             0100 |                             0100
                     S2P |                             1000 |                             1000
---------------------------------------------------------------------------------------------------
INFO: [Synth 8-3898] No Re-encoding of one hot register 'current_state_reg' in module 'xsdbs_v1_0_2_reg_p2s__parameterized6'
---------------------------------------------------------------------------------------------------
                   State |                     New Encoding |                Previous Encoding 
---------------------------------------------------------------------------------------------------
*
                    IDLE |                             0001 |                             0001
                     REG |                             0010 |                             0010
                     P2S |                             0100 |                             0100
                     S2P |                             1000 |                             1000
---------------------------------------------------------------------------------------------------
INFO: [Synth 8-3898] No Re-encoding of one hot register 'current_state_reg' in module 'xsdbs_v1_0_2_reg_p2s__parameterized7'
---------------------------------------------------------------------------------------------------
                   State |                     New Encoding |                Previous Encoding 
---------------------------------------------------------------------------------------------------
*
                    IDLE |                             0001 |                             0001
                     REG |                             0010 |                             0010
                     P2S |                             0100 |                             0100
                     S2P |                             1000 |                             1000
---------------------------------------------------------------------------------------------------
INFO: [Synth 8-3898] No Re-encoding of one hot register 'current_state_reg' in module 'xsdbs_v1_0_2_reg_p2s__parameterized8'
---------------------------------------------------------------------------------------------------
                   State |                     New Encoding |                Previous Encoding 
---------------------------------------------------------------------------------------------------
*
                    IDLE |                             0001 |                             0001
                     REG |                             0010 |                             0010
                     P2S |                             0100 |                             0100
                     S2P |                             1000 |                             1000
---------------------------------------------------------------------------------------------------
INFO: [Synth 8-3898] No Re-encoding of one hot register 'current_state_reg' in module 'xsdbs_v1_0_2_reg_p2s__parameterized9'
---------------------------------------------------------------------------------------------------
                   State |                     New Encoding |                Previous Encoding 
---------------------------------------------------------------------------------------------------
*
                    IDLE |                             0001 |                             0001
                     REG |                             0010 |                             0010
                     P2S |                             0100 |                             0100
                     S2P |                             1000 |                             1000
---------------------------------------------------------------------------------------------------
INFO: [Synth 8-3898] No Re-encoding of one hot register 'current_state_reg' in module 'xsdbs_v1_0_2_reg_p2s__parameterized10'
---------------------------------------------------------------------------------------------------
                   State |                     New Encoding |                Previous Encoding 
---------------------------------------------------------------------------------------------------
*
              RESET_ADDR |                          0000001 |                          0000001
            REQUEST_READ |                          0000010 |                          0000010
           WAIT_READ_ACK |                          0000100 |                          0000100
             OUTPUT_DATA |                          0001000 |                          0001000
                    IDLE |                          0010000 |                          0010000
       INCREMENT_ADDRESS |                          1000000 |                          1000000
---------------------------------------------------------------------------------------------------
INFO: [Synth 8-3898] No Re-encoding of one hot register 'current_state_reg' in module 'ltlib_v1_0_0_generic_memrd'
---------------------------------------------------------------------------------
Finished RTL Optimization Phase 2 : Time (s): cpu = 00:00:28 ; elapsed = 00:00:31 . Memory (MB): peak = 3064.402 ; gain = 732.117 ; free physical = 14877 ; free virtual = 19580
---------------------------------------------------------------------------------
---------------------------------------------------------------------------------
Start RTL Component Statistics 
---------------------------------------------------------------------------------
---------------------------------------------------------------------------------
Finished RTL Component Statistics 
---------------------------------------------------------------------------------
---------------------------------------------------------------------------------
Start Part Resource Summary
---------------------------------------------------------------------------------
Part Resources:
DSPs: 1248 (col length:96)
BRAMs: 288 (col length: RAMB18 96 RAMB36 48)
---------------------------------------------------------------------------------
Finished Part Resource Summary
---------------------------------------------------------------------------------
---------------------------------------------------------------------------------
Start Cross Boundary and Area Optimization
---------------------------------------------------------------------------------
WARNING: [Synth 8-7080] Parallel synthesis criteria is not met
---------------------------------------------------------------------------------
Finished Cross Boundary and Area Optimization : Time (s): cpu = 00:00:34 ; elapsed = 00:00:36 . Memory (MB): peak = 3064.402 ; gain = 732.117 ; free physical = 13833 ; free virtual = 18544
---------------------------------------------------------------------------------
---------------------------------------------------------------------------------
Start Applying XDC Timing Constraints
---------------------------------------------------------------------------------
---------------------------------------------------------------------------------
Finished Applying XDC Timing Constraints : Time (s): cpu = 00:00:40 ; elapsed = 00:00:43 . Memory (MB): peak = 3263.176 ; gain = 930.891 ; free physical = 12646 ; free virtual = 17376
---------------------------------------------------------------------------------
---------------------------------------------------------------------------------
Start Timing Optimization
---------------------------------------------------------------------------------
---------------------------------------------------------------------------------
Finished Timing Optimization : Time (s): cpu = 00:00:40 ; elapsed = 00:00:44 . Memory (MB): peak = 3275.191 ; gain = 942.906 ; free physical = 12625 ; free virtual = 17356
---------------------------------------------------------------------------------
---------------------------------------------------------------------------------
Start Technology Mapping
---------------------------------------------------------------------------------
---------------------------------------------------------------------------------
Finished Technology Mapping : Time (s): cpu = 00:00:41 ; elapsed = 00:00:44 . Memory (MB): peak = 3295.230 ; gain = 962.945 ; free physical = 12548 ; free virtual = 17278
---------------------------------------------------------------------------------
---------------------------------------------------------------------------------
Start IO Insertion
---------------------------------------------------------------------------------
---------------------------------------------------------------------------------
Start Flattening Before IO Insertion
---------------------------------------------------------------------------------
---------------------------------------------------------------------------------
Finished Flattening Before IO Insertion
---------------------------------------------------------------------------------
---------------------------------------------------------------------------------
Start Final Netlist Cleanup
---------------------------------------------------------------------------------
---------------------------------------------------------------------------------
Finished Final Netlist Cleanup
---------------------------------------------------------------------------------
INFO: [Synth 8-3295] tying undriven pin dummy_inferred:in0 to constant 0
INFO: [Synth 8-3295] tying undriven pin inst:sl_iport0[36] to constant 0
INFO: [Synth 8-3295] tying undriven pin inst:sl_iport0[35] to constant 0
INFO: [Synth 8-3295] tying undriven pin inst:sl_iport0[34] to constant 0
INFO: [Synth 8-3295] tying undriven pin inst:sl_iport0[33] to constant 0
INFO: [Synth 8-3295] tying undriven pin inst:sl_iport0[32] to constant 0
INFO: [Synth 8-3295] tying undriven pin inst:sl_iport0[31] to constant 0
INFO: [Synth 8-3295] tying undriven pin inst:sl_iport0[30] to constant 0
INFO: [Synth 8-3295] tying undriven pin inst:sl_iport0[29] to constant 0
INFO: [Synth 8-3295] tying undriven pin inst:sl_iport0[28] to constant 0
INFO: [Synth 8-3295] tying undriven pin inst:sl_iport0[27] to constant 0
INFO: [Synth 8-3295] tying undriven pin inst:sl_iport0[26] to constant 0
INFO: [Synth 8-3295] tying undriven pin inst:sl_iport0[25] to constant 0
INFO: [Synth 8-3295] tying undriven pin inst:sl_iport0[24] to constant 0
INFO: [Synth 8-3295] tying undriven pin inst:sl_iport0[23] to constant 0
INFO: [Synth 8-3295] tying undriven pin inst:sl_iport0[22] to constant 0
INFO: [Synth 8-3295] tying undriven pin inst:sl_iport0[21] to constant 0
INFO: [Synth 8-3295] tying undriven pin inst:sl_iport0[20] to constant 0
INFO: [Synth 8-3295] tying undriven pin inst:sl_iport0[19] to constant 0
INFO: [Synth 8-3295] tying undriven pin inst:sl_iport0[18] to constant 0
INFO: [Synth 8-3295] tying undriven pin inst:sl_iport0[17] to constant 0
INFO: [Synth 8-3295] tying undriven pin inst:sl_iport0[16] to constant 0
INFO: [Synth 8-3295] tying undriven pin inst:sl_iport0[15] to constant 0
INFO: [Synth 8-3295] tying undriven pin inst:sl_iport0[14] to constant 0
INFO: [Synth 8-3295] tying undriven pin inst:sl_iport0[13] to constant 0
INFO: [Synth 8-3295] tying undriven pin inst:sl_iport0[12] to constant 0
INFO: [Synth 8-3295] tying undriven pin inst:sl_iport0[11] to constant 0
INFO: [Synth 8-3295] tying undriven pin inst:sl_iport0[10] to constant 0
INFO: [Synth 8-3295] tying undriven pin inst:sl_iport0[9] to constant 0
INFO: [Synth 8-3295] tying undriven pin inst:sl_iport0[8] to constant 0
INFO: [Synth 8-3295] tying undriven pin inst:sl_iport0[7] to constant 0
INFO: [Synth 8-3295] tying undriven pin inst:sl_iport0[6] to constant 0
INFO: [Synth 8-3295] tying undriven pin inst:sl_iport0[5] to constant 0
INFO: [Synth 8-3295] tying undriven pin inst:sl_iport0[4] to constant 0
INFO: [Synth 8-3295] tying undriven pin inst:sl_iport0[3] to constant 0
INFO: [Synth 8-3295] tying undriven pin inst:sl_iport0[2] to constant 0
INFO: [Synth 8-3295] tying undriven pin inst:sl_iport0[1] to constant 0
INFO: [Synth 8-3295] tying undriven pin inst:sl_iport0[0] to constant 0
INFO: [Synth 8-3295] tying undriven pin inst:trig_in to constant 0
INFO: [Synth 8-3295] tying undriven pin inst:trig_out_ack to constant 0
---------------------------------------------------------------------------------
Finished IO Insertion : Time (s): cpu = 00:00:42 ; elapsed = 00:00:46 . Memory (MB): peak = 3299.199 ; gain = 966.914 ; free physical = 17028 ; free virtual = 21761
---------------------------------------------------------------------------------
---------------------------------------------------------------------------------
Start Renaming Generated Instances
---------------------------------------------------------------------------------
---------------------------------------------------------------------------------
Finished Renaming Generated Instances : Time (s): cpu = 00:00:42 ; elapsed = 00:00:46 . Memory (MB): peak = 3299.199 ; gain = 966.914 ; free physical = 17028 ; free virtual = 21761
---------------------------------------------------------------------------------
---------------------------------------------------------------------------------
Start Rebuilding User Hierarchy
---------------------------------------------------------------------------------
---------------------------------------------------------------------------------
Finished Rebuilding User Hierarchy : Time (s): cpu = 00:00:42 ; elapsed = 00:00:46 . Memory (MB): peak = 3299.199 ; gain = 966.914 ; free physical = 17028 ; free virtual = 21761
---------------------------------------------------------------------------------
---------------------------------------------------------------------------------
Start Renaming Generated Ports
---------------------------------------------------------------------------------
---------------------------------------------------------------------------------
Finished Renaming Generated Ports : Time (s): cpu = 00:00:42 ; elapsed = 00:00:46 . Memory (MB): peak = 3299.199 ; gain = 966.914 ; free physical = 17028 ; free virtual = 21761
---------------------------------------------------------------------------------
---------------------------------------------------------------------------------
Start Handling Custom Attributes
---------------------------------------------------------------------------------
---------------------------------------------------------------------------------
Finished Handling Custom Attributes : Time (s): cpu = 00:00:42 ; elapsed = 00:00:46 . Memory (MB): peak = 3299.199 ; gain = 966.914 ; free physical = 17028 ; free virtual = 21761
---------------------------------------------------------------------------------
---------------------------------------------------------------------------------
Start Renaming Generated Nets
---------------------------------------------------------------------------------
---------------------------------------------------------------------------------
Finished Renaming Generated Nets : Time (s): cpu = 00:00:43 ; elapsed = 00:00:46 . Memory (MB): peak = 3299.199 ; gain = 966.914 ; free physical = 17028 ; free virtual = 21761
---------------------------------------------------------------------------------
---------------------------------------------------------------------------------
Start Writing Synthesis Report
---------------------------------------------------------------------------------

Report BlackBoxes: 
+-+--------------+----------+
| |BlackBox name |Instances |
+-+--------------+----------+
+-+--------------+----------+

Report Cell Usage: 
+------+---------+------+
|      |Cell     |Count |
+------+---------+------+
|1     |CARRY4   |    32|
|2     |CARRY8   |     4|
|3     |CFGLUT5  |    86|
|4     |LUT1     |    37|
|5     |LUT2     |    42|
|6     |LUT3     |   118|
|7     |LUT4     |   152|
|8     |LUT5     |    98|
|9     |LUT6     |   582|
|10    |MUXF7    |     4|
|11    |RAMB36E2 |     5|
|13    |SRL16E   |    14|
|14    |SRLC16E  |     2|
|15    |SRLC32E  |    17|
|16    |FDRE     |  1557|
|17    |FDSE     |    10|
+------+---------+------+
---------------------------------------------------------------------------------
Finished Writing Synthesis Report : Time (s): cpu = 00:00:43 ; elapsed = 00:00:46 . Memory (MB): peak = 3299.199 ; gain = 966.914 ; free physical = 17028 ; free virtual = 21761
---------------------------------------------------------------------------------
Synthesis finished with 0 errors, 0 critical warnings and 2977 warnings.
Synthesis Optimization Runtime : Time (s): cpu = 00:00:37 ; elapsed = 00:00:40 . Memory (MB): peak = 3299.199 ; gain = 902.883 ; free physical = 17027 ; free virtual = 21761
Synthesis Optimization Complete : Time (s): cpu = 00:00:43 ; elapsed = 00:00:46 . Memory (MB): peak = 3299.207 ; gain = 966.914 ; free physical = 17027 ; free virtual = 21761
INFO: [Project 1-571] Translating synthesized netlist
Netlist sorting complete. Time (s): cpu = 00:00:00.01 ; elapsed = 00:00:00.01 . Memory (MB): peak = 3299.207 ; gain = 0.000 ; free physical = 17307 ; free virtual = 22040
INFO: [Netlist 29-17] Analyzing 126 Unisim elements for replacement
INFO: [Netlist 29-28] Unisim Transformation completed in 0 CPU seconds
INFO: [Project 1-570] Preparing netlist for logic optimization
INFO: [Opt 31-138] Pushed 0 inverter(s) to 0 load pin(s).
Netlist sorting complete. Time (s): cpu = 00:00:00 ; elapsed = 00:00:00 . Memory (MB): peak = 3364.902 ; gain = 0.000 ; free physical = 17280 ; free virtual = 22013
INFO: [Project 1-111] Unisim Transformation Summary:
  A total of 104 instances were transformed.
  (CARRY4) => CARRY8: 18 instances
  CFGLUT5 => CFGLUT5 (SRL16E, SRLC32E): 72 instances
  CFGLUT5 => SRLC32E: 14 instances

Synth Design complete | Checksum: df19b325
INFO: [Common 17-83] Releasing license: Synthesis
207 Infos, 121 Warnings, 0 Critical Warnings and 0 Errors encountered.
synth_design completed successfully
synth_design: Time (s): cpu = 00:00:49 ; elapsed = 00:00:51 . Memory (MB): peak = 3364.902 ; gain = 1972.824 ; free physical = 17280 ; free virtual = 22013
INFO: [Common 17-2834] synth_design peak Physical Memory [PSS] (MB): overall = 2467.256; main = 2397.971; forked = 311.942
INFO: [Common 17-2834] synth_design peak Virtual Memory [VSS] (MB): overall = 4060.734; main = 3364.906; forked = 996.336
INFO: [Common 17-1381] The checkpoint '/home/ug3/Repos/ug3-seeg/ug3-seeg.runs/seeg_zynq_system_ila_0_0_synth_1/seeg_zynq_system_ila_0_0.dcp' has been generated.
INFO: [Coretcl 2-1648] Added synthesis output to IP cache for IP seeg_zynq_system_ila_0_0, cache-ID = a3f6c1a44667f568
INFO: [Coretcl 2-1174] Renamed 162 cell refs.
INFO: [Common 17-1381] The checkpoint '/home/ug3/Repos/ug3-seeg/ug3-seeg.runs/seeg_zynq_system_ila_0_0_synth_1/seeg_zynq_system_ila_0_0.dcp' has been generated.
INFO: [runtcl-4] Executing : report_utilization -file seeg_zynq_system_ila_0_0_utilization_synth.rpt -pb seeg_zynq_system_ila_0_0_utilization_synth.pb
INFO: [Common 17-206] Exiting Vivado at Mon Mar 31 23:13:45 2025...
