
*** Running vivado
    with args -log seeg_zynq_clk_wiz_0_0.vds -m64 -product Vivado -mode batch -messageDb vivado.pb -notrace -source seeg_zynq_clk_wiz_0_0.tcl


****** Vivado v2023.1 (64-bit)
  **** SW Build 3865809 on Sun May  7 15:04:56 MDT 2023
  **** IP Build 3864474 on Sun May  7 20:36:21 MDT 2023
  **** SharedData Build 3865790 on Sun May 07 13:33:03 MDT 2023
    ** Copyright 1986-2022 Xilinx, Inc. All Rights Reserved.
    ** Copyright 2022-2023 Advanced Micro Devices, Inc. All Rights Reserved.

source seeg_zynq_clk_wiz_0_0.tcl -notrace
INFO: [IP_Flow 19-6924] IPCACHE: Running cache check for IP inst: seeg_zynq_clk_wiz_0_0
Command: synth_design -top seeg_zynq_clk_wiz_0_0 -part xck26-sfvc784-2LV-c -incremental_mode off -mode out_of_context
Starting synth_design
Attempting to get a license for feature 'Synthesis' and/or device 'xck26'
INFO: [Common 17-349] Got license for feature 'Synthesis' and/or device 'xck26'
INFO: [Device 21-403] Loading part xck26-sfvc784-2LV-c
INFO: [Synth 8-7079] Multithreading enabled for synth_design using a maximum of 4 processes.
INFO: [Synth 8-7078] Launching helper process for spawning children vivado processes
INFO: [Synth 8-7075] Helper process launched with PID 25896
---------------------------------------------------------------------------------
Starting RTL Elaboration : Time (s): cpu = 00:00:03 ; elapsed = 00:00:03 . Memory (MB): peak = 2559.867 ; gain = 258.828 ; free physical = 9623 ; free virtual = 14921
---------------------------------------------------------------------------------
INFO: [Synth 8-6157] synthesizing module 'seeg_zynq_clk_wiz_0_0' [/home/ug3/Repos/ug3-seeg/ug3-seeg.gen/sources_1/bd/seeg_zynq/ip/seeg_zynq_clk_wiz_0_0/seeg_zynq_clk_wiz_0_0.v:68]
INFO: [Synth 8-6157] synthesizing module 'seeg_zynq_clk_wiz_0_0_clk_wiz' [/home/ug3/Repos/ug3-seeg/ug3-seeg.gen/sources_1/bd/seeg_zynq/ip/seeg_zynq_clk_wiz_0_0/seeg_zynq_clk_wiz_0_0_clk_wiz.v:68]
INFO: [Synth 8-6157] synthesizing module 'IBUF' [/home/ug3/Xilinx/Vivado/2023.1/scripts/rt/data/unisim_comp.v:71768]
INFO: [Synth 8-6155] done synthesizing module 'IBUF' (0#1) [/home/ug3/Xilinx/Vivado/2023.1/scripts/rt/data/unisim_comp.v:71768]
INFO: [Synth 8-6157] synthesizing module 'MMCME4_ADV' [/home/ug3/Xilinx/Vivado/2023.1/scripts/rt/data/unisim_comp.v:80704]
	Parameter BANDWIDTH bound to: OPTIMIZED - type: string 
	Parameter CLKFBOUT_MULT_F bound to: 111.250000 - type: double 
	Parameter CLKFBOUT_PHASE bound to: 0.000000 - type: double 
	Parameter CLKFBOUT_USE_FINE_PS bound to: FALSE - type: string 
	Parameter CLKIN1_PERIOD bound to: 10.000000 - type: double 
	Parameter CLKOUT0_DIVIDE_F bound to: 20.375000 - type: double 
	Parameter CLKOUT0_DUTY_CYCLE bound to: 0.500000 - type: double 
	Parameter CLKOUT0_PHASE bound to: 0.000000 - type: double 
	Parameter CLKOUT0_USE_FINE_PS bound to: FALSE - type: string 
	Parameter CLKOUT4_CASCADE bound to: FALSE - type: string 
	Parameter COMPENSATION bound to: AUTO - type: string 
	Parameter DIVCLK_DIVIDE bound to: 7 - type: integer 
	Parameter STARTUP_WAIT bound to: FALSE - type: string 
INFO: [Synth 8-6155] done synthesizing module 'MMCME4_ADV' (0#1) [/home/ug3/Xilinx/Vivado/2023.1/scripts/rt/data/unisim_comp.v:80704]
INFO: [Synth 8-6157] synthesizing module 'BUFG' [/home/ug3/Xilinx/Vivado/2023.1/scripts/rt/data/unisim_comp.v:1519]
INFO: [Synth 8-6155] done synthesizing module 'BUFG' (0#1) [/home/ug3/Xilinx/Vivado/2023.1/scripts/rt/data/unisim_comp.v:1519]
INFO: [Synth 8-6155] done synthesizing module 'seeg_zynq_clk_wiz_0_0_clk_wiz' (0#1) [/home/ug3/Repos/ug3-seeg/ug3-seeg.gen/sources_1/bd/seeg_zynq/ip/seeg_zynq_clk_wiz_0_0/seeg_zynq_clk_wiz_0_0_clk_wiz.v:68]
INFO: [Synth 8-6155] done synthesizing module 'seeg_zynq_clk_wiz_0_0' (0#1) [/home/ug3/Repos/ug3-seeg/ug3-seeg.gen/sources_1/bd/seeg_zynq/ip/seeg_zynq_clk_wiz_0_0/seeg_zynq_clk_wiz_0_0.v:68]
---------------------------------------------------------------------------------
Finished RTL Elaboration : Time (s): cpu = 00:00:03 ; elapsed = 00:00:04 . Memory (MB): peak = 2629.773 ; gain = 328.734 ; free physical = 8879 ; free virtual = 14200
---------------------------------------------------------------------------------
---------------------------------------------------------------------------------
Start Handling Custom Attributes
---------------------------------------------------------------------------------
---------------------------------------------------------------------------------
Finished Handling Custom Attributes : Time (s): cpu = 00:00:03 ; elapsed = 00:00:04 . Memory (MB): peak = 2629.773 ; gain = 328.734 ; free physical = 8879 ; free virtual = 14191
---------------------------------------------------------------------------------
---------------------------------------------------------------------------------
Finished RTL Optimization Phase 1 : Time (s): cpu = 00:00:03 ; elapsed = 00:00:04 . Memory (MB): peak = 2629.773 ; gain = 328.734 ; free physical = 8878 ; free virtual = 14190
---------------------------------------------------------------------------------
Netlist sorting complete. Time (s): cpu = 00:00:00 ; elapsed = 00:00:00 . Memory (MB): peak = 2629.773 ; gain = 0.000 ; free physical = 8840 ; free virtual = 14161
INFO: [Netlist 29-17] Analyzing 3 Unisim elements for replacement
INFO: [Netlist 29-28] Unisim Transformation completed in 0 CPU seconds
INFO: [Project 1-570] Preparing netlist for logic optimization

Processing XDC Constraints
Initializing timing engine
Parsing XDC File [/home/ug3/Repos/ug3-seeg/ug3-seeg.gen/sources_1/bd/seeg_zynq/ip/seeg_zynq_clk_wiz_0_0/seeg_zynq_clk_wiz_0_0_ooc.xdc] for cell 'inst'
Finished Parsing XDC File [/home/ug3/Repos/ug3-seeg/ug3-seeg.gen/sources_1/bd/seeg_zynq/ip/seeg_zynq_clk_wiz_0_0/seeg_zynq_clk_wiz_0_0_ooc.xdc] for cell 'inst'
Parsing XDC File [/home/ug3/Repos/ug3-seeg/ug3-seeg.gen/sources_1/bd/seeg_zynq/ip/seeg_zynq_clk_wiz_0_0/seeg_zynq_clk_wiz_0_0_board.xdc] for cell 'inst'
Finished Parsing XDC File [/home/ug3/Repos/ug3-seeg/ug3-seeg.gen/sources_1/bd/seeg_zynq/ip/seeg_zynq_clk_wiz_0_0/seeg_zynq_clk_wiz_0_0_board.xdc] for cell 'inst'
Parsing XDC File [/home/ug3/Repos/ug3-seeg/ug3-seeg.gen/sources_1/bd/seeg_zynq/ip/seeg_zynq_clk_wiz_0_0/seeg_zynq_clk_wiz_0_0.xdc] for cell 'inst'
create_clock: Time (s): cpu = 00:00:04 ; elapsed = 00:00:05 . Memory (MB): peak = 2693.805 ; gain = 0.000 ; free physical = 3809 ; free virtual = 9110
Finished Parsing XDC File [/home/ug3/Repos/ug3-seeg/ug3-seeg.gen/sources_1/bd/seeg_zynq/ip/seeg_zynq_clk_wiz_0_0/seeg_zynq_clk_wiz_0_0.xdc] for cell 'inst'
INFO: [Project 1-236] Implementation specific constraints were found while reading constraint file [/home/ug3/Repos/ug3-seeg/ug3-seeg.gen/sources_1/bd/seeg_zynq/ip/seeg_zynq_clk_wiz_0_0/seeg_zynq_clk_wiz_0_0.xdc]. These constraints will be ignored for synthesis but will be used in implementation. Impacted constraints are listed in the file [.Xil/seeg_zynq_clk_wiz_0_0_propImpl.xdc].
Resolution: To avoid this warning, move constraints listed in [.Xil/seeg_zynq_clk_wiz_0_0_propImpl.xdc] to another XDC file and exclude this new file from synthesis with the used_in_synthesis property (File Properties dialog in GUI) and re-run elaboration/synthesis.
INFO: [Timing 38-2] Deriving generated clocks
Parsing XDC File [/home/ug3/Repos/ug3-seeg/ug3-seeg.runs/seeg_zynq_clk_wiz_0_0_synth_1/dont_touch.xdc]
Finished Parsing XDC File [/home/ug3/Repos/ug3-seeg/ug3-seeg.runs/seeg_zynq_clk_wiz_0_0_synth_1/dont_touch.xdc]
Completed Processing XDC Constraints

Netlist sorting complete. Time (s): cpu = 00:00:00 ; elapsed = 00:00:00 . Memory (MB): peak = 2693.805 ; gain = 0.000 ; free physical = 3806 ; free virtual = 9107
INFO: [Project 1-111] Unisim Transformation Summary:
  A total of 2 instances were transformed.
  BUFG => BUFGCE: 1 instance 
  IBUF => IBUF (IBUFCTRL, INBUF): 1 instance 

Constraint Validation Runtime : Time (s): cpu = 00:00:00 ; elapsed = 00:00:00.01 . Memory (MB): peak = 2693.805 ; gain = 0.000 ; free physical = 3804 ; free virtual = 9105
INFO: [Designutils 20-5008] Incremental synthesis strategy off
---------------------------------------------------------------------------------
Finished Constraint Validation : Time (s): cpu = 00:00:12 ; elapsed = 00:00:14 . Memory (MB): peak = 2693.805 ; gain = 392.766 ; free physical = 2987 ; free virtual = 8294
---------------------------------------------------------------------------------
---------------------------------------------------------------------------------
Start Loading Part and Timing Information
---------------------------------------------------------------------------------
Loading part: xck26-sfvc784-2LV-c
INFO: [Synth 8-6742] Reading net delay rules and data
---------------------------------------------------------------------------------
Finished Loading Part and Timing Information : Time (s): cpu = 00:00:12 ; elapsed = 00:00:14 . Memory (MB): peak = 2693.805 ; gain = 392.766 ; free physical = 2987 ; free virtual = 8293
---------------------------------------------------------------------------------
---------------------------------------------------------------------------------
Start Applying 'set_property' XDC Constraints
---------------------------------------------------------------------------------
Applied set_property KEEP_HIERARCHY = SOFT for inst. (constraint file  /home/ug3/Repos/ug3-seeg/ug3-seeg.runs/seeg_zynq_clk_wiz_0_0_synth_1/dont_touch.xdc, line 9).
---------------------------------------------------------------------------------
Finished applying 'set_property' XDC Constraints : Time (s): cpu = 00:00:12 ; elapsed = 00:00:14 . Memory (MB): peak = 2693.805 ; gain = 392.766 ; free physical = 2983 ; free virtual = 8290
---------------------------------------------------------------------------------
---------------------------------------------------------------------------------
Finished RTL Optimization Phase 2 : Time (s): cpu = 00:00:12 ; elapsed = 00:00:14 . Memory (MB): peak = 2693.805 ; gain = 392.766 ; free physical = 2949 ; free virtual = 8265
---------------------------------------------------------------------------------
---------------------------------------------------------------------------------
Start RTL Component Statistics 
---------------------------------------------------------------------------------
Detailed RTL Component Info : 
---------------------------------------------------------------------------------
Finished RTL Component Statistics 
---------------------------------------------------------------------------------
---------------------------------------------------------------------------------
Start Part Resource Summary
---------------------------------------------------------------------------------
Part Resources:
DSPs: 1248 (col length:96)
BRAMs: 288 (col length: RAMB18 96 RAMB36 48)
---------------------------------------------------------------------------------
Finished Part Resource Summary
---------------------------------------------------------------------------------
---------------------------------------------------------------------------------
Start Cross Boundary and Area Optimization
---------------------------------------------------------------------------------
WARNING: [Synth 8-7080] Parallel synthesis criteria is not met
---------------------------------------------------------------------------------
Finished Cross Boundary and Area Optimization : Time (s): cpu = 00:00:13 ; elapsed = 00:00:15 . Memory (MB): peak = 2693.805 ; gain = 392.766 ; free physical = 2809 ; free virtual = 8132
---------------------------------------------------------------------------------
---------------------------------------------------------------------------------
Start Applying XDC Timing Constraints
---------------------------------------------------------------------------------
---------------------------------------------------------------------------------
Finished Applying XDC Timing Constraints : Time (s): cpu = 00:00:20 ; elapsed = 00:00:23 . Memory (MB): peak = 3165.680 ; gain = 864.641 ; free physical = 1282 ; free virtual = 6601
---------------------------------------------------------------------------------
---------------------------------------------------------------------------------
Start Timing Optimization
---------------------------------------------------------------------------------
---------------------------------------------------------------------------------
Finished Timing Optimization : Time (s): cpu = 00:00:20 ; elapsed = 00:00:23 . Memory (MB): peak = 3165.680 ; gain = 864.641 ; free physical = 1281 ; free virtual = 6600
---------------------------------------------------------------------------------
---------------------------------------------------------------------------------
Start Technology Mapping
---------------------------------------------------------------------------------
---------------------------------------------------------------------------------
Finished Technology Mapping : Time (s): cpu = 00:00:20 ; elapsed = 00:00:23 . Memory (MB): peak = 3175.695 ; gain = 874.656 ; free physical = 1271 ; free virtual = 6590
---------------------------------------------------------------------------------
---------------------------------------------------------------------------------
Start IO Insertion
---------------------------------------------------------------------------------
---------------------------------------------------------------------------------
Start Flattening Before IO Insertion
---------------------------------------------------------------------------------
---------------------------------------------------------------------------------
Finished Flattening Before IO Insertion
---------------------------------------------------------------------------------
---------------------------------------------------------------------------------
Start Final Netlist Cleanup
---------------------------------------------------------------------------------
---------------------------------------------------------------------------------
Finished Final Netlist Cleanup
---------------------------------------------------------------------------------
---------------------------------------------------------------------------------
Finished IO Insertion : Time (s): cpu = 00:00:22 ; elapsed = 00:00:25 . Memory (MB): peak = 3191.539 ; gain = 890.500 ; free physical = 974 ; free virtual = 6295
---------------------------------------------------------------------------------
---------------------------------------------------------------------------------
Start Renaming Generated Instances
---------------------------------------------------------------------------------
---------------------------------------------------------------------------------
Finished Renaming Generated Instances : Time (s): cpu = 00:00:22 ; elapsed = 00:00:25 . Memory (MB): peak = 3191.539 ; gain = 890.500 ; free physical = 974 ; free virtual = 6295
---------------------------------------------------------------------------------
---------------------------------------------------------------------------------
Start Rebuilding User Hierarchy
---------------------------------------------------------------------------------
---------------------------------------------------------------------------------
Finished Rebuilding User Hierarchy : Time (s): cpu = 00:00:22 ; elapsed = 00:00:25 . Memory (MB): peak = 3191.539 ; gain = 890.500 ; free physical = 973 ; free virtual = 6295
---------------------------------------------------------------------------------
---------------------------------------------------------------------------------
Start Renaming Generated Ports
---------------------------------------------------------------------------------
---------------------------------------------------------------------------------
Finished Renaming Generated Ports : Time (s): cpu = 00:00:22 ; elapsed = 00:00:25 . Memory (MB): peak = 3191.539 ; gain = 890.500 ; free physical = 973 ; free virtual = 6295
---------------------------------------------------------------------------------
---------------------------------------------------------------------------------
Start Handling Custom Attributes
---------------------------------------------------------------------------------
---------------------------------------------------------------------------------
Finished Handling Custom Attributes : Time (s): cpu = 00:00:22 ; elapsed = 00:00:25 . Memory (MB): peak = 3191.539 ; gain = 890.500 ; free physical = 973 ; free virtual = 6295
---------------------------------------------------------------------------------
---------------------------------------------------------------------------------
Start Renaming Generated Nets
---------------------------------------------------------------------------------
---------------------------------------------------------------------------------
Finished Renaming Generated Nets : Time (s): cpu = 00:00:22 ; elapsed = 00:00:25 . Memory (MB): peak = 3191.539 ; gain = 890.500 ; free physical = 973 ; free virtual = 6295
---------------------------------------------------------------------------------
---------------------------------------------------------------------------------
Start Writing Synthesis Report
---------------------------------------------------------------------------------

Report BlackBoxes: 
+-+--------------+----------+
| |BlackBox name |Instances |
+-+--------------+----------+
+-+--------------+----------+

Report Cell Usage: 
+------+-----------+------+
|      |Cell       |Count |
+------+-----------+------+
|1     |BUFG       |     1|
|2     |MMCME4_ADV |     1|
|3     |IBUF       |     1|
+------+-----------+------+
---------------------------------------------------------------------------------
Finished Writing Synthesis Report : Time (s): cpu = 00:00:22 ; elapsed = 00:00:25 . Memory (MB): peak = 3191.539 ; gain = 890.500 ; free physical = 973 ; free virtual = 6295
---------------------------------------------------------------------------------
Synthesis finished with 0 errors, 0 critical warnings and 1 warnings.
Synthesis Optimization Runtime : Time (s): cpu = 00:00:17 ; elapsed = 00:00:18 . Memory (MB): peak = 3191.539 ; gain = 826.469 ; free physical = 972 ; free virtual = 6293
Synthesis Optimization Complete : Time (s): cpu = 00:00:22 ; elapsed = 00:00:25 . Memory (MB): peak = 3191.547 ; gain = 890.500 ; free physical = 972 ; free virtual = 6293
INFO: [Project 1-571] Translating synthesized netlist
Netlist sorting complete. Time (s): cpu = 00:00:00 ; elapsed = 00:00:00 . Memory (MB): peak = 3191.547 ; gain = 0.000 ; free physical = 972 ; free virtual = 6293
INFO: [Netlist 29-17] Analyzing 3 Unisim elements for replacement
INFO: [Netlist 29-28] Unisim Transformation completed in 0 CPU seconds
INFO: [Project 1-570] Preparing netlist for logic optimization
INFO: [Opt 31-138] Pushed 0 inverter(s) to 0 load pin(s).
INFO: [Opt 31-326] The CLKFBOUT to CLKFBIN net for instance inst/mmcme4_adv_inst with COMPENSATION=INTERNAL is optimized away to aid design routability
Netlist sorting complete. Time (s): cpu = 00:00:00 ; elapsed = 00:00:00 . Memory (MB): peak = 3223.227 ; gain = 0.000 ; free physical = 1167 ; free virtual = 6509
INFO: [Project 1-111] Unisim Transformation Summary:
  A total of 2 instances were transformed.
  BUFG => BUFGCE: 1 instance 
  IBUF => IBUF (IBUFCTRL, INBUF): 1 instance 

Synth Design complete | Checksum: a6edb356
INFO: [Common 17-83] Releasing license: Synthesis
32 Infos, 1 Warnings, 0 Critical Warnings and 0 Errors encountered.
synth_design completed successfully
synth_design: Time (s): cpu = 00:00:28 ; elapsed = 00:00:29 . Memory (MB): peak = 3223.227 ; gain = 1841.316 ; free physical = 1163 ; free virtual = 6506
INFO: [Common 17-2834] synth_design peak Physical Memory [PSS] (MB): overall = 2183.541; main = 2183.193; forked = 293.768
INFO: [Common 17-2834] synth_design peak Virtual Memory [VSS] (MB): overall = 3853.773; main = 3223.230; forked = 996.340
INFO: [Common 17-1381] The checkpoint '/home/ug3/Repos/ug3-seeg/ug3-seeg.runs/seeg_zynq_clk_wiz_0_0_synth_1/seeg_zynq_clk_wiz_0_0.dcp' has been generated.
INFO: [Coretcl 2-1648] Added synthesis output to IP cache for IP seeg_zynq_clk_wiz_0_0, cache-ID = d4d6a24fd2584452
INFO: [Common 17-1381] The checkpoint '/home/ug3/Repos/ug3-seeg/ug3-seeg.runs/seeg_zynq_clk_wiz_0_0_synth_1/seeg_zynq_clk_wiz_0_0.dcp' has been generated.
INFO: [runtcl-4] Executing : report_utilization -file seeg_zynq_clk_wiz_0_0_utilization_synth.rpt -pb seeg_zynq_clk_wiz_0_0_utilization_synth.pb
INFO: [Common 17-206] Exiting Vivado at Mon Mar 31 23:13:18 2025...
